#
# There is insufficient memory for the Java Runtime Environment to continue.
# Native memory allocation (malloc) failed to allocate 118176 bytes. Error detail: Chunk::new
# Possible reasons:
#   The system is out of physical RAM or swap space
#   This process is running with CompressedOops enabled, and the Java Heap may be blocking the growth of the native heap
# Possible solutions:
#   Reduce memory load on the system
#   Increase physical memory or swap space
#   Check if swap backing store is full
#   Decrease Java heap size (-Xmx/-Xms)
#   Decrease number of Java threads
#   Decrease Java thread stack sizes (-Xss)
#   Set larger code cache with -XX:ReservedCodeCacheSize=
#   JVM is running with Unscaled Compressed Oops mode in which the Java heap is
#     placed in the first 4GB address space. The Java Heap base address is the
#     maximum limit for the native heap growth. Please use -XX:HeapBaseMinAddress
#     to set the Java Heap base and to place the Java Heap above 4GB virtual address.
# This output file may be truncated or incomplete.
#
#  Out of Memory Error (arena.cpp:168), pid=50308, tid=52116
#
# JRE version: OpenJDK Runtime Environment Temurin-21.0.12.1+1 (21.0.12.1+1) (build 21.0.12.1+1-LTS)
# Java VM: OpenJDK 64-Bit Server VM Temurin-21.0.12.1+1 (21.0.12.1+1-LTS, mixed mode, sharing, tiered, compressed oops, compressed class ptrs, g1 gc, windows-amd64)
# No core dump will be written. Minidumps are not enabled by default on client versions of Windows
#

---------------  S U M M A R Y ------------

Command Line: --add-opens=java.base/java.lang=ALL-UNNAMED --add-opens=java.base/java.lang.invoke=ALL-UNNAMED --add-opens=java.base/java.util=ALL-UNNAMED --add-opens=java.prefs/java.util.prefs=ALL-UNNAMED --add-exports=jdk.compiler/com.sun.tools.javac.api=ALL-UNNAMED --add-exports=jdk.compiler/com.sun.tools.javac.util=ALL-UNNAMED --add-opens=java.base/java.nio.charset=ALL-UNNAMED --add-opens=java.base/java.net=ALL-UNNAMED --add-opens=java.base/java.util.concurrent=ALL-UNNAMED --add-opens=java.base/java.util.concurrent.atomic=ALL-UNNAMED --add-opens=java.xml/javax.xml.namespace=ALL-UNNAMED --add-opens=java.base/java.time=ALL-UNNAMED -XX:MaxMetaspaceSize=384m -XX:+HeapDumpOnOutOfMemoryError -Xms256m -Xmx512m -Dfile.encoding=UTF-8 -Duser.country=KR -Duser.language=ko -Duser.variant -javaagent:C:\Users\yoohy\.gradle\wrapper\dists\gradle-9.5.1-bin\iq79hdu3mqx29lgffhp8bfmx\gradle-9.5.1\lib\agents\gradle-instrumentation-agent-9.5.1.jar org.gradle.launcher.daemon.bootstrap.GradleDaemon 9.5.1

Host: Intel(R) Core(TM) Ultra 5 125H, 18 cores, 15G,  Windows 11 , 64 bit Build 26100 (10.0.26100.9168)
Time: Mon Sep  7 10:24:57 2026 elapsed time: 187.090332 seconds (0d 0h 3m 7s)

---------------  T H R E A D  ---------------

Current thread (0x000001e5b05f11f0):  JavaThread "C2 CompilerThread0" daemon [_thread_in_native, id=52116, stack(0x0000005824c00000,0x0000005824d00000) (1024K)]


Current CompileTask:
C2:187090 4741       4       java.io.BufferedInputStream::implRead (112 bytes)

Stack: [0x0000005824c00000,0x0000005824d00000]
Native frames: (J=compiled Java code, j=interpreted, Vv=VM code, C=native code)
V  [jvm.dll+0x6d83e9]
V  [jvm.dll+0x8b5736]
V  [jvm.dll+0x8b7cee]
V  [jvm.dll+0x8b83d3]
V  [jvm.dll+0x284596]
V  [jvm.dll+0xc685d]
V  [jvm.dll+0xc6da1]
V  [jvm.dll+0x2fb5ae]
V  [jvm.dll+0x5fee94]
V  [jvm.dll+0x255d67]
V  [jvm.dll+0x24ddab]
V  [jvm.dll+0x24bbe6]
V  [jvm.dll+0x1cb4ae]
V  [jvm.dll+0x25baad]
V  [jvm.dll+0x25a03a]
V  [jvm.dll+0x3f8aae]
V  [jvm.dll+0x8600cd]
V  [jvm.dll+0x6d6c1d]
C  [ucrtbase.dll+0x2cd30]
C  [KERNEL32.DLL+0x2ccb7]
C  [ntdll.dll+0xaad6c]


---------------  P R O C E S S  ---------------

Threads class SMR info:
_java_thread_list=0x000001e5cbc15560, length=34, elements={
0x000001e599f0da30, 0x000001e5b05e3bd0, 0x000001e5b05e9370, 0x000001e5b05ecb00,
0x000001e5b05ed560, 0x000001e5b05efa00, 0x000001e5b05f0460, 0x000001e5b05f11f0,
0x000001e5b05f8f30, 0x000001e5b07ac010, 0x000001e5b08346e0, 0x000001e5ca866d00,
0x000001e5cad8da70, 0x000001e5ca6bc8f0, 0x000001e5cabacf10, 0x000001e5cbadef20,
0x000001e5cad27290, 0x000001e5cabaf5d0, 0x000001e5cbe00720, 0x000001e5cbdff370,
0x000001e5cbe00db0, 0x000001e5cbdffa00, 0x000001e5cbdfe650, 0x000001e5cbe01440,
0x000001e5cc9c57c0, 0x000001e5cc9c64e0, 0x000001e5cc9c7f20, 0x000001e5cc9c7890,
0x000001e5cc9c92d0, 0x000001e5cc9c85b0, 0x000001e5cc9c5e50, 0x000001e5cc9ca680,
0x000001e5cc9c9960, 0x000001e5cc9c9ff0
}

Java Threads: ( => current thread )
  0x000001e599f0da30 JavaThread "main"                              [_thread_blocked, id=40508, stack(0x0000005823e00000,0x0000005823f00000) (1024K)]
  0x000001e5b05e3bd0 JavaThread "Reference Handler"          daemon [_thread_blocked, id=51248, stack(0x0000005824600000,0x0000005824700000) (1024K)]
  0x000001e5b05e9370 JavaThread "Finalizer"                  daemon [_thread_blocked, id=53216, stack(0x0000005824700000,0x0000005824800000) (1024K)]
  0x000001e5b05ecb00 JavaThread "Signal Dispatcher"          daemon [_thread_blocked, id=10084, stack(0x0000005824800000,0x0000005824900000) (1024K)]
  0x000001e5b05ed560 JavaThread "Attach Listener"            daemon [_thread_blocked, id=47860, stack(0x0000005824900000,0x0000005824a00000) (1024K)]
  0x000001e5b05efa00 JavaThread "Service Thread"             daemon [_thread_blocked, id=41096, stack(0x0000005824a00000,0x0000005824b00000) (1024K)]
  0x000001e5b05f0460 JavaThread "Monitor Deflation Thread"   daemon [_thread_blocked, id=36932, stack(0x0000005824b00000,0x0000005824c00000) (1024K)]
=>0x000001e5b05f11f0 JavaThread "C2 CompilerThread0"         daemon [_thread_in_native, id=52116, stack(0x0000005824c00000,0x0000005824d00000) (1024K)]
  0x000001e5b05f8f30 JavaThread "C1 CompilerThread0"         daemon [_thread_blocked, id=50256, stack(0x0000005824d00000,0x0000005824e00000) (1024K)]
  0x000001e5b07ac010 JavaThread "Common-Cleaner"             daemon [_thread_blocked, id=51932, stack(0x0000005825100000,0x0000005825200000) (1024K)]
  0x000001e5b08346e0 JavaThread "Notification Thread"        daemon [_thread_blocked, id=52272, stack(0x0000005825200000,0x0000005825300000) (1024K)]
  0x000001e5ca866d00 JavaThread "Daemon health stats"               [_thread_blocked, id=53552, stack(0x0000005825800000,0x0000005825900000) (1024K)]
  0x000001e5cad8da70 JavaThread "Incoming local TCP Connector on port 52694"        [_thread_in_native, id=53808, stack(0x0000005824e00000,0x0000005824f00000) (1024K)]
  0x000001e5ca6bc8f0 JavaThread "Daemon periodic checks"            [_thread_blocked, id=50684, stack(0x0000005825700000,0x0000005825800000) (1024K)]
  0x000001e5cabacf10 JavaThread "Daemon"                            [_thread_blocked, id=43964, stack(0x0000005825a00000,0x0000005825b00000) (1024K)]
  0x000001e5cbadef20 JavaThread "Handler for socket connection from /127.0.0.1:52694 to /127.0.0.1:59271"        [_thread_in_native, id=40868, stack(0x0000005824f00000,0x0000005825000000) (1024K)]
  0x000001e5cad27290 JavaThread "Cancel handler"                    [_thread_blocked, id=26092, stack(0x0000005825b00000,0x0000005825c00000) (1024K)]
  0x000001e5cabaf5d0 JavaThread "Daemon worker"                     [_thread_blocked, id=53756, stack(0x0000005825d00000,0x0000005825e00000) (1024K)]
  0x000001e5cbe00720 JavaThread "Asynchronous log dispatcher for DefaultDaemonConnection: socket connection from /127.0.0.1:52694 to /127.0.0.1:59271"        [_thread_blocked, id=44748, stack(0x0000005825e00000,0x0000005825f00000) (1024K)]
  0x000001e5cbdff370 JavaThread "Stdin handler"                     [_thread_blocked, id=41620, stack(0x0000005825f00000,0x0000005826000000) (1024K)]
  0x000001e5cbe00db0 JavaThread "Daemon client event forwarder"        [_thread_blocked, id=44240, stack(0x0000005826000000,0x0000005826100000) (1024K)]
  0x000001e5cbdffa00 JavaThread "Cache worker for journal cache (C:\Users\yoohy\.gradle\caches\journal-1)"        [_thread_blocked, id=50448, stack(0x0000005826800000,0x0000005826900000) (1024K)]
  0x000001e5cbdfe650 JavaThread "File lock request listener"        [_thread_in_native, id=49380, stack(0x0000005826900000,0x0000005826a00000) (1024K)]
  0x000001e5cbe01440 JavaThread "Cache worker for file hash cache (C:\Users\yoohy\.gradle\caches\9.5.1\fileHashes)"        [_thread_blocked, id=35316, stack(0x0000005826b00000,0x0000005826c00000) (1024K)]
  0x000001e5cc9c57c0 JavaThread "Cache worker for file hash cache (C:\Users\yoohy\OneDrive\바탕 화면\springweb\.gradle\9.5.1\fileHashes)"        [_thread_blocked, id=39644, stack(0x0000005827000000,0x0000005827100000) (1024K)]
  0x000001e5cc9c64e0 JavaThread "Cache worker for Build Output Cleanup Cache (C:\Users\yoohy\OneDrive\바탕 화면\springweb\.gradle\buildOutputCleanup)"        [_thread_blocked, id=51000, stack(0x0000005827100000,0x0000005827200000) (1024K)]
  0x000001e5cc9c7f20 JavaThread "File watcher server"        daemon [_thread_in_native, id=46584, stack(0x0000005827200000,0x0000005827300000) (1024K)]
  0x000001e5cc9c7890 JavaThread "File watcher consumer"      daemon [_thread_blocked, id=34436, stack(0x0000005827300000,0x0000005827400000) (1024K)]
  0x000001e5cc9c92d0 JavaThread "Cache worker for file content cache (C:\Users\yoohy\.gradle\caches\9.5.1\fileContent)"        [_thread_blocked, id=48556, stack(0x0000005827400000,0x0000005827500000) (1024K)]
  0x000001e5cc9c85b0 JavaThread "Cache worker for checksums cache (C:\Users\yoohy\OneDrive\바탕 화면\springweb\.gradle\9.5.1\checksums)"        [_thread_blocked, id=46176, stack(0x0000005827500000,0x0000005827600000) (1024K)]
  0x000001e5cc9c5e50 JavaThread "Cache worker for cache directory md-supplier (C:\Users\yoohy\.gradle\caches\9.5.1\md-supplier)"        [_thread_blocked, id=37812, stack(0x0000005827600000,0x0000005827700000) (1024K)]
  0x000001e5cc9ca680 JavaThread "Cache worker for cache directory md-rule (C:\Users\yoohy\.gradle\caches\9.5.1\md-rule)"        [_thread_blocked, id=44992, stack(0x0000005827700000,0x0000005827800000) (1024K)]
  0x000001e5cc9c9960 JavaThread "File lock release action executor Thread 2"        [_thread_blocked, id=64988, stack(0x0000005823c00000,0x0000005823d00000) (1024K)]
  0x000001e5cc9c9ff0 JavaThread "jar transforms"                    [_thread_blocked, id=65104, stack(0x0000005823d00000,0x0000005823e00000) (1024K)]
Total: 34

Other Threads:
  0x000001e5b057e240 VMThread "VM Thread"                           [id=51980, stack(0x0000005824500000,0x0000005824600000) (1024K)]
  0x000001e5b056ef30 WatcherThread "VM Periodic Task Thread"        [id=46088, stack(0x0000005824400000,0x0000005824500000) (1024K)]
  0x000001e599f3a650 WorkerThread "GC Thread#0"                     [id=46168, stack(0x0000005823f00000,0x0000005824000000) (1024K)]
  0x000001e5ca90c4a0 WorkerThread "GC Thread#1"                     [id=46772, stack(0x0000005825000000,0x0000005825100000) (1024K)]
  0x000001e5ca90c850 WorkerThread "GC Thread#2"                     [id=42200, stack(0x0000005825300000,0x0000005825400000) (1024K)]
  0x000001e5caa4d550 WorkerThread "GC Thread#3"                     [id=35408, stack(0x0000005825400000,0x0000005825500000) (1024K)]
  0x000001e5caa4d900 WorkerThread "GC Thread#4"                     [id=49884, stack(0x0000005825500000,0x0000005825600000) (1024K)]
  0x000001e5caa4dcb0 WorkerThread "GC Thread#5"                     [id=50780, stack(0x0000005825600000,0x0000005825700000) (1024K)]
  0x000001e5cacc1810 WorkerThread "GC Thread#6"                     [id=54264, stack(0x0000005825c00000,0x0000005825d00000) (1024K)]
  0x000001e5cacc0950 WorkerThread "GC Thread#7"                     [id=26328, stack(0x0000005826100000,0x0000005826200000) (1024K)]
  0x000001e5cacc0d00 WorkerThread "GC Thread#8"                     [id=28712, stack(0x0000005826200000,0x0000005826300000) (1024K)]
  0x000001e5cacc10b0 WorkerThread "GC Thread#9"                     [id=33208, stack(0x0000005826300000,0x0000005826400000) (1024K)]
  0x000001e5cacc1bc0 WorkerThread "GC Thread#10"                    [id=45204, stack(0x0000005826400000,0x0000005826500000) (1024K)]
  0x000001e5cacc1f70 WorkerThread "GC Thread#11"                    [id=52012, stack(0x0000005826500000,0x0000005826600000) (1024K)]
  0x000001e5cacc05a0 WorkerThread "GC Thread#12"                    [id=53800, stack(0x0000005826600000,0x0000005826700000) (1024K)]
  0x000001e5cbdb61b0 WorkerThread "GC Thread#13"                    [id=52444, stack(0x0000005826700000,0x0000005826800000) (1024K)]
  0x000001e599f3f550 ConcurrentGCThread "G1 Main Marker"            [id=38404, stack(0x0000005824000000,0x0000005824100000) (1024K)]
  0x000001e599f3ff70 WorkerThread "G1 Conc#0"                       [id=47320, stack(0x0000005824100000,0x0000005824200000) (1024K)]
  0x000001e5cbdb47e0 WorkerThread "G1 Conc#1"                       [id=38300, stack(0x0000005826c00000,0x0000005826d00000) (1024K)]
  0x000001e5cbdb52f0 WorkerThread "G1 Conc#2"                       [id=36400, stack(0x0000005826d00000,0x0000005826e00000) (1024K)]
  0x000001e5cbdb77d0 WorkerThread "G1 Conc#3"                       [id=53272, stack(0x0000005826e00000,0x0000005826f00000) (1024K)]
  0x000001e5b043f650 ConcurrentGCThread "G1 Refine#0"               [id=52464, stack(0x0000005824200000,0x0000005824300000) (1024K)]
  0x000001e5b0440e90 ConcurrentGCThread "G1 Service"                [id=23128, stack(0x0000005824300000,0x0000005824400000) (1024K)]
Total: 23

Threads with active compile tasks:
C2 CompilerThread0  187117 4741       4       java.io.BufferedInputStream::implRead (112 bytes)
Total: 1

VM state: not at safepoint (normal execution)

VM Mutex/Monitor currently owned by a thread: None

Heap address: 0x00000000e0000000, size: 512 MB, Compressed Oops mode: 32-bit

CDS archive(s) mapped at: [0x000001e5b1000000-0x000001e5b1ba0000-0x000001e5b1ba0000), size 12189696, SharedBaseAddress: 0x000001e5b1000000, ArchiveRelocationMode: 1.
Compressed class space mapped at: 0x000001e5b2000000-0x000001e5c6000000, reserved size: 335544320
Narrow klass base: 0x000001e5b1000000, Narrow klass shift: 0, Narrow klass range: 0x100000000

GC Precious Log:
 CardTable entry size: 512
 Card Set container configuration: InlinePtr #cards 5 size 8 Array Of Cards #cards 12 size 40 Howl #buckets 4 coarsen threshold 1843 Howl Bitmap #cards 512 size 80 coarsen threshold 460 Card regions per heap region 1 cards per card region 2048
 CPUs: 18 total, 18 available
 Memory: 15953M
 Large Page Support: Disabled
 NUMA Support: Disabled
 Compressed Oops: Enabled (32-bit)
 Heap Region Size: 1M
 Heap Min Capacity: 256M
 Heap Initial Capacity: 256M
 Heap Max Capacity: 512M
 Pre-touch: Disabled
 Parallel Workers: 14
 Concurrent Workers: 4
 Concurrent Refinement Workers: 14
 Periodic GC: Disabled

Heap:
 garbage-first heap   total 262144K, used 46696K [0x00000000e0000000, 0x0000000100000000)
  region size 1024K, 26 young (26624K), 10 survivors (10240K)
 Metaspace       used 35759K, committed 37184K, reserved 393216K
  class space    used 5257K, committed 5952K, reserved 327680K

Heap Regions: E=young(eden), S=young(survivor), O=old, HS=humongous(starts), HC=humongous(continues), CS=collection set, F=free, TAMS=top-at-mark-start, PB=parsable bottom
|   0|0x00000000e0000000, 0x00000000e0100000, 0x00000000e0100000|100%|HS|  |TAMS 0x00000000e0000000| PB 0x00000000e0000000| Complete 
|   1|0x00000000e0100000, 0x00000000e0200000, 0x00000000e0200000|100%|HC|  |TAMS 0x00000000e0100000| PB 0x00000000e0100000| Complete 
|   2|0x00000000e0200000, 0x00000000e0300000, 0x00000000e0300000|100%|HC|  |TAMS 0x00000000e0200000| PB 0x00000000e0200000| Complete 
|   3|0x00000000e0300000, 0x00000000e0400000, 0x00000000e0400000|100%|HC|  |TAMS 0x00000000e0300000| PB 0x00000000e0300000| Complete 
|   4|0x00000000e0400000, 0x00000000e0500000, 0x00000000e0500000|100%| O|  |TAMS 0x00000000e0400000| PB 0x00000000e0400000| Untracked 
|   5|0x00000000e0500000, 0x00000000e0600000, 0x00000000e0600000|100%| O|  |TAMS 0x00000000e0500000| PB 0x00000000e0500000| Untracked 
|   6|0x00000000e0600000, 0x00000000e0700000, 0x00000000e0700000|100%| O|  |TAMS 0x00000000e0600000| PB 0x00000000e0600000| Untracked 
|   7|0x00000000e0700000, 0x00000000e0700000, 0x00000000e0800000|  0%| F|  |TAMS 0x00000000e0700000| PB 0x00000000e0700000| Untracked 
|   8|0x00000000e0800000, 0x00000000e0900000, 0x00000000e0900000|100%|HS|  |TAMS 0x00000000e0800000| PB 0x00000000e0800000| Complete 
|   9|0x00000000e0900000, 0x00000000e0a00000, 0x00000000e0a00000|100%| O|  |TAMS 0x00000000e0900000| PB 0x00000000e0900000| Untracked 
|  10|0x00000000e0a00000, 0x00000000e0b00000, 0x00000000e0b00000|100%| O|  |TAMS 0x00000000e0a00000| PB 0x00000000e0a00000| Untracked 
|  11|0x00000000e0b00000, 0x00000000e0c00000, 0x00000000e0c00000|100%| O|  |TAMS 0x00000000e0b00000| PB 0x00000000e0b00000| Untracked 
|  12|0x00000000e0c00000, 0x00000000e0d00000, 0x00000000e0d00000|100%| O|  |TAMS 0x00000000e0c00000| PB 0x00000000e0c00000| Untracked 
|  13|0x00000000e0d00000, 0x00000000e0e00000, 0x00000000e0e00000|100%| O|  |TAMS 0x00000000e0d00000| PB 0x00000000e0d00000| Untracked 
|  14|0x00000000e0e00000, 0x00000000e0f00000, 0x00000000e0f00000|100%| O|  |TAMS 0x00000000e0e00000| PB 0x00000000e0e00000| Untracked 
|  15|0x00000000e0f00000, 0x00000000e1000000, 0x00000000e1000000|100%| O|  |TAMS 0x00000000e0f00000| PB 0x00000000e0f00000| Untracked 
|  16|0x00000000e1000000, 0x00000000e1100000, 0x00000000e1100000|100%| O|  |TAMS 0x00000000e1000000| PB 0x00000000e1000000| Untracked 
|  17|0x00000000e1100000, 0x00000000e1200000, 0x00000000e1200000|100%| O|  |TAMS 0x00000000e1100000| PB 0x00000000e1100000| Untracked 
|  18|0x00000000e1200000, 0x00000000e1300000, 0x00000000e1300000|100%| O|  |TAMS 0x00000000e1200000| PB 0x00000000e1200000| Untracked 
|  19|0x00000000e1300000, 0x00000000e1400000, 0x00000000e1400000|100%| O|  |TAMS 0x00000000e1300000| PB 0x00000000e1300000| Untracked 
|  20|0x00000000e1400000, 0x00000000e1500000, 0x00000000e1500000|100%| O|  |TAMS 0x00000000e1400000| PB 0x00000000e1400000| Untracked 
|  21|0x00000000e1500000, 0x00000000e1600000, 0x00000000e1600000|100%| O|  |TAMS 0x00000000e1500000| PB 0x00000000e1500000| Untracked 
|  22|0x00000000e1600000, 0x00000000e160d200, 0x00000000e1700000|  5%| O|  |TAMS 0x00000000e1600000| PB 0x00000000e1600000| Untracked 
|  23|0x00000000e1700000, 0x00000000e1700000, 0x00000000e1800000|  0%| F|  |TAMS 0x00000000e1700000| PB 0x00000000e1700000| Untracked 
|  24|0x00000000e1800000, 0x00000000e1800000, 0x00000000e1900000|  0%| F|  |TAMS 0x00000000e1800000| PB 0x00000000e1800000| Untracked 
|  25|0x00000000e1900000, 0x00000000e1900000, 0x00000000e1a00000|  0%| F|  |TAMS 0x00000000e1900000| PB 0x00000000e1900000| Untracked 
|  26|0x00000000e1a00000, 0x00000000e1a00000, 0x00000000e1b00000|  0%| F|  |TAMS 0x00000000e1a00000| PB 0x00000000e1a00000| Untracked 
|  27|0x00000000e1b00000, 0x00000000e1b00000, 0x00000000e1c00000|  0%| F|  |TAMS 0x00000000e1b00000| PB 0x00000000e1b00000| Untracked 
|  28|0x00000000e1c00000, 0x00000000e1c00000, 0x00000000e1d00000|  0%| F|  |TAMS 0x00000000e1c00000| PB 0x00000000e1c00000| Untracked 
|  29|0x00000000e1d00000, 0x00000000e1d00000, 0x00000000e1e00000|  0%| F|  |TAMS 0x00000000e1d00000| PB 0x00000000e1d00000| Untracked 
|  30|0x00000000e1e00000, 0x00000000e1e00000, 0x00000000e1f00000|  0%| F|  |TAMS 0x00000000e1e00000| PB 0x00000000e1e00000| Untracked 
|  31|0x00000000e1f00000, 0x00000000e1f00000, 0x00000000e2000000|  0%| F|  |TAMS 0x00000000e1f00000| PB 0x00000000e1f00000| Untracked 
|  32|0x00000000e2000000, 0x00000000e2000000, 0x00000000e2100000|  0%| F|  |TAMS 0x00000000e2000000| PB 0x00000000e2000000| Untracked 
|  33|0x00000000e2100000, 0x00000000e2100000, 0x00000000e2200000|  0%| F|  |TAMS 0x00000000e2100000| PB 0x00000000e2100000| Untracked 
|  34|0x00000000e2200000, 0x00000000e2200000, 0x00000000e2300000|  0%| F|  |TAMS 0x00000000e2200000| PB 0x00000000e2200000| Untracked 
|  35|0x00000000e2300000, 0x00000000e2300000, 0x00000000e2400000|  0%| F|  |TAMS 0x00000000e2300000| PB 0x00000000e2300000| Untracked 
|  36|0x00000000e2400000, 0x00000000e2400000, 0x00000000e2500000|  0%| F|  |TAMS 0x00000000e2400000| PB 0x00000000e2400000| Untracked 
|  37|0x00000000e2500000, 0x00000000e2500000, 0x00000000e2600000|  0%| F|  |TAMS 0x00000000e2500000| PB 0x00000000e2500000| Untracked 
|  38|0x00000000e2600000, 0x00000000e2600000, 0x00000000e2700000|  0%| F|  |TAMS 0x00000000e2600000| PB 0x00000000e2600000| Untracked 
|  39|0x00000000e2700000, 0x00000000e2700000, 0x00000000e2800000|  0%| F|  |TAMS 0x00000000e2700000| PB 0x00000000e2700000| Untracked 
|  40|0x00000000e2800000, 0x00000000e2800000, 0x00000000e2900000|  0%| F|  |TAMS 0x00000000e2800000| PB 0x00000000e2800000| Untracked 
|  41|0x00000000e2900000, 0x00000000e2900000, 0x00000000e2a00000|  0%| F|  |TAMS 0x00000000e2900000| PB 0x00000000e2900000| Untracked 
|  42|0x00000000e2a00000, 0x00000000e2a00000, 0x00000000e2b00000|  0%| F|  |TAMS 0x00000000e2a00000| PB 0x00000000e2a00000| Untracked 
|  43|0x00000000e2b00000, 0x00000000e2b00000, 0x00000000e2c00000|  0%| F|  |TAMS 0x00000000e2b00000| PB 0x00000000e2b00000| Untracked 
|  44|0x00000000e2c00000, 0x00000000e2c00000, 0x00000000e2d00000|  0%| F|  |TAMS 0x00000000e2c00000| PB 0x00000000e2c00000| Untracked 
|  45|0x00000000e2d00000, 0x00000000e2d00000, 0x00000000e2e00000|  0%| F|  |TAMS 0x00000000e2d00000| PB 0x00000000e2d00000| Untracked 
|  46|0x00000000e2e00000, 0x00000000e2e00000, 0x00000000e2f00000|  0%| F|  |TAMS 0x00000000e2e00000| PB 0x00000000e2e00000| Untracked 
|  47|0x00000000e2f00000, 0x00000000e2f00000, 0x00000000e3000000|  0%| F|  |TAMS 0x00000000e2f00000| PB 0x00000000e2f00000| Untracked 
|  48|0x00000000e3000000, 0x00000000e3000000, 0x00000000e3100000|  0%| F|  |TAMS 0x00000000e3000000| PB 0x00000000e3000000| Untracked 
|  49|0x00000000e3100000, 0x00000000e3100000, 0x00000000e3200000|  0%| F|  |TAMS 0x00000000e3100000| PB 0x00000000e3100000| Untracked 
|  50|0x00000000e3200000, 0x00000000e3200000, 0x00000000e3300000|  0%| F|  |TAMS 0x00000000e3200000| PB 0x00000000e3200000| Untracked 
|  51|0x00000000e3300000, 0x00000000e3300000, 0x00000000e3400000|  0%| F|  |TAMS 0x00000000e3300000| PB 0x00000000e3300000| Untracked 
|  52|0x00000000e3400000, 0x00000000e3400000, 0x00000000e3500000|  0%| F|  |TAMS 0x00000000e3400000| PB 0x00000000e3400000| Untracked 
|  53|0x00000000e3500000, 0x00000000e3500000, 0x00000000e3600000|  0%| F|  |TAMS 0x00000000e3500000| PB 0x00000000e3500000| Untracked 
|  54|0x00000000e3600000, 0x00000000e3600000, 0x00000000e3700000|  0%| F|  |TAMS 0x00000000e3600000| PB 0x00000000e3600000| Untracked 
|  55|0x00000000e3700000, 0x00000000e3700000, 0x00000000e3800000|  0%| F|  |TAMS 0x00000000e3700000| PB 0x00000000e3700000| Untracked 
|  56|0x00000000e3800000, 0x00000000e3800000, 0x00000000e3900000|  0%| F|  |TAMS 0x00000000e3800000| PB 0x00000000e3800000| Untracked 
|  57|0x00000000e3900000, 0x00000000e3900000, 0x00000000e3a00000|  0%| F|  |TAMS 0x00000000e3900000| PB 0x00000000e3900000| Untracked 
|  58|0x00000000e3a00000, 0x00000000e3a00000, 0x00000000e3b00000|  0%| F|  |TAMS 0x00000000e3a00000| PB 0x00000000e3a00000| Untracked 
|  59|0x00000000e3b00000, 0x00000000e3b00000, 0x00000000e3c00000|  0%| F|  |TAMS 0x00000000e3b00000| PB 0x00000000e3b00000| Untracked 
|  60|0x00000000e3c00000, 0x00000000e3c00000, 0x00000000e3d00000|  0%| F|  |TAMS 0x00000000e3c00000| PB 0x00000000e3c00000| Untracked 
|  61|0x00000000e3d00000, 0x00000000e3d00000, 0x00000000e3e00000|  0%| F|  |TAMS 0x00000000e3d00000| PB 0x00000000e3d00000| Untracked 
|  62|0x00000000e3e00000, 0x00000000e3e00000, 0x00000000e3f00000|  0%| F|  |TAMS 0x00000000e3e00000| PB 0x00000000e3e00000| Untracked 
|  63|0x00000000e3f00000, 0x00000000e3f00000, 0x00000000e4000000|  0%| F|  |TAMS 0x00000000e3f00000| PB 0x00000000e3f00000| Untracked 
|  64|0x00000000e4000000, 0x00000000e4000000, 0x00000000e4100000|  0%| F|  |TAMS 0x00000000e4000000| PB 0x00000000e4000000| Untracked 
|  65|0x00000000e4100000, 0x00000000e4100000, 0x00000000e4200000|  0%| F|  |TAMS 0x00000000e4100000| PB 0x00000000e4100000| Untracked 
|  66|0x00000000e4200000, 0x00000000e4200000, 0x00000000e4300000|  0%| F|  |TAMS 0x00000000e4200000| PB 0x00000000e4200000| Untracked 
|  67|0x00000000e4300000, 0x00000000e4300000, 0x00000000e4400000|  0%| F|  |TAMS 0x00000000e4300000| PB 0x00000000e4300000| Untracked 
|  68|0x00000000e4400000, 0x00000000e4400000, 0x00000000e4500000|  0%| F|  |TAMS 0x00000000e4400000| PB 0x00000000e4400000| Untracked 
|  69|0x00000000e4500000, 0x00000000e4500000, 0x00000000e4600000|  0%| F|  |TAMS 0x00000000e4500000| PB 0x00000000e4500000| Untracked 
|  70|0x00000000e4600000, 0x00000000e4600000, 0x00000000e4700000|  0%| F|  |TAMS 0x00000000e4600000| PB 0x00000000e4600000| Untracked 
|  71|0x00000000e4700000, 0x00000000e4700000, 0x00000000e4800000|  0%| F|  |TAMS 0x00000000e4700000| PB 0x00000000e4700000| Untracked 
|  72|0x00000000e4800000, 0x00000000e4800000, 0x00000000e4900000|  0%| F|  |TAMS 0x00000000e4800000| PB 0x00000000e4800000| Untracked 
|  73|0x00000000e4900000, 0x00000000e4900000, 0x00000000e4a00000|  0%| F|  |TAMS 0x00000000e4900000| PB 0x00000000e4900000| Untracked 
|  74|0x00000000e4a00000, 0x00000000e4a00000, 0x00000000e4b00000|  0%| F|  |TAMS 0x00000000e4a00000| PB 0x00000000e4a00000| Untracked 
|  75|0x00000000e4b00000, 0x00000000e4b00000, 0x00000000e4c00000|  0%| F|  |TAMS 0x00000000e4b00000| PB 0x00000000e4b00000| Untracked 
|  76|0x00000000e4c00000, 0x00000000e4c00000, 0x00000000e4d00000|  0%| F|  |TAMS 0x00000000e4c00000| PB 0x00000000e4c00000| Untracked 
|  77|0x00000000e4d00000, 0x00000000e4d00000, 0x00000000e4e00000|  0%| F|  |TAMS 0x00000000e4d00000| PB 0x00000000e4d00000| Untracked 
|  78|0x00000000e4e00000, 0x00000000e4e00000, 0x00000000e4f00000|  0%| F|  |TAMS 0x00000000e4e00000| PB 0x00000000e4e00000| Untracked 
|  79|0x00000000e4f00000, 0x00000000e4f00000, 0x00000000e5000000|  0%| F|  |TAMS 0x00000000e4f00000| PB 0x00000000e4f00000| Untracked 
|  80|0x00000000e5000000, 0x00000000e5000000, 0x00000000e5100000|  0%| F|  |TAMS 0x00000000e5000000| PB 0x00000000e5000000| Untracked 
|  81|0x00000000e5100000, 0x00000000e5100000, 0x00000000e5200000|  0%| F|  |TAMS 0x00000000e5100000| PB 0x00000000e5100000| Untracked 
|  82|0x00000000e5200000, 0x00000000e5200000, 0x00000000e5300000|  0%| F|  |TAMS 0x00000000e5200000| PB 0x00000000e5200000| Untracked 
|  83|0x00000000e5300000, 0x00000000e5300000, 0x00000000e5400000|  0%| F|  |TAMS 0x00000000e5300000| PB 0x00000000e5300000| Untracked 
|  84|0x00000000e5400000, 0x00000000e5400000, 0x00000000e5500000|  0%| F|  |TAMS 0x00000000e5400000| PB 0x00000000e5400000| Untracked 
|  85|0x00000000e5500000, 0x00000000e5500000, 0x00000000e5600000|  0%| F|  |TAMS 0x00000000e5500000| PB 0x00000000e5500000| Untracked 
|  86|0x00000000e5600000, 0x00000000e5600000, 0x00000000e5700000|  0%| F|  |TAMS 0x00000000e5600000| PB 0x00000000e5600000| Untracked 
|  87|0x00000000e5700000, 0x00000000e5700000, 0x00000000e5800000|  0%| F|  |TAMS 0x00000000e5700000| PB 0x00000000e5700000| Untracked 
|  88|0x00000000e5800000, 0x00000000e5800000, 0x00000000e5900000|  0%| F|  |TAMS 0x00000000e5800000| PB 0x00000000e5800000| Untracked 
|  89|0x00000000e5900000, 0x00000000e5900000, 0x00000000e5a00000|  0%| F|  |TAMS 0x00000000e5900000| PB 0x00000000e5900000| Untracked 
|  90|0x00000000e5a00000, 0x00000000e5a00000, 0x00000000e5b00000|  0%| F|  |TAMS 0x00000000e5a00000| PB 0x00000000e5a00000| Untracked 
|  91|0x00000000e5b00000, 0x00000000e5b00000, 0x00000000e5c00000|  0%| F|  |TAMS 0x00000000e5b00000| PB 0x00000000e5b00000| Untracked 
|  92|0x00000000e5c00000, 0x00000000e5c00000, 0x00000000e5d00000|  0%| F|  |TAMS 0x00000000e5c00000| PB 0x00000000e5c00000| Untracked 
|  93|0x00000000e5d00000, 0x00000000e5d00000, 0x00000000e5e00000|  0%| F|  |TAMS 0x00000000e5d00000| PB 0x00000000e5d00000| Untracked 
|  94|0x00000000e5e00000, 0x00000000e5e00000, 0x00000000e5f00000|  0%| F|  |TAMS 0x00000000e5e00000| PB 0x00000000e5e00000| Untracked 
|  95|0x00000000e5f00000, 0x00000000e5f00000, 0x00000000e6000000|  0%| F|  |TAMS 0x00000000e5f00000| PB 0x00000000e5f00000| Untracked 
|  96|0x00000000e6000000, 0x00000000e6000000, 0x00000000e6100000|  0%| F|  |TAMS 0x00000000e6000000| PB 0x00000000e6000000| Untracked 
|  97|0x00000000e6100000, 0x00000000e6100000, 0x00000000e6200000|  0%| F|  |TAMS 0x00000000e6100000| PB 0x00000000e6100000| Untracked 
|  98|0x00000000e6200000, 0x00000000e6200000, 0x00000000e6300000|  0%| F|  |TAMS 0x00000000e6200000| PB 0x00000000e6200000| Untracked 
|  99|0x00000000e6300000, 0x00000000e6300000, 0x00000000e6400000|  0%| F|  |TAMS 0x00000000e6300000| PB 0x00000000e6300000| Untracked 
| 100|0x00000000e6400000, 0x00000000e6400000, 0x00000000e6500000|  0%| F|  |TAMS 0x00000000e6400000| PB 0x00000000e6400000| Untracked 
| 101|0x00000000e6500000, 0x00000000e6500000, 0x00000000e6600000|  0%| F|  |TAMS 0x00000000e6500000| PB 0x00000000e6500000| Untracked 
| 102|0x00000000e6600000, 0x00000000e6600000, 0x00000000e6700000|  0%| F|  |TAMS 0x00000000e6600000| PB 0x00000000e6600000| Untracked 
| 103|0x00000000e6700000, 0x00000000e6700000, 0x00000000e6800000|  0%| F|  |TAMS 0x00000000e6700000| PB 0x00000000e6700000| Untracked 
| 104|0x00000000e6800000, 0x00000000e6800000, 0x00000000e6900000|  0%| F|  |TAMS 0x00000000e6800000| PB 0x00000000e6800000| Untracked 
| 105|0x00000000e6900000, 0x00000000e6900000, 0x00000000e6a00000|  0%| F|  |TAMS 0x00000000e6900000| PB 0x00000000e6900000| Untracked 
| 106|0x00000000e6a00000, 0x00000000e6a00000, 0x00000000e6b00000|  0%| F|  |TAMS 0x00000000e6a00000| PB 0x00000000e6a00000| Untracked 
| 107|0x00000000e6b00000, 0x00000000e6b00000, 0x00000000e6c00000|  0%| F|  |TAMS 0x00000000e6b00000| PB 0x00000000e6b00000| Untracked 
| 108|0x00000000e6c00000, 0x00000000e6c00000, 0x00000000e6d00000|  0%| F|  |TAMS 0x00000000e6c00000| PB 0x00000000e6c00000| Untracked 
| 109|0x00000000e6d00000, 0x00000000e6d00000, 0x00000000e6e00000|  0%| F|  |TAMS 0x00000000e6d00000| PB 0x00000000e6d00000| Untracked 
| 110|0x00000000e6e00000, 0x00000000e6e00000, 0x00000000e6f00000|  0%| F|  |TAMS 0x00000000e6e00000| PB 0x00000000e6e00000| Untracked 
| 111|0x00000000e6f00000, 0x00000000e6f00000, 0x00000000e7000000|  0%| F|  |TAMS 0x00000000e6f00000| PB 0x00000000e6f00000| Untracked 
| 112|0x00000000e7000000, 0x00000000e7000000, 0x00000000e7100000|  0%| F|  |TAMS 0x00000000e7000000| PB 0x00000000e7000000| Untracked 
| 113|0x00000000e7100000, 0x00000000e7100000, 0x00000000e7200000|  0%| F|  |TAMS 0x00000000e7100000| PB 0x00000000e7100000| Untracked 
| 114|0x00000000e7200000, 0x00000000e7200000, 0x00000000e7300000|  0%| F|  |TAMS 0x00000000e7200000| PB 0x00000000e7200000| Untracked 
| 115|0x00000000e7300000, 0x00000000e7300000, 0x00000000e7400000|  0%| F|  |TAMS 0x00000000e7300000| PB 0x00000000e7300000| Untracked 
| 116|0x00000000e7400000, 0x00000000e7400000, 0x00000000e7500000|  0%| F|  |TAMS 0x00000000e7400000| PB 0x00000000e7400000| Untracked 
| 117|0x00000000e7500000, 0x00000000e7500000, 0x00000000e7600000|  0%| F|  |TAMS 0x00000000e7500000| PB 0x00000000e7500000| Untracked 
| 118|0x00000000e7600000, 0x00000000e7600000, 0x00000000e7700000|  0%| F|  |TAMS 0x00000000e7600000| PB 0x00000000e7600000| Untracked 
| 119|0x00000000e7700000, 0x00000000e7700000, 0x00000000e7800000|  0%| F|  |TAMS 0x00000000e7700000| PB 0x00000000e7700000| Untracked 
| 120|0x00000000e7800000, 0x00000000e7800000, 0x00000000e7900000|  0%| F|  |TAMS 0x00000000e7800000| PB 0x00000000e7800000| Untracked 
| 121|0x00000000e7900000, 0x00000000e7900000, 0x00000000e7a00000|  0%| F|  |TAMS 0x00000000e7900000| PB 0x00000000e7900000| Untracked 
| 122|0x00000000e7a00000, 0x00000000e7a00000, 0x00000000e7b00000|  0%| F|  |TAMS 0x00000000e7a00000| PB 0x00000000e7a00000| Untracked 
| 123|0x00000000e7b00000, 0x00000000e7b00000, 0x00000000e7c00000|  0%| F|  |TAMS 0x00000000e7b00000| PB 0x00000000e7b00000| Untracked 
| 124|0x00000000e7c00000, 0x00000000e7c00000, 0x00000000e7d00000|  0%| F|  |TAMS 0x00000000e7c00000| PB 0x00000000e7c00000| Untracked 
| 125|0x00000000e7d00000, 0x00000000e7d00000, 0x00000000e7e00000|  0%| F|  |TAMS 0x00000000e7d00000| PB 0x00000000e7d00000| Untracked 
| 126|0x00000000e7e00000, 0x00000000e7e00000, 0x00000000e7f00000|  0%| F|  |TAMS 0x00000000e7e00000| PB 0x00000000e7e00000| Untracked 
| 127|0x00000000e7f00000, 0x00000000e7f00000, 0x00000000e8000000|  0%| F|  |TAMS 0x00000000e7f00000| PB 0x00000000e7f00000| Untracked 
| 128|0x00000000e8000000, 0x00000000e8000000, 0x00000000e8100000|  0%| F|  |TAMS 0x00000000e8000000| PB 0x00000000e8000000| Untracked 
| 129|0x00000000e8100000, 0x00000000e8100000, 0x00000000e8200000|  0%| F|  |TAMS 0x00000000e8100000| PB 0x00000000e8100000| Untracked 
| 130|0x00000000e8200000, 0x00000000e8200000, 0x00000000e8300000|  0%| F|  |TAMS 0x00000000e8200000| PB 0x00000000e8200000| Untracked 
| 131|0x00000000e8300000, 0x00000000e8300000, 0x00000000e8400000|  0%| F|  |TAMS 0x00000000e8300000| PB 0x00000000e8300000| Untracked 
| 132|0x00000000e8400000, 0x00000000e8400000, 0x00000000e8500000|  0%| F|  |TAMS 0x00000000e8400000| PB 0x00000000e8400000| Untracked 
| 133|0x00000000e8500000, 0x00000000e8500000, 0x00000000e8600000|  0%| F|  |TAMS 0x00000000e8500000| PB 0x00000000e8500000| Untracked 
| 134|0x00000000e8600000, 0x00000000e8600000, 0x00000000e8700000|  0%| F|  |TAMS 0x00000000e8600000| PB 0x00000000e8600000| Untracked 
| 135|0x00000000e8700000, 0x00000000e8700000, 0x00000000e8800000|  0%| F|  |TAMS 0x00000000e8700000| PB 0x00000000e8700000| Untracked 
| 136|0x00000000e8800000, 0x00000000e8800000, 0x00000000e8900000|  0%| F|  |TAMS 0x00000000e8800000| PB 0x00000000e8800000| Untracked 
| 137|0x00000000e8900000, 0x00000000e8900000, 0x00000000e8a00000|  0%| F|  |TAMS 0x00000000e8900000| PB 0x00000000e8900000| Untracked 
| 138|0x00000000e8a00000, 0x00000000e8a00000, 0x00000000e8b00000|  0%| F|  |TAMS 0x00000000e8a00000| PB 0x00000000e8a00000| Untracked 
| 139|0x00000000e8b00000, 0x00000000e8b00000, 0x00000000e8c00000|  0%| F|  |TAMS 0x00000000e8b00000| PB 0x00000000e8b00000| Untracked 
| 140|0x00000000e8c00000, 0x00000000e8c00000, 0x00000000e8d00000|  0%| F|  |TAMS 0x00000000e8c00000| PB 0x00000000e8c00000| Untracked 
| 141|0x00000000e8d00000, 0x00000000e8d00000, 0x00000000e8e00000|  0%| F|  |TAMS 0x00000000e8d00000| PB 0x00000000e8d00000| Untracked 
| 142|0x00000000e8e00000, 0x00000000e8e00000, 0x00000000e8f00000|  0%| F|  |TAMS 0x00000000e8e00000| PB 0x00000000e8e00000| Untracked 
| 143|0x00000000e8f00000, 0x00000000e8f00000, 0x00000000e9000000|  0%| F|  |TAMS 0x00000000e8f00000| PB 0x00000000e8f00000| Untracked 
| 144|0x00000000e9000000, 0x00000000e9000000, 0x00000000e9100000|  0%| F|  |TAMS 0x00000000e9000000| PB 0x00000000e9000000| Untracked 
| 145|0x00000000e9100000, 0x00000000e9100000, 0x00000000e9200000|  0%| F|  |TAMS 0x00000000e9100000| PB 0x00000000e9100000| Untracked 
| 146|0x00000000e9200000, 0x00000000e9200000, 0x00000000e9300000|  0%| F|  |TAMS 0x00000000e9200000| PB 0x00000000e9200000| Untracked 
| 147|0x00000000e9300000, 0x00000000e9300000, 0x00000000e9400000|  0%| F|  |TAMS 0x00000000e9300000| PB 0x00000000e9300000| Untracked 
| 148|0x00000000e9400000, 0x00000000e9400000, 0x00000000e9500000|  0%| F|  |TAMS 0x00000000e9400000| PB 0x00000000e9400000| Untracked 
| 149|0x00000000e9500000, 0x00000000e9500000, 0x00000000e9600000|  0%| F|  |TAMS 0x00000000e9500000| PB 0x00000000e9500000| Untracked 
| 150|0x00000000e9600000, 0x00000000e9600000, 0x00000000e9700000|  0%| F|  |TAMS 0x00000000e9600000| PB 0x00000000e9600000| Untracked 
| 151|0x00000000e9700000, 0x00000000e9700000, 0x00000000e9800000|  0%| F|  |TAMS 0x00000000e9700000| PB 0x00000000e9700000| Untracked 
| 152|0x00000000e9800000, 0x00000000e9800000, 0x00000000e9900000|  0%| F|  |TAMS 0x00000000e9800000| PB 0x00000000e9800000| Untracked 
| 153|0x00000000e9900000, 0x00000000e9900000, 0x00000000e9a00000|  0%| F|  |TAMS 0x00000000e9900000| PB 0x00000000e9900000| Untracked 
| 154|0x00000000e9a00000, 0x00000000e9a00000, 0x00000000e9b00000|  0%| F|  |TAMS 0x00000000e9a00000| PB 0x00000000e9a00000| Untracked 
| 155|0x00000000e9b00000, 0x00000000e9b00000, 0x00000000e9c00000|  0%| F|  |TAMS 0x00000000e9b00000| PB 0x00000000e9b00000| Untracked 
| 156|0x00000000e9c00000, 0x00000000e9c00000, 0x00000000e9d00000|  0%| F|  |TAMS 0x00000000e9c00000| PB 0x00000000e9c00000| Untracked 
| 157|0x00000000e9d00000, 0x00000000e9d00000, 0x00000000e9e00000|  0%| F|  |TAMS 0x00000000e9d00000| PB 0x00000000e9d00000| Untracked 
| 158|0x00000000e9e00000, 0x00000000e9e00000, 0x00000000e9f00000|  0%| F|  |TAMS 0x00000000e9e00000| PB 0x00000000e9e00000| Untracked 
| 159|0x00000000e9f00000, 0x00000000e9f00000, 0x00000000ea000000|  0%| F|  |TAMS 0x00000000e9f00000| PB 0x00000000e9f00000| Untracked 
| 160|0x00000000ea000000, 0x00000000ea000000, 0x00000000ea100000|  0%| F|  |TAMS 0x00000000ea000000| PB 0x00000000ea000000| Untracked 
| 161|0x00000000ea100000, 0x00000000ea100000, 0x00000000ea200000|  0%| F|  |TAMS 0x00000000ea100000| PB 0x00000000ea100000| Untracked 
| 162|0x00000000ea200000, 0x00000000ea200000, 0x00000000ea300000|  0%| F|  |TAMS 0x00000000ea200000| PB 0x00000000ea200000| Untracked 
| 163|0x00000000ea300000, 0x00000000ea300000, 0x00000000ea400000|  0%| F|  |TAMS 0x00000000ea300000| PB 0x00000000ea300000| Untracked 
| 164|0x00000000ea400000, 0x00000000ea400000, 0x00000000ea500000|  0%| F|  |TAMS 0x00000000ea400000| PB 0x00000000ea400000| Untracked 
| 165|0x00000000ea500000, 0x00000000ea500000, 0x00000000ea600000|  0%| F|  |TAMS 0x00000000ea500000| PB 0x00000000ea500000| Untracked 
| 166|0x00000000ea600000, 0x00000000ea600000, 0x00000000ea700000|  0%| F|  |TAMS 0x00000000ea600000| PB 0x00000000ea600000| Untracked 
| 167|0x00000000ea700000, 0x00000000ea700000, 0x00000000ea800000|  0%| F|  |TAMS 0x00000000ea700000| PB 0x00000000ea700000| Untracked 
| 168|0x00000000ea800000, 0x00000000ea800000, 0x00000000ea900000|  0%| F|  |TAMS 0x00000000ea800000| PB 0x00000000ea800000| Untracked 
| 169|0x00000000ea900000, 0x00000000ea900000, 0x00000000eaa00000|  0%| F|  |TAMS 0x00000000ea900000| PB 0x00000000ea900000| Untracked 
| 170|0x00000000eaa00000, 0x00000000eaa00000, 0x00000000eab00000|  0%| F|  |TAMS 0x00000000eaa00000| PB 0x00000000eaa00000| Untracked 
| 171|0x00000000eab00000, 0x00000000eab00000, 0x00000000eac00000|  0%| F|  |TAMS 0x00000000eab00000| PB 0x00000000eab00000| Untracked 
| 172|0x00000000eac00000, 0x00000000eac00000, 0x00000000ead00000|  0%| F|  |TAMS 0x00000000eac00000| PB 0x00000000eac00000| Untracked 
| 173|0x00000000ead00000, 0x00000000ead00000, 0x00000000eae00000|  0%| F|  |TAMS 0x00000000ead00000| PB 0x00000000ead00000| Untracked 
| 174|0x00000000eae00000, 0x00000000eae00000, 0x00000000eaf00000|  0%| F|  |TAMS 0x00000000eae00000| PB 0x00000000eae00000| Untracked 
| 175|0x00000000eaf00000, 0x00000000eaf00000, 0x00000000eb000000|  0%| F|  |TAMS 0x00000000eaf00000| PB 0x00000000eaf00000| Untracked 
| 176|0x00000000eb000000, 0x00000000eb000000, 0x00000000eb100000|  0%| F|  |TAMS 0x00000000eb000000| PB 0x00000000eb000000| Untracked 
| 177|0x00000000eb100000, 0x00000000eb100000, 0x00000000eb200000|  0%| F|  |TAMS 0x00000000eb100000| PB 0x00000000eb100000| Untracked 
| 178|0x00000000eb200000, 0x00000000eb200000, 0x00000000eb300000|  0%| F|  |TAMS 0x00000000eb200000| PB 0x00000000eb200000| Untracked 
| 179|0x00000000eb300000, 0x00000000eb300000, 0x00000000eb400000|  0%| F|  |TAMS 0x00000000eb300000| PB 0x00000000eb300000| Untracked 
| 180|0x00000000eb400000, 0x00000000eb400000, 0x00000000eb500000|  0%| F|  |TAMS 0x00000000eb400000| PB 0x00000000eb400000| Untracked 
| 181|0x00000000eb500000, 0x00000000eb500000, 0x00000000eb600000|  0%| F|  |TAMS 0x00000000eb500000| PB 0x00000000eb500000| Untracked 
| 182|0x00000000eb600000, 0x00000000eb600000, 0x00000000eb700000|  0%| F|  |TAMS 0x00000000eb600000| PB 0x00000000eb600000| Untracked 
| 183|0x00000000eb700000, 0x00000000eb700000, 0x00000000eb800000|  0%| F|  |TAMS 0x00000000eb700000| PB 0x00000000eb700000| Untracked 
| 184|0x00000000eb800000, 0x00000000eb800000, 0x00000000eb900000|  0%| F|  |TAMS 0x00000000eb800000| PB 0x00000000eb800000| Untracked 
| 185|0x00000000eb900000, 0x00000000eb900000, 0x00000000eba00000|  0%| F|  |TAMS 0x00000000eb900000| PB 0x00000000eb900000| Untracked 
| 186|0x00000000eba00000, 0x00000000eba00000, 0x00000000ebb00000|  0%| F|  |TAMS 0x00000000eba00000| PB 0x00000000eba00000| Untracked 
| 187|0x00000000ebb00000, 0x00000000ebb00000, 0x00000000ebc00000|  0%| F|  |TAMS 0x00000000ebb00000| PB 0x00000000ebb00000| Untracked 
| 188|0x00000000ebc00000, 0x00000000ebc00000, 0x00000000ebd00000|  0%| F|  |TAMS 0x00000000ebc00000| PB 0x00000000ebc00000| Untracked 
| 189|0x00000000ebd00000, 0x00000000ebd00000, 0x00000000ebe00000|  0%| F|  |TAMS 0x00000000ebd00000| PB 0x00000000ebd00000| Untracked 
| 190|0x00000000ebe00000, 0x00000000ebe00000, 0x00000000ebf00000|  0%| F|  |TAMS 0x00000000ebe00000| PB 0x00000000ebe00000| Untracked 
| 191|0x00000000ebf00000, 0x00000000ebf00000, 0x00000000ec000000|  0%| F|  |TAMS 0x00000000ebf00000| PB 0x00000000ebf00000| Untracked 
| 192|0x00000000ec000000, 0x00000000ec000000, 0x00000000ec100000|  0%| F|  |TAMS 0x00000000ec000000| PB 0x00000000ec000000| Untracked 
| 193|0x00000000ec100000, 0x00000000ec100000, 0x00000000ec200000|  0%| F|  |TAMS 0x00000000ec100000| PB 0x00000000ec100000| Untracked 
| 194|0x00000000ec200000, 0x00000000ec200000, 0x00000000ec300000|  0%| F|  |TAMS 0x00000000ec200000| PB 0x00000000ec200000| Untracked 
| 195|0x00000000ec300000, 0x00000000ec300000, 0x00000000ec400000|  0%| F|  |TAMS 0x00000000ec300000| PB 0x00000000ec300000| Untracked 
| 196|0x00000000ec400000, 0x00000000ec400000, 0x00000000ec500000|  0%| F|  |TAMS 0x00000000ec400000| PB 0x00000000ec400000| Untracked 
| 197|0x00000000ec500000, 0x00000000ec500000, 0x00000000ec600000|  0%| F|  |TAMS 0x00000000ec500000| PB 0x00000000ec500000| Untracked 
| 198|0x00000000ec600000, 0x00000000ec600000, 0x00000000ec700000|  0%| F|  |TAMS 0x00000000ec600000| PB 0x00000000ec600000| Untracked 
| 199|0x00000000ec700000, 0x00000000ec700000, 0x00000000ec800000|  0%| F|  |TAMS 0x00000000ec700000| PB 0x00000000ec700000| Untracked 
| 200|0x00000000ec800000, 0x00000000ec800000, 0x00000000ec900000|  0%| F|  |TAMS 0x00000000ec800000| PB 0x00000000ec800000| Untracked 
| 201|0x00000000ec900000, 0x00000000ec900000, 0x00000000eca00000|  0%| F|  |TAMS 0x00000000ec900000| PB 0x00000000ec900000| Untracked 
| 202|0x00000000eca00000, 0x00000000eca00000, 0x00000000ecb00000|  0%| F|  |TAMS 0x00000000eca00000| PB 0x00000000eca00000| Untracked 
| 203|0x00000000ecb00000, 0x00000000ecb00000, 0x00000000ecc00000|  0%| F|  |TAMS 0x00000000ecb00000| PB 0x00000000ecb00000| Untracked 
| 204|0x00000000ecc00000, 0x00000000ecc00000, 0x00000000ecd00000|  0%| F|  |TAMS 0x00000000ecc00000| PB 0x00000000ecc00000| Untracked 
| 205|0x00000000ecd00000, 0x00000000ecd00000, 0x00000000ece00000|  0%| F|  |TAMS 0x00000000ecd00000| PB 0x00000000ecd00000| Untracked 
| 206|0x00000000ece00000, 0x00000000ece00000, 0x00000000ecf00000|  0%| F|  |TAMS 0x00000000ece00000| PB 0x00000000ece00000| Untracked 
| 207|0x00000000ecf00000, 0x00000000ecf00000, 0x00000000ed000000|  0%| F|  |TAMS 0x00000000ecf00000| PB 0x00000000ecf00000| Untracked 
| 208|0x00000000ed000000, 0x00000000ed000000, 0x00000000ed100000|  0%| F|  |TAMS 0x00000000ed000000| PB 0x00000000ed000000| Untracked 
| 209|0x00000000ed100000, 0x00000000ed100000, 0x00000000ed200000|  0%| F|  |TAMS 0x00000000ed100000| PB 0x00000000ed100000| Untracked 
| 210|0x00000000ed200000, 0x00000000ed200000, 0x00000000ed300000|  0%| F|  |TAMS 0x00000000ed200000| PB 0x00000000ed200000| Untracked 
| 211|0x00000000ed300000, 0x00000000ed300000, 0x00000000ed400000|  0%| F|  |TAMS 0x00000000ed300000| PB 0x00000000ed300000| Untracked 
| 212|0x00000000ed400000, 0x00000000ed400000, 0x00000000ed500000|  0%| F|  |TAMS 0x00000000ed400000| PB 0x00000000ed400000| Untracked 
| 213|0x00000000ed500000, 0x00000000ed500000, 0x00000000ed600000|  0%| F|  |TAMS 0x00000000ed500000| PB 0x00000000ed500000| Untracked 
| 214|0x00000000ed600000, 0x00000000ed600000, 0x00000000ed700000|  0%| F|  |TAMS 0x00000000ed600000| PB 0x00000000ed600000| Untracked 
| 215|0x00000000ed700000, 0x00000000ed700000, 0x00000000ed800000|  0%| F|  |TAMS 0x00000000ed700000| PB 0x00000000ed700000| Untracked 
| 216|0x00000000ed800000, 0x00000000ed800000, 0x00000000ed900000|  0%| F|  |TAMS 0x00000000ed800000| PB 0x00000000ed800000| Untracked 
| 217|0x00000000ed900000, 0x00000000ed900000, 0x00000000eda00000|  0%| F|  |TAMS 0x00000000ed900000| PB 0x00000000ed900000| Untracked 
| 218|0x00000000eda00000, 0x00000000eda00000, 0x00000000edb00000|  0%| F|  |TAMS 0x00000000eda00000| PB 0x00000000eda00000| Untracked 
| 219|0x00000000edb00000, 0x00000000edb00000, 0x00000000edc00000|  0%| F|  |TAMS 0x00000000edb00000| PB 0x00000000edb00000| Untracked 
| 220|0x00000000edc00000, 0x00000000edc00000, 0x00000000edd00000|  0%| F|  |TAMS 0x00000000edc00000| PB 0x00000000edc00000| Untracked 
| 221|0x00000000edd00000, 0x00000000edd00000, 0x00000000ede00000|  0%| F|  |TAMS 0x00000000edd00000| PB 0x00000000edd00000| Untracked 
| 222|0x00000000ede00000, 0x00000000ede00000, 0x00000000edf00000|  0%| F|  |TAMS 0x00000000ede00000| PB 0x00000000ede00000| Untracked 
| 223|0x00000000edf00000, 0x00000000edf00000, 0x00000000ee000000|  0%| F|  |TAMS 0x00000000edf00000| PB 0x00000000edf00000| Untracked 
| 224|0x00000000ee000000, 0x00000000ee000000, 0x00000000ee100000|  0%| F|  |TAMS 0x00000000ee000000| PB 0x00000000ee000000| Untracked 
| 225|0x00000000ee100000, 0x00000000ee100000, 0x00000000ee200000|  0%| F|  |TAMS 0x00000000ee100000| PB 0x00000000ee100000| Untracked 
| 226|0x00000000ee200000, 0x00000000ee200000, 0x00000000ee300000|  0%| F|  |TAMS 0x00000000ee200000| PB 0x00000000ee200000| Untracked 
| 227|0x00000000ee300000, 0x00000000ee300000, 0x00000000ee400000|  0%| F|  |TAMS 0x00000000ee300000| PB 0x00000000ee300000| Untracked 
| 228|0x00000000ee400000, 0x00000000ee400000, 0x00000000ee500000|  0%| F|  |TAMS 0x00000000ee400000| PB 0x00000000ee400000| Untracked 
| 229|0x00000000ee500000, 0x00000000ee500000, 0x00000000ee600000|  0%| F|  |TAMS 0x00000000ee500000| PB 0x00000000ee500000| Untracked 
| 230|0x00000000ee600000, 0x00000000ee700000, 0x00000000ee700000|100%| E|  |TAMS 0x00000000ee600000| PB 0x00000000ee600000| Complete 
| 231|0x00000000ee700000, 0x00000000ee800000, 0x00000000ee800000|100%| E|CS|TAMS 0x00000000ee700000| PB 0x00000000ee700000| Complete 
| 232|0x00000000ee800000, 0x00000000ee900000, 0x00000000ee900000|100%| E|CS|TAMS 0x00000000ee800000| PB 0x00000000ee800000| Complete 
| 233|0x00000000ee900000, 0x00000000ee98cfe0, 0x00000000eea00000| 55%| S|CS|TAMS 0x00000000ee900000| PB 0x00000000ee900000| Complete 
| 234|0x00000000eea00000, 0x00000000eeb00000, 0x00000000eeb00000|100%| S|CS|TAMS 0x00000000eea00000| PB 0x00000000eea00000| Complete 
| 235|0x00000000eeb00000, 0x00000000eec00000, 0x00000000eec00000|100%| S|CS|TAMS 0x00000000eeb00000| PB 0x00000000eeb00000| Complete 
| 236|0x00000000eec00000, 0x00000000eed00000, 0x00000000eed00000|100%| S|CS|TAMS 0x00000000eec00000| PB 0x00000000eec00000| Complete 
| 237|0x00000000eed00000, 0x00000000eee00000, 0x00000000eee00000|100%| S|CS|TAMS 0x00000000eed00000| PB 0x00000000eed00000| Complete 
| 238|0x00000000eee00000, 0x00000000eef00000, 0x00000000eef00000|100%| S|CS|TAMS 0x00000000eee00000| PB 0x00000000eee00000| Complete 
| 239|0x00000000eef00000, 0x00000000ef000000, 0x00000000ef000000|100%| S|CS|TAMS 0x00000000eef00000| PB 0x00000000eef00000| Complete 
| 240|0x00000000ef000000, 0x00000000ef100000, 0x00000000ef100000|100%| E|CS|TAMS 0x00000000ef000000| PB 0x00000000ef000000| Complete 
| 241|0x00000000ef100000, 0x00000000ef200000, 0x00000000ef200000|100%| E|CS|TAMS 0x00000000ef100000| PB 0x00000000ef100000| Complete 
| 242|0x00000000ef200000, 0x00000000ef300000, 0x00000000ef300000|100%| E|CS|TAMS 0x00000000ef200000| PB 0x00000000ef200000| Complete 
| 243|0x00000000ef300000, 0x00000000ef400000, 0x00000000ef400000|100%| E|CS|TAMS 0x00000000ef300000| PB 0x00000000ef300000| Complete 
| 244|0x00000000ef400000, 0x00000000ef500000, 0x00000000ef500000|100%| E|CS|TAMS 0x00000000ef400000| PB 0x00000000ef400000| Complete 
| 245|0x00000000ef500000, 0x00000000ef600000, 0x00000000ef600000|100%| E|CS|TAMS 0x00000000ef500000| PB 0x00000000ef500000| Complete 
| 246|0x00000000ef600000, 0x00000000ef700000, 0x00000000ef700000|100%| E|CS|TAMS 0x00000000ef600000| PB 0x00000000ef600000| Complete 
| 247|0x00000000ef700000, 0x00000000ef800000, 0x00000000ef800000|100%| E|CS|TAMS 0x00000000ef700000| PB 0x00000000ef700000| Complete 
| 248|0x00000000ef800000, 0x00000000ef900000, 0x00000000ef900000|100%| E|CS|TAMS 0x00000000ef800000| PB 0x00000000ef800000| Complete 
| 249|0x00000000ef900000, 0x00000000efa00000, 0x00000000efa00000|100%| E|CS|TAMS 0x00000000ef900000| PB 0x00000000ef900000| Complete 
| 250|0x00000000efa00000, 0x00000000efb00000, 0x00000000efb00000|100%| S|CS|TAMS 0x00000000efa00000| PB 0x00000000efa00000| Complete 
| 251|0x00000000efb00000, 0x00000000efc00000, 0x00000000efc00000|100%| S|CS|TAMS 0x00000000efb00000| PB 0x00000000efb00000| Complete 
| 252|0x00000000efc00000, 0x00000000efd00000, 0x00000000efd00000|100%| S|CS|TAMS 0x00000000efc00000| PB 0x00000000efc00000| Complete 
| 253|0x00000000efd00000, 0x00000000efe00000, 0x00000000efe00000|100%| E|CS|TAMS 0x00000000efd00000| PB 0x00000000efd00000| Complete 
| 254|0x00000000efe00000, 0x00000000eff00000, 0x00000000eff00000|100%| E|CS|TAMS 0x00000000efe00000| PB 0x00000000efe00000| Complete 
| 255|0x00000000eff00000, 0x00000000f0000000, 0x00000000f0000000|100%| E|CS|TAMS 0x00000000eff00000| PB 0x00000000eff00000| Complete 

Card table byte_map: [0x000001e5acba0000,0x000001e5acca0000] _byte_map_base: 0x000001e5ac4a0000

Marking Bits: (CMBitMap*) 0x000001e599f3ac70
 Bits: [0x000001e5acca0000, 0x000001e5ad4a0000)

Polling page: 0x000001e597a50000

Metaspace:

Usage:
  Non-class:     29.79 MB used.
      Class:      5.13 MB used.
       Both:     34.92 MB used.

Virtual space:
  Non-class space:       64.00 MB reserved,      30.50 MB ( 48%) committed,  1 nodes.
      Class space:      320.00 MB reserved,       5.81 MB (  2%) committed,  1 nodes.
             Both:      384.00 MB reserved,      36.31 MB (  9%) committed. 

Chunk freelists:
   Non-Class:  1.09 MB
       Class:  10.12 MB
        Both:  11.22 MB

MaxMetaspaceSize: 384.00 MB
CompressedClassSpaceSize: 320.00 MB
Initial GC threshold: 21.00 MB
Current GC threshold: 59.69 MB
CDS: on
 - commit_granule_bytes: 65536.
 - commit_granule_words: 8192.
 - virtual_space_node_default_size: 8388608.
 - enlarge_chunks_in_place: 1.
 - use_allocation_guard: 0.


Internal statistics:

num_allocs_failed_limit: 12.
num_arena_births: 2464.
num_arena_deaths: 0.
num_vsnodes_births: 2.
num_vsnodes_deaths: 0.
num_space_committed: 581.
num_space_uncommitted: 0.
num_chunks_returned_to_freelist: 12.
num_chunks_taken_from_freelist: 4151.
num_chunk_merges: 12.
num_chunk_splits: 2725.
num_chunks_enlarged: 1662.
num_inconsistent_stats: 0.

CodeHeap 'non-profiled nmethods': size=119168Kb used=2164Kb max_used=2285Kb free=117004Kb
 bounds [0x000001e5a4cb0000, 0x000001e5a4f20000, 0x000001e5ac110000]
CodeHeap 'profiled nmethods': size=119104Kb used=8104Kb max_used=8883Kb free=110999Kb
 bounds [0x000001e59d110000, 0x000001e59d9c0000, 0x000001e5a4560000]
CodeHeap 'non-nmethods': size=7488Kb used=1817Kb max_used=3035Kb free=5671Kb
 bounds [0x000001e5a4560000, 0x000001e5a4860000, 0x000001e5a4cb0000]
CodeCache: size=245760Kb, used=12085Kb, max_used=14203Kb, free=233674Kb
 total_blobs=4951, nmethods=4259, adapters=596, full_count=0
Compilation: enabled, stopped_count=0, restarted_count=0

Compilation events (20 events):
Event: 183.995 Thread 0x000001e5b05f8f30 nmethod 4725 0x000001e59d4d5e10 code [0x000001e59d4d6060, 0x000001e59d4d67b8]
Event: 184.000 Thread 0x000001e5b05f11f0 4730       4       jdk.internal.util.Preconditions::checkFromIndexSize (25 bytes)
Event: 184.001 Thread 0x000001e5b05f11f0 nmethod 4730 0x000001e5a4d24490 code [0x000001e5a4d24620, 0x000001e5a4d246f0]
Event: 184.001 Thread 0x000001e5b05f8f30 4731       3       java.io.BufferedInputStream::implRead (112 bytes)
Event: 184.003 Thread 0x000001e5b05f8f30 nmethod 4731 0x000001e59d1c6790 code [0x000001e59d1c69c0, 0x000001e59d1c7108]
Event: 184.332 Thread 0x000001e5b05f11f0 4732       4       com.google.common.io.CountingInputStream::read (33 bytes)
Event: 184.350 Thread 0x000001e5b05f11f0 nmethod 4732 0x000001e5a4d27290 code [0x000001e5a4d27560, 0x000001e5a4d28c50]
Event: 184.351 Thread 0x000001e5b05f8f30 4733       1       com.google.common.cache.LocalCache$StrongEntry::getValueReference (5 bytes)
Event: 184.352 Thread 0x000001e5b05f8f30 nmethod 4733 0x000001e5a4d26f90 code [0x000001e5a4d27120, 0x000001e5a4d271e8]
Event: 184.355 Thread 0x000001e5b05f8f30 4734       3       java.util.concurrent.atomic.AtomicReferenceArray::get (12 bytes)
Event: 184.356 Thread 0x000001e5b05f8f30 nmethod 4734 0x000001e59d1eee90 code [0x000001e59d1ef0e0, 0x000001e59d1efcd8]
Event: 184.356 Thread 0x000001e5b05f8f30 4735       3       java.lang.invoke.VarHandleGuards::guard_LI_L (89 bytes)
Event: 184.357 Thread 0x000001e5b05f11f0 4737       4       com.google.common.base.Preconditions::checkNotNull (14 bytes)
Event: 184.357 Thread 0x000001e5b05f11f0 nmethod 4737 0x000001e5a4d26c90 code [0x000001e5a4d26e20, 0x000001e5a4d26ea8]
Event: 184.358 Thread 0x000001e5b05f8f30 nmethod 4735 0x000001e59d470890 code [0x000001e59d470c20, 0x000001e59d472908]
Event: 184.358 Thread 0x000001e5b05f8f30 4736       3       java.lang.invoke.VarHandleReferences$Array::getVolatile (49 bytes)
Event: 184.359 Thread 0x000001e5b05f8f30 nmethod 4736 0x000001e59d1da810 code [0x000001e59d1daa00, 0x000001e59d1daf98]
Event: 184.482 Thread 0x000001e5b05f8f30 4740       3       org.gradle.cache.internal.DefaultFileLockManager::access$500 (4 bytes)
Event: 184.482 Thread 0x000001e5b05f8f30 nmethod 4740 0x000001e59d484c90 code [0x000001e59d484e20, 0x000001e59d484f18]
Event: 185.082 Thread 0x000001e5b05f11f0 4741       4       java.io.BufferedInputStream::implRead (112 bytes)

GC Heap History (14 events):
Event: 9.823 GC heap before
{Heap before GC invocations=0 (full 0):
 garbage-first heap   total 262144K, used 26624K [0x00000000e0000000, 0x0000000100000000)
  region size 1024K, 23 young (23552K), 0 survivors (0K)
 Metaspace       used 2863K, committed 3008K, reserved 393216K
  class space    used 334K, committed 384K, reserved 327680K
}
Event: 10.056 GC heap after
{Heap after GC invocations=1 (full 0):
 garbage-first heap   total 262144K, used 10837K [0x00000000e0000000, 0x0000000100000000)
  region size 1024K, 3 young (3072K), 3 survivors (3072K)
 Metaspace       used 2863K, committed 3008K, reserved 393216K
  class space    used 334K, committed 384K, reserved 327680K
}
Event: 19.662 GC heap before
{Heap before GC invocations=1 (full 0):
 garbage-first heap   total 262144K, used 38485K [0x00000000e0000000, 0x0000000100000000)
  region size 1024K, 30 young (30720K), 3 survivors (3072K)
 Metaspace       used 4705K, committed 4928K, reserved 393216K
  class space    used 597K, committed 704K, reserved 327680K
}
Event: 19.668 GC heap after
{Heap after GC invocations=2 (full 0):
 garbage-first heap   total 262144K, used 14379K [0x00000000e0000000, 0x0000000100000000)
  region size 1024K, 3 young (3072K), 3 survivors (3072K)
 Metaspace       used 4705K, committed 4928K, reserved 393216K
  class space    used 597K, committed 704K, reserved 327680K
}
Event: 47.124 GC heap before
{Heap before GC invocations=2 (full 0):
 garbage-first heap   total 262144K, used 85035K [0x00000000e0000000, 0x0000000100000000)
  region size 1024K, 72 young (73728K), 3 survivors (3072K)
 Metaspace       used 14897K, committed 15296K, reserved 393216K
  class space    used 2044K, committed 2240K, reserved 327680K
}
Event: 47.258 GC heap after
{Heap after GC invocations=3 (full 0):
 garbage-first heap   total 262144K, used 21585K [0x00000000e0000000, 0x0000000100000000)
  region size 1024K, 9 young (9216K), 9 survivors (9216K)
 Metaspace       used 14897K, committed 15296K, reserved 393216K
  class space    used 2044K, committed 2240K, reserved 327680K
}
Event: 53.228 GC heap before
{Heap before GC invocations=3 (full 0):
 garbage-first heap   total 262144K, used 63569K [0x00000000e0000000, 0x0000000100000000)
  region size 1024K, 51 young (52224K), 9 survivors (9216K)
 Metaspace       used 20860K, committed 21504K, reserved 393216K
  class space    used 2980K, committed 3328K, reserved 327680K
}
Event: 53.233 GC heap after
{Heap after GC invocations=4 (full 0):
 garbage-first heap   total 262144K, used 24924K [0x00000000e0000000, 0x0000000100000000)
  region size 1024K, 11 young (11264K), 11 survivors (11264K)
 Metaspace       used 20860K, committed 21504K, reserved 393216K
  class space    used 2980K, committed 3328K, reserved 327680K
}
Event: 58.548 GC heap before
{Heap before GC invocations=5 (full 0):
 garbage-first heap   total 262144K, used 125276K [0x00000000e0000000, 0x0000000100000000)
  region size 1024K, 110 young (112640K), 11 survivors (11264K)
 Metaspace       used 34646K, committed 35968K, reserved 393216K
  class space    used 5061K, committed 5696K, reserved 327680K
}
Event: 58.557 GC heap after
{Heap after GC invocations=6 (full 0):
 garbage-first heap   total 262144K, used 31415K [0x00000000e0000000, 0x0000000100000000)
  region size 1024K, 17 young (17408K), 17 survivors (17408K)
 Metaspace       used 34646K, committed 35968K, reserved 393216K
  class space    used 5061K, committed 5696K, reserved 327680K
}
Event: 80.218 GC heap before
{Heap before GC invocations=6 (full 0):
 garbage-first heap   total 262144K, used 36535K [0x00000000e0000000, 0x0000000100000000)
  region size 1024K, 23 young (23552K), 17 survivors (17408K)
 Metaspace       used 34987K, committed 36288K, reserved 393216K
  class space    used 5117K, committed 5760K, reserved 327680K
}
Event: 80.232 GC heap after
{Heap after GC invocations=7 (full 0):
 garbage-first heap   total 262144K, used 31710K [0x00000000e0000000, 0x0000000100000000)
  region size 1024K, 10 young (10240K), 10 survivors (10240K)
 Metaspace       used 34987K, committed 36288K, reserved 393216K
  class space    used 5117K, committed 5760K, reserved 327680K
}
Event: 80.978 GC heap before
{Heap before GC invocations=7 (full 0):
 garbage-first heap   total 262144K, used 33758K [0x00000000e0000000, 0x0000000100000000)
  region size 1024K, 13 young (13312K), 10 survivors (10240K)
 Metaspace       used 35244K, committed 36608K, reserved 393216K
  class space    used 5156K, committed 5824K, reserved 327680K
}
Event: 80.991 GC heap after
{Heap after GC invocations=8 (full 0):
 garbage-first heap   total 262144K, used 31336K [0x00000000e0000000, 0x0000000100000000)
  region size 1024K, 10 young (10240K), 10 survivors (10240K)
 Metaspace       used 35244K, committed 36608K, reserved 393216K
  class space    used 5156K, committed 5824K, reserved 327680K
}

Dll operation events (20 events):
Event: 0.800 Attempting to load shared library C:\Users\yoohy\.vscode\extensions\redhat.java-1.56.0-win32-x64\jre\21.0.12.1-win32-x86_64\bin\nio.dll
Event: 0.802 Loaded shared library C:\Users\yoohy\.vscode\extensions\redhat.java-1.56.0-win32-x64\jre\21.0.12.1-win32-x86_64\bin\nio.dll
Event: 0.816 Attempting to load shared library C:\Users\yoohy\.vscode\extensions\redhat.java-1.56.0-win32-x64\jre\21.0.12.1-win32-x86_64\bin\zip.dll
Event: 0.816 Loaded shared library C:\Users\yoohy\.vscode\extensions\redhat.java-1.56.0-win32-x64\jre\21.0.12.1-win32-x86_64\bin\zip.dll
Event: 3.589 Attempting to load shared library C:\Users\yoohy\.vscode\extensions\redhat.java-1.56.0-win32-x64\jre\21.0.12.1-win32-x86_64\bin\jimage.dll
Event: 3.589 Loaded shared library C:\Users\yoohy\.vscode\extensions\redhat.java-1.56.0-win32-x64\jre\21.0.12.1-win32-x86_64\bin\jimage.dll
Event: 7.619 Attempting to load shared library C:\Users\yoohy\.vscode\extensions\redhat.java-1.56.0-win32-x64\jre\21.0.12.1-win32-x86_64\bin\verify.dll
Event: 7.621 Loaded shared library C:\Users\yoohy\.vscode\extensions\redhat.java-1.56.0-win32-x64\jre\21.0.12.1-win32-x86_64\bin\verify.dll
Event: 8.663 Attempting to load shared library C:\Users\yoohy\.gradle\native\660c5614fbf4a5f2a75b1949f50a0caf5cd603558e7d8a26e50b933a0cfb79d1\windows-amd64\native-platform.dll
Event: 8.664 Loaded shared library C:\Users\yoohy\.gradle\native\660c5614fbf4a5f2a75b1949f50a0caf5cd603558e7d8a26e50b933a0cfb79d1\windows-amd64\native-platform.dll
Event: 8.691 Attempting to load shared library C:\Users\yoohy\.gradle\native\0.2.8\x86_64-windows-gnu\gradle-fileevents.dll
Event: 8.726 Loaded shared library C:\Users\yoohy\.gradle\native\0.2.8\x86_64-windows-gnu\gradle-fileevents.dll
Event: 25.026 Attempting to load shared library C:\Users\yoohy\.vscode\extensions\redhat.java-1.56.0-win32-x64\jre\21.0.12.1-win32-x86_64\bin\management.dll
Event: 25.027 Loaded shared library C:\Users\yoohy\.vscode\extensions\redhat.java-1.56.0-win32-x64\jre\21.0.12.1-win32-x86_64\bin\management.dll
Event: 25.035 Attempting to load shared library C:\Users\yoohy\.vscode\extensions\redhat.java-1.56.0-win32-x64\jre\21.0.12.1-win32-x86_64\bin\management_ext.dll
Event: 25.036 Loaded shared library C:\Users\yoohy\.vscode\extensions\redhat.java-1.56.0-win32-x64\jre\21.0.12.1-win32-x86_64\bin\management_ext.dll
Event: 28.700 Attempting to load shared library C:\Users\yoohy\.vscode\extensions\redhat.java-1.56.0-win32-x64\jre\21.0.12.1-win32-x86_64\bin\extnet.dll
Event: 28.700 Loaded shared library C:\Users\yoohy\.vscode\extensions\redhat.java-1.56.0-win32-x64\jre\21.0.12.1-win32-x86_64\bin\extnet.dll
Event: 41.103 Attempting to load shared library C:\Users\yoohy\.vscode\extensions\redhat.java-1.56.0-win32-x64\jre\21.0.12.1-win32-x86_64\bin\sunmscapi.dll
Event: 41.107 Loaded shared library C:\Users\yoohy\.vscode\extensions\redhat.java-1.56.0-win32-x64\jre\21.0.12.1-win32-x86_64\bin\sunmscapi.dll

Deoptimization events (20 events):
Event: 80.328 Thread 0x000001e5cbdffa00 Uncommon trap: trap_request=0xffffffc6 fr.pc=0x000001e5a4df2e28 relative=0x00000000000008c8
Event: 80.328 Thread 0x000001e5cbdffa00 Uncommon trap: reason=bimorphic_or_optimized_type_check action=maybe_recompile pc=0x000001e5a4df2e28 method=java.io.DataInputStream.readFully([BII)V @ 30 c2
Event: 80.328 Thread 0x000001e5cbdffa00 DEOPT PACKING pc=0x000001e5a4df2e28 sp=0x00000058268fe2b0
Event: 80.328 Thread 0x000001e5cbdffa00 DEOPT UNPACKING pc=0x000001e5a45b4422 sp=0x00000058268fe268 mode 2
Event: 80.332 Thread 0x000001e5cbdffa00 Uncommon trap: trap_request=0xffffffc6 fr.pc=0x000001e5a4ebc62c relative=0x0000000000000bac
Event: 80.332 Thread 0x000001e5cbdffa00 Uncommon trap: reason=bimorphic_or_optimized_type_check action=maybe_recompile pc=0x000001e5a4ebc62c method=java.io.BufferedInputStream.implRead([BII)I @ 100 c2
Event: 80.332 Thread 0x000001e5cbdffa00 DEOPT PACKING pc=0x000001e5a4ebc62c sp=0x00000058268fe190
Event: 80.332 Thread 0x000001e5cbdffa00 DEOPT UNPACKING pc=0x000001e5a45b4422 sp=0x00000058268fe178 mode 2
Event: 86.129 Thread 0x000001e5cbe01440 Uncommon trap: trap_request=0xffffffc6 fr.pc=0x000001e5a4ebc62c relative=0x0000000000000bac
Event: 86.129 Thread 0x000001e5cbe01440 Uncommon trap: reason=bimorphic_or_optimized_type_check action=maybe_recompile pc=0x000001e5a4ebc62c method=java.io.BufferedInputStream.implRead([BII)I @ 100 c2
Event: 86.129 Thread 0x000001e5cbe01440 DEOPT PACKING pc=0x000001e5a4ebc62c sp=0x0000005826bfe060
Event: 86.129 Thread 0x000001e5cbe01440 DEOPT UNPACKING pc=0x000001e5a45b4422 sp=0x0000005826bfe028 mode 2
Event: 181.768 Thread 0x000001e5cbdffa00 Uncommon trap: trap_request=0xffffffc6 fr.pc=0x000001e5a4ebc62c relative=0x0000000000000bac
Event: 181.768 Thread 0x000001e5cbdffa00 Uncommon trap: reason=bimorphic_or_optimized_type_check action=maybe_recompile pc=0x000001e5a4ebc62c method=java.io.BufferedInputStream.implRead([BII)I @ 100 c2
Event: 181.768 Thread 0x000001e5cbdffa00 DEOPT PACKING pc=0x000001e5a4ebc62c sp=0x00000058268fe340
Event: 181.769 Thread 0x000001e5cbdffa00 DEOPT UNPACKING pc=0x000001e5a45b4422 sp=0x00000058268fe308 mode 2
Event: 184.000 Thread 0x000001e5cbdffa00 Uncommon trap: trap_request=0xffffffc6 fr.pc=0x000001e5a4ebc62c relative=0x0000000000000bac
Event: 184.000 Thread 0x000001e5cbdffa00 Uncommon trap: reason=bimorphic_or_optimized_type_check action=maybe_recompile pc=0x000001e5a4ebc62c method=java.io.BufferedInputStream.implRead([BII)I @ 100 c2
Event: 184.000 Thread 0x000001e5cbdffa00 DEOPT PACKING pc=0x000001e5a4ebc62c sp=0x00000058268fe340
Event: 184.000 Thread 0x000001e5cbdffa00 DEOPT UNPACKING pc=0x000001e5a45b4422 sp=0x00000058268fe308 mode 2

Classes loaded (20 events):
Event: 58.567 Loading class java/nio/file/FileAlreadyExistsException
Event: 58.567 Loading class java/nio/file/FileAlreadyExistsException done
Event: 58.571 Loading class java/nio/file/AccessMode
Event: 58.572 Loading class java/nio/file/AccessMode done
Event: 80.241 Loading class java/nio/file/FileTreeWalker
Event: 80.241 Loading class java/nio/file/FileTreeWalker done
Event: 80.253 Loading class java/nio/file/FileTreeWalker$DirectoryNode
Event: 80.253 Loading class java/nio/file/FileTreeWalker$DirectoryNode done
Event: 80.253 Loading class java/nio/file/FileTreeWalker$Event
Event: 80.255 Loading class java/nio/file/FileTreeWalker$Event done
Event: 80.255 Loading class java/nio/file/FileTreeWalker$EventType
Event: 80.255 Loading class java/nio/file/FileTreeWalker$EventType done
Event: 80.255 Loading class java/nio/file/Files$3
Event: 80.255 Loading class java/nio/file/Files$3 done
Event: 80.318 Loading class java/nio/file/FileVisitResult
Event: 80.318 Loading class java/nio/file/FileVisitResult done
Event: 81.001 Loading class java/nio/charset/CharacterCodingException
Event: 81.001 Loading class java/nio/charset/CharacterCodingException done
Event: 87.491 Loading class java/util/stream/Streams$RangeIntSpliterator
Event: 87.493 Loading class java/util/stream/Streams$RangeIntSpliterator done

Classes unloaded (0 events):
No events

Classes redefined (0 events):
No events

Internal exceptions (20 events):
Event: 58.522 Thread 0x000001e5cabaf5d0 Exception <a 'java/lang/ClassNotFoundException'{0x00000000e9380038}: groovy/lang/GroovyObjectSupportBeanInfo> (0x00000000e9380038) 
thrown [s\src\hotspot\share\classfile\systemDictionary.cpp, line 313]
Event: 58.527 Thread 0x000001e5cabaf5d0 Exception <a 'java/lang/ClassNotFoundException'{0x00000000e9388fa8}: groovy/lang/GroovyObjectSupportCustomizer> (0x00000000e9388fa8) 
thrown [s\src\hotspot\share\classfile\systemDictionary.cpp, line 313]
Event: 58.531 Thread 0x000001e5cabaf5d0 Exception <a 'java/lang/ClassNotFoundException'{0x00000000e93a3e48}: org/gradle/internal/extensibility/DefaultExtraPropertiesExtensionCustomizer> (0x00000000e93a3e48) 
thrown [s\src\hotspot\share\classfile\systemDictionary.cpp, line 313]
Event: 58.536 Thread 0x000001e5cabaf5d0 Exception <a 'java/lang/IncompatibleClassChangeError'{0x00000000e93bed28}: Found class java.lang.Object, but interface was expected> (0x00000000e93bed28) 
thrown [s\src\hotspot\share\interpreter\linkResolver.cpp, line 840]
Event: 58.567 Thread 0x000001e5cabaf5d0 Exception <a 'sun/nio/fs/WindowsException'{0x00000000eff5c778}> (0x00000000eff5c778) 
thrown [s\src\hotspot\share\prims\jni.cpp, line 520]
Event: 58.573 Thread 0x000001e5cabaf5d0 Exception <a 'sun/nio/fs/WindowsException'{0x00000000eff5e4d0}> (0x00000000eff5e4d0) 
thrown [s\src\hotspot\share\prims\jni.cpp, line 520]
Event: 58.574 Thread 0x000001e5cabaf5d0 Exception <a 'sun/nio/fs/WindowsException'{0x00000000eff5f9a0}> (0x00000000eff5f9a0) 
thrown [s\src\hotspot\share\prims\jni.cpp, line 520]
Event: 58.574 Thread 0x000001e5cabaf5d0 Exception <a 'sun/nio/fs/WindowsException'{0x00000000eff60a98}> (0x00000000eff60a98) 
thrown [s\src\hotspot\share\prims\jni.cpp, line 520]
Event: 58.606 Thread 0x000001e5cabaf5d0 Exception <a 'java/lang/IncompatibleClassChangeError'{0x00000000efe3c690}: Found class java.lang.Object, but interface was expected> (0x00000000efe3c690) 
thrown [s\src\hotspot\share\interpreter\linkResolver.cpp, line 840]
Event: 80.217 Thread 0x000001e5cabaf5d0 Exception <a 'java/lang/NoSuchMethodError'{0x00000000efa27e68}: 'java.lang.Object java.lang.invoke.DirectMethodHandle$Holder.invokeSpecial(java.lang.Object, java.lang.Object, long, java.lang.Object)'> (0x00000000efa27e68) 
thrown [s\src\hotspot\share\interpreter\linkResolver.cpp, line 773]
Event: 80.233 Thread 0x000001e5cabaf5d0 Exception <a 'java/lang/NoSuchMethodError'{0x00000000eff52a00}: 'java.lang.Object java.lang.invoke.DirectMethodHandle$Holder.newInvokeSpecial(java.lang.Object, java.lang.Object, long)'> (0x00000000eff52a00) 
thrown [s\src\hotspot\share\interpreter\linkResolver.cpp, line 773]
Event: 80.234 Thread 0x000001e5cabaf5d0 Exception <a 'java/lang/NoSuchMethodError'{0x00000000eff56fe8}: 'java.lang.Object java.lang.invoke.Invokers$Holder.linkToTargetMethod(java.lang.Object, long, java.lang.Object)'> (0x00000000eff56fe8) 
thrown [s\src\hotspot\share\interpreter\linkResolver.cpp, line 773]
Event: 80.328 Thread 0x000001e5cbdffa00 Implicit null exception at 0x000001e5a4ee5e81 to 0x000001e5a4ee64e8
Event: 86.205 Thread 0x000001e5cabaf5d0 Exception <a 'java/lang/NoSuchMethodError'{0x00000000efde9170}: 'int java.lang.invoke.DirectMethodHandle$Holder.invokeSpecial(java.lang.Object, java.lang.Object, java.lang.Object, java.lang.Object)'> (0x00000000efde9170) 
thrown [s\src\hotspot\share\interpreter\linkResolver.cpp, line 773]
Event: 86.777 Thread 0x000001e5cabaf5d0 Exception <a 'java/lang/NoSuchMethodError'{0x00000000ef909f90}: 'int java.lang.invoke.DirectMethodHandle$Holder.invokeInterface(java.lang.Object, java.lang.Object)'> (0x00000000ef909f90) 
thrown [s\src\hotspot\share\interpreter\linkResolver.cpp, line 773]
Event: 87.468 Thread 0x000001e5cabaf5d0 Exception <a 'java/lang/NoSuchMethodError'{0x00000000ef97eb78}: 'java.lang.Object java.lang.invoke.DirectMethodHandle$Holder.invokeVirtual(java.lang.Object, java.lang.Object, int)'> (0x00000000ef97eb78) 
thrown [s\src\hotspot\share\interpreter\linkResolver.cpp, line 773]
Event: 180.436 Thread 0x000001e5cabaf5d0 Exception <a 'java/lang/NoSuchMethodError'{0x00000000ee8254b0}: 'java.lang.Object java.lang.invoke.DirectMethodHandle$Holder.invokeStatic(java.lang.Object, java.lang.Object, int, java.lang.Object)'> (0x00000000ee8254b0) 
thrown [s\src\hotspot\share\interpreter\linkResolver.cpp, line 773]
Event: 180.465 Thread 0x000001e5cabaf5d0 Exception <a 'java/lang/NoSuchMethodError'{0x00000000ee82c898}: 'java.lang.Object java.lang.invoke.DirectMethodHandle$Holder.newInvokeSpecial(java.lang.Object, java.lang.Object, int, java.lang.Object)'> (0x00000000ee82c898) 
thrown [s\src\hotspot\share\interpreter\linkResolver.cpp, line 773]
Event: 180.473 Thread 0x000001e5cabaf5d0 Exception <a 'java/lang/NoSuchMethodError'{0x00000000ee830fc0}: 'java.lang.Object java.lang.invoke.DirectMethodHandle$Holder.invokeSpecial(java.lang.Object, java.lang.Object, java.lang.Object, int, java.lang.Object)'> (0x00000000ee830fc0) 
thrown [s\src\hotspot\share\interpreter\linkResolver.cpp, line 773]
Event: 183.858 Thread 0x000001e5cabaf5d0 Exception <a 'java/lang/IncompatibleClassChangeError'{0x00000000ee77d058}: Found class java.lang.Object, but interface was expected> (0x00000000ee77d058) 
thrown [s\src\hotspot\share\interpreter\linkResolver.cpp, line 840]

ZGC Phase Switch (0 events):
No events

VM Operations (20 events):
Event: 145.649 Executing safepoint VM operation: Cleanup
Event: 145.649 Executing safepoint VM operation: Cleanup done
Event: 151.700 Executing safepoint VM operation: Cleanup
Event: 151.700 Executing safepoint VM operation: Cleanup done
Event: 156.769 Executing safepoint VM operation: Cleanup
Event: 156.769 Executing safepoint VM operation: Cleanup done
Event: 161.796 Executing safepoint VM operation: Cleanup
Event: 161.796 Executing safepoint VM operation: Cleanup done
Event: 164.828 Executing safepoint VM operation: Cleanup
Event: 164.829 Executing safepoint VM operation: Cleanup done
Event: 165.834 Executing safepoint VM operation: Cleanup
Event: 165.834 Executing safepoint VM operation: Cleanup done
Event: 181.016 Executing safepoint VM operation: Cleanup
Event: 181.016 Executing safepoint VM operation: Cleanup done
Event: 182.018 Executing safepoint VM operation: Cleanup
Event: 182.018 Executing safepoint VM operation: Cleanup done
Event: 184.027 Executing safepoint VM operation: Cleanup
Event: 184.028 Executing safepoint VM operation: Cleanup done
Event: 185.041 Executing safepoint VM operation: Cleanup
Event: 185.044 Executing safepoint VM operation: Cleanup done

Memory protections (0 events):
No events

Nmethod flushes (20 events):
Event: 81.062 Thread 0x000001e5b057e240 flushing  nmethod 0x000001e59d4bf990
Event: 81.062 Thread 0x000001e5b057e240 flushing  nmethod 0x000001e59d4c1890
Event: 81.062 Thread 0x000001e5b057e240 flushing  nmethod 0x000001e59d4c2e90
Event: 81.062 Thread 0x000001e5b057e240 flushing  nmethod 0x000001e59d51a390
Event: 81.062 Thread 0x000001e5b057e240 flushing  nmethod 0x000001e59d51af10
Event: 81.062 Thread 0x000001e5b057e240 flushing  nmethod 0x000001e59d51b490
Event: 81.062 Thread 0x000001e5b057e240 flushing  nmethod 0x000001e59d5dfd10
Event: 81.062 Thread 0x000001e5b057e240 flushing  nmethod 0x000001e5a4d19610
Event: 81.062 Thread 0x000001e5b057e240 flushing  nmethod 0x000001e5a4d1af90
Event: 81.062 Thread 0x000001e5b057e240 flushing  nmethod 0x000001e5a4d1c390
Event: 81.062 Thread 0x000001e5b057e240 flushing  nmethod 0x000001e5a4d1f910
Event: 81.063 Thread 0x000001e5b057e240 flushing  nmethod 0x000001e5a4d20c10
Event: 81.063 Thread 0x000001e5b057e240 flushing  nmethod 0x000001e5a4d21310
Event: 81.063 Thread 0x000001e5b057e240 flushing  nmethod 0x000001e59d600690
Event: 81.063 Thread 0x000001e5b057e240 flushing  nmethod 0x000001e5a4d2a490
Event: 81.063 Thread 0x000001e5b057e240 flushing  nmethod 0x000001e5a4d2cc10
Event: 81.063 Thread 0x000001e5b057e240 flushing  nmethod 0x000001e5a4d2cf90
Event: 81.063 Thread 0x000001e5b057e240 flushing  nmethod 0x000001e5a4d80d90
Event: 81.063 Thread 0x000001e5b057e240 flushing  nmethod 0x000001e5a4db5790
Event: 81.063 Thread 0x000001e5b057e240 flushing  nmethod 0x000001e5a4db6e90

Events (20 events):
Event: 52.591 Thread 0x000001e5b05f8f30 Thread added: 0x000001e5cabab160
Event: 53.214 Thread 0x000001e5cabab160 Thread exited: 0x000001e5cabab160
Event: 54.308 Thread 0x000001e5b05f8f30 Thread added: 0x000001e5cabac5d0
Event: 54.376 Thread 0x000001e5cabaf5d0 Thread added: 0x000001e5cc9c57c0
Event: 54.407 Thread 0x000001e5cabaf5d0 Thread added: 0x000001e5cc9c64e0
Event: 55.136 Thread 0x000001e5cabaf5d0 Thread added: 0x000001e5cc9c7f20
Event: 55.325 Thread 0x000001e5cabaf5d0 Thread added: 0x000001e5cc9c7890
Event: 55.607 Thread 0x000001e5cabaf5d0 Thread added: 0x000001e5cc9c92d0
Event: 55.936 Thread 0x000001e5cabaf5d0 Thread added: 0x000001e5cc9c85b0
Event: 56.768 Thread 0x000001e5cabaf5d0 Thread added: 0x000001e5cc9c5e50
Event: 57.087 Thread 0x000001e5cabaf5d0 Thread added: 0x000001e5cc9ca680
Event: 58.078 Thread 0x000001e5cabac5d0 Thread added: 0x000001e5cabab160
Event: 58.251 Thread 0x000001e5cabab160 Thread exited: 0x000001e5cabab160
Event: 58.266 Thread 0x000001e5b05f8f30 Thread added: 0x000001e5cabab830
Event: 59.347 Thread 0x000001e5cabab830 Thread exited: 0x000001e5cabab830
Event: 59.347 Thread 0x000001e5cabac5d0 Thread exited: 0x000001e5cabac5d0
Event: 59.347 Thread 0x000001e5cababf00 Thread exited: 0x000001e5cababf00
Event: 146.191 Thread 0x000001e5cbdfece0 Thread exited: 0x000001e5cbdfece0
Event: 180.081 Thread 0x000001e5cbdfe650 Thread added: 0x000001e5cc9c9960
Event: 180.504 Thread 0x000001e5cabaf5d0 Thread added: 0x000001e5cc9c9ff0


Dynamic libraries:
0x00007ff664880000 - 0x00007ff66488e000 	C:\Users\yoohy\.vscode\extensions\redhat.java-1.56.0-win32-x64\jre\21.0.12.1-win32-x86_64\bin\java.exe
0x00007ffa53940000 - 0x00007ffa53ba6000 	C:\windows\SYSTEM32\ntdll.dll
0x00007ffa517e0000 - 0x00007ffa518a9000 	C:\windows\System32\KERNEL32.DLL
0x00007ffa50c80000 - 0x00007ffa5107f000 	C:\windows\System32\KERNELBASE.dll
0x00007ffa51150000 - 0x00007ffa5129c000 	C:\windows\System32\ucrtbase.dll
0x00007ff9bb0e0000 - 0x00007ff9bb0f8000 	C:\Users\yoohy\.vscode\extensions\redhat.java-1.56.0-win32-x64\jre\21.0.12.1-win32-x86_64\bin\jli.dll
0x00007ff9bbe30000 - 0x00007ff9bbe4e000 	C:\Users\yoohy\.vscode\extensions\redhat.java-1.56.0-win32-x64\jre\21.0.12.1-win32-x86_64\bin\VCRUNTIME140.dll
0x00007ffa52020000 - 0x00007ffa521e6000 	C:\windows\System32\USER32.dll
0x00007ffa34650000 - 0x00007ffa348e1000 	C:\windows\WinSxS\amd64_microsoft.windows.common-controls_6595b64144ccf1df_6.0.26100.8972_none_3e0da176e32f9d4b\COMCTL32.dll
0x00007ffa514f0000 - 0x00007ffa51517000 	C:\windows\System32\win32u.dll
0x00007ffa53330000 - 0x00007ffa533d9000 	C:\windows\System32\msvcrt.dll
0x00007ffa531c0000 - 0x00007ffa531eb000 	C:\windows\System32\GDI32.dll
0x00007ffa50b50000 - 0x00007ffa50c79000 	C:\windows\System32\gdi32full.dll
0x00007ffa51440000 - 0x00007ffa514e3000 	C:\windows\System32\msvcp_win.dll
0x00007ffa52e10000 - 0x00007ffa52e42000 	C:\windows\System32\IMM32.DLL
0x00007ffa337b0000 - 0x00007ffa337bc000 	C:\Users\yoohy\.vscode\extensions\redhat.java-1.56.0-win32-x64\jre\21.0.12.1-win32-x86_64\bin\vcruntime140_1.dll
0x00007ff99d010000 - 0x00007ff99d09d000 	C:\Users\yoohy\.vscode\extensions\redhat.java-1.56.0-win32-x64\jre\21.0.12.1-win32-x86_64\bin\msvcp140.dll
0x00007ff99c260000 - 0x00007ff99d002000 	C:\Users\yoohy\.vscode\extensions\redhat.java-1.56.0-win32-x64\jre\21.0.12.1-win32-x86_64\bin\server\jvm.dll
0x00007ffa53830000 - 0x00007ffa538ec000 	C:\windows\System32\ADVAPI32.dll
0x00007ffa536f0000 - 0x00007ffa5379a000 	C:\windows\System32\sechost.dll
0x00007ffa519b0000 - 0x00007ffa51ac8000 	C:\windows\System32\RPCRT4.dll
0x00007ffa533e0000 - 0x00007ffa53462000 	C:\windows\System32\WS2_32.dll
0x00007ffa509b0000 - 0x00007ffa50a0e000 	C:\windows\SYSTEM32\POWRPROF.dll
0x00007ffa37940000 - 0x00007ffa37976000 	C:\windows\SYSTEM32\WINMM.dll
0x00007ffa30cf0000 - 0x00007ffa30cfb000 	C:\windows\SYSTEM32\VERSION.dll
0x00007ffa50990000 - 0x00007ffa509a5000 	C:\windows\SYSTEM32\UMPDC.dll
0x00007ffa4f830000 - 0x00007ffa4f84b000 	C:\windows\SYSTEM32\kernel.appcore.dll
0x00007ffa27d20000 - 0x00007ffa27d2a000 	C:\Users\yoohy\.vscode\extensions\redhat.java-1.56.0-win32-x64\jre\21.0.12.1-win32-x86_64\bin\jimage.dll
0x00007ffa4d910000 - 0x00007ffa4db52000 	C:\windows\SYSTEM32\DBGHELP.DLL
0x00007ffa51ad0000 - 0x00007ffa51e55000 	C:\windows\System32\combase.dll
0x00007ffa52f00000 - 0x00007ffa52fd9000 	C:\windows\System32\OLEAUT32.dll
0x00007ffa2a450000 - 0x00007ffa2a48b000 	C:\windows\SYSTEM32\dbgcore.DLL
0x00007ffa515b0000 - 0x00007ffa5165c000 	C:\windows\System32\bcryptPrimitives.dll
0x00007ffa27cf0000 - 0x00007ffa27cff000 	C:\Users\yoohy\.vscode\extensions\redhat.java-1.56.0-win32-x64\jre\21.0.12.1-win32-x86_64\bin\instrument.dll
0x00007ff9ba9b0000 - 0x00007ff9ba9d0000 	C:\Users\yoohy\.vscode\extensions\redhat.java-1.56.0-win32-x64\jre\21.0.12.1-win32-x86_64\bin\java.dll
0x00007ffa52680000 - 0x00007ffa52e08000 	C:\windows\System32\SHELL32.dll
0x00007ffa4e5d0000 - 0x00007ffa4ee6b000 	C:\windows\SYSTEM32\windows.storage.dll
0x00007ffa53470000 - 0x00007ffa53569000 	C:\windows\System32\SHCORE.dll
0x00007ffa518b0000 - 0x00007ffa51916000 	C:\windows\System32\shlwapi.dll
0x00007ffa50a70000 - 0x00007ffa50a99000 	C:\windows\SYSTEM32\profapi.dll
0x00007ff9ba990000 - 0x00007ff9ba9a8000 	C:\Users\yoohy\.vscode\extensions\redhat.java-1.56.0-win32-x64\jre\21.0.12.1-win32-x86_64\bin\zip.dll
0x00007ffa27b30000 - 0x00007ffa27b40000 	C:\Users\yoohy\.vscode\extensions\redhat.java-1.56.0-win32-x64\jre\21.0.12.1-win32-x86_64\bin\net.dll
0x00007ffa48330000 - 0x00007ffa48458000 	C:\windows\SYSTEM32\WINHTTP.dll
0x00007ffa4fde0000 - 0x00007ffa4fe4c000 	C:\windows\system32\mswsock.dll
0x00007ff9ba8b0000 - 0x00007ff9ba8c6000 	C:\Users\yoohy\.vscode\extensions\redhat.java-1.56.0-win32-x64\jre\21.0.12.1-win32-x86_64\bin\nio.dll
0x00007ffa16990000 - 0x00007ffa169a0000 	C:\Users\yoohy\.vscode\extensions\redhat.java-1.56.0-win32-x64\jre\21.0.12.1-win32-x86_64\bin\verify.dll
0x00007ffa29420000 - 0x00007ffa29447000 	C:\Users\yoohy\.gradle\native\660c5614fbf4a5f2a75b1949f50a0caf5cd603558e7d8a26e50b933a0cfb79d1\windows-amd64\native-platform.dll
0x00007ffa10030000 - 0x00007ffa100a7000 	C:\Users\yoohy\.gradle\native\0.2.8\x86_64-windows-gnu\gradle-fileevents.dll
0x00007ffa316c0000 - 0x00007ffa316ca000 	C:\Users\yoohy\.vscode\extensions\redhat.java-1.56.0-win32-x64\jre\21.0.12.1-win32-x86_64\bin\management.dll
0x00007ffa29ee0000 - 0x00007ffa29eec000 	C:\Users\yoohy\.vscode\extensions\redhat.java-1.56.0-win32-x64\jre\21.0.12.1-win32-x86_64\bin\management_ext.dll
0x00007ffa532f0000 - 0x00007ffa532f8000 	C:\windows\System32\PSAPI.DLL
0x00007ffa4f280000 - 0x00007ffa4f2b3000 	C:\windows\SYSTEM32\IPHLPAPI.DLL
0x00007ffa51920000 - 0x00007ffa5192a000 	C:\windows\System32\NSI.dll
0x00007ffa316d0000 - 0x00007ffa316d9000 	C:\Users\yoohy\.vscode\extensions\redhat.java-1.56.0-win32-x64\jre\21.0.12.1-win32-x86_64\bin\extnet.dll
0x00007ffa500d0000 - 0x00007ffa500eb000 	C:\windows\SYSTEM32\CRYPTSP.dll
0x00007ffa4f790000 - 0x00007ffa4f7c9000 	C:\windows\system32\rsaenh.dll
0x00007ffa4fe90000 - 0x00007ffa4fec2000 	C:\windows\SYSTEM32\USERENV.dll
0x00007ffa50a40000 - 0x00007ffa50a6a000 	C:\windows\SYSTEM32\bcrypt.dll
0x00007ffa500f0000 - 0x00007ffa500fc000 	C:\windows\SYSTEM32\CRYPTBASE.dll
0x00007ffa317d0000 - 0x00007ffa317de000 	C:\Users\yoohy\.vscode\extensions\redhat.java-1.56.0-win32-x64\jre\21.0.12.1-win32-x86_64\bin\sunmscapi.dll
0x00007ffa512b0000 - 0x00007ffa5142e000 	C:\windows\System32\CRYPT32.dll
0x00007ffa50310000 - 0x00007ffa50340000 	C:\windows\SYSTEM32\ncrypt.dll
0x00007ffa502c0000 - 0x00007ffa502ff000 	C:\windows\SYSTEM32\NTASN1.dll
0x00007ffa31ae0000 - 0x00007ffa31ae8000 	C:\windows\system32\wshunix.dll

JVMTI agents:
C:\Users\yoohy\.gradle\wrapper\dists\gradle-9.5.1-bin\iq79hdu3mqx29lgffhp8bfmx\gradle-9.5.1\lib\agents\gradle-instrumentation-agent-9.5.1.jar path:C:\Users\yoohy\.vscode\extensions\redhat.java-1.56.0-win32-x64\jre\21.0.12.1-win32-x86_64\bin\instrument.dll, loaded, initialized, instrumentlib options:none

dbghelp: loaded successfully - version: 4.0.5 - missing functions: none
symbol engine: initialized successfully - sym options: 0x614 - pdb path: .;C:\Users\yoohy\.vscode\extensions\redhat.java-1.56.0-win32-x64\jre\21.0.12.1-win32-x86_64\bin;C:\windows\SYSTEM32;C:\windows\WinSxS\amd64_microsoft.windows.common-controls_6595b64144ccf1df_6.0.26100.8972_none_3e0da176e32f9d4b;C:\Users\yoohy\.vscode\extensions\redhat.java-1.56.0-win32-x64\jre\21.0.12.1-win32-x86_64\bin\server;C:\Users\yoohy\.gradle\native\660c5614fbf4a5f2a75b1949f50a0caf5cd603558e7d8a26e50b933a0cfb79d1\windows-amd64;C:\Users\yoohy\.gradle\native\0.2.8\x86_64-windows-gnu

VM Arguments:
jvm_args: --add-opens=java.base/java.lang=ALL-UNNAMED --add-opens=java.base/java.lang.invoke=ALL-UNNAMED --add-opens=java.base/java.util=ALL-UNNAMED --add-opens=java.prefs/java.util.prefs=ALL-UNNAMED --add-exports=jdk.compiler/com.sun.tools.javac.api=ALL-UNNAMED --add-exports=jdk.compiler/com.sun.tools.javac.util=ALL-UNNAMED --add-opens=java.base/java.nio.charset=ALL-UNNAMED --add-opens=java.base/java.net=ALL-UNNAMED --add-opens=java.base/java.util.concurrent=ALL-UNNAMED --add-opens=java.base/java.util.concurrent.atomic=ALL-UNNAMED --add-opens=java.xml/javax.xml.namespace=ALL-UNNAMED --add-opens=java.base/java.time=ALL-UNNAMED -XX:MaxMetaspaceSize=384m -XX:+HeapDumpOnOutOfMemoryError -Xms256m -Xmx512m -Dfile.encoding=UTF-8 -Duser.country=KR -Duser.language=ko -Duser.variant -javaagent:C:\Users\yoohy\.gradle\wrapper\dists\gradle-9.5.1-bin\iq79hdu3mqx29lgffhp8bfmx\gradle-9.5.1\lib\agents\gradle-instrumentation-agent-9.5.1.jar 
java_command: org.gradle.launcher.daemon.bootstrap.GradleDaemon 9.5.1
java_class_path (initial): C:\Users\yoohy\.gradle\wrapper\dists\gradle-9.5.1-bin\iq79hdu3mqx29lgffhp8bfmx\gradle-9.5.1\lib\gradle-daemon-main-9.5.1.jar
Launcher Type: SUN_STANDARD

[Global flags]
     intx CICompilerCount                          = 12                                        {product} {ergonomic}
   size_t CompressedClassSpaceSize                 = 335544320                                 {product} {ergonomic}
     uint ConcGCThreads                            = 4                                         {product} {ergonomic}
     uint G1ConcRefinementThreads                  = 14                                        {product} {ergonomic}
   size_t G1HeapRegionSize                         = 1048576                                   {product} {ergonomic}
    uintx GCDrainStackTargetSize                   = 64                                        {product} {ergonomic}
     bool HeapDumpOnOutOfMemoryError               = true                                   {manageable} {command line}
   size_t InitialHeapSize                          = 268435456                                 {product} {command line}
   size_t MarkStackSize                            = 4194304                                   {product} {ergonomic}
   size_t MaxHeapSize                              = 536870912                                 {product} {command line}
   size_t MaxMetaspaceSize                         = 402653184                                 {product} {command line}
   size_t MaxNewSize                               = 321912832                                 {product} {ergonomic}
   size_t MinHeapDeltaBytes                        = 1048576                                   {product} {ergonomic}
   size_t MinHeapSize                              = 268435456                                 {product} {command line}
    uintx NonNMethodCodeHeapSize                   = 7602480                                {pd product} {ergonomic}
    uintx NonProfiledCodeHeapSize                  = 122027880                              {pd product} {ergonomic}
    uintx ProfiledCodeHeapSize                     = 122027880                              {pd product} {ergonomic}
    uintx ReservedCodeCacheSize                    = 251658240                              {pd product} {ergonomic}
     bool SegmentedCodeCache                       = true                                      {product} {ergonomic}
   size_t SoftMaxHeapSize                          = 536870912                              {manageable} {ergonomic}
     bool UseCompressedOops                        = true                           {product lp64_product} {ergonomic}
     bool UseG1GC                                  = true                                      {product} {ergonomic}
     bool UseLargePagesIndividualAllocation        = false                                  {pd product} {ergonomic}

Logging:
Log output configuration:
 #0: stdout all=warning uptime,level,tags foldmultilines=false
 #1: stderr all=off uptime,level,tags foldmultilines=false

Release file:
JAVA_VERSION="21.0.12.1" 
MODULES="java.base java.compiler java.datatransfer java.xml java.prefs java.desktop java.instrument java.logging java.management java.security.sasl java.naming java.rmi java.management.rmi java.net.http java.scripting java.security.jgss java.transaction.xa java.sql java.sql.rowset java.xml.crypto java.se java.smartcardio jdk.accessibility jdk.internal.jvmstat jdk.attach jdk.charsets jdk.internal.opt jdk.zipfs jdk.compiler jdk.crypto.ec jdk.crypto.cryptoki jdk.crypto.mscapi jdk.dynalink jdk.internal.ed jdk.editpad jdk.hotspot.agent jdk.httpserver jdk.internal.le jdk.internal.vm.ci jdk.internal.vm.compiler jdk.internal.vm.compiler.management jdk.jartool jdk.javadoc jdk.jcmd jdk.management jdk.management.agent jdk.jconsole jdk.jdeps jdk.jdwp.agent jdk.jdi jdk.jfr jdk.jshell jdk.jsobject jdk.jstatd jdk.localedata jdk.management.jfr jdk.naming.dns jdk.naming.rmi jdk.net jdk.nio.mapmode jdk.random jdk.sctp jdk.security.auth jdk.security.jgss jdk.unsupported jdk.unsupported.desktop jdk.xml.dom" 

Environment Variables:
PATH=C:\Program Files\Common Files\Oracle\Java\javapath;C:\windows\system32;C:\windows;C:\windows\System32\Wbem;C:\windows\System32\WindowsPowerShell\v1.0\;C:\windows\System32\OpenSSH\;C:\Program Files\MySQL\MySQL Server 8.0\bin;C:\Program Files\dotnet\;C:\Program Files\Git\cmd;C:\Users\yoohy\.local\bin;C:\Users\yoohy\AppData\Local\Microsoft\WindowsApps;C:\Users\yoohy\AppData\Local\Programs\Microsoft VS Code\bin;C:\ProgramData\anaconda3;C:\ProgramData\anaconda3\Library;C:\ProgramData\anaconda3\Scripts;C:\Users\yoohy\AppData\Local\Programs\Antigravity\bin
USERNAME=yoohy
OS=Windows_NT
PROCESSOR_IDENTIFIER=Intel64 Family 6 Model 170 Stepping 4, GenuineIntel
TMP=C:\Users\yoohy\AppData\Local\Temp
TEMP=C:\Users\yoohy\AppData\Local\Temp




Periodic native trim disabled

---------------  S Y S T E M  ---------------

OS:
 Windows 11 , 64 bit Build 26100 (10.0.26100.9168)
OS uptime: 0 days 0:46 hours
Hyper-V role detected

CPU: total 18 (initial active 18) (9 cores per cpu, 2 threads per core) family 6 model 170 stepping 4 microcode 0x1a, cx8, cmov, fxsr, ht, mmx, 3dnowpref, sse, sse2, sse3, ssse3, sse4.1, sse4.2, popcnt, lzcnt, tsc, tscinvbit, avx, avx2, aes, erms, clmul, bmi1, bmi2, adx, sha, fma, vzeroupper, clflush, clflushopt, clwb, hv, serialize, rdtscp, rdpid, fsrm, f16c, cet_ibt, cet_ss
Processor Information for processor 0
  Max Mhz: 1200, Current Mhz: 1200, Mhz Limit: 1200
Processor Information for processor 1
  Max Mhz: 1200, Current Mhz: 1200, Mhz Limit: 1200
Processor Information for processor 2
  Max Mhz: 3600, Current Mhz: 700, Mhz Limit: 684
Processor Information for processor 3
  Max Mhz: 3600, Current Mhz: 700, Mhz Limit: 684
Processor Information for processor 4
  Max Mhz: 3600, Current Mhz: 700, Mhz Limit: 684
Processor Information for processor 5
  Max Mhz: 3600, Current Mhz: 700, Mhz Limit: 684
Processor Information for processor 6
  Max Mhz: 3600, Current Mhz: 700, Mhz Limit: 684
Processor Information for processor 7
  Max Mhz: 3600, Current Mhz: 700, Mhz Limit: 684
Processor Information for processor 8
  Max Mhz: 3600, Current Mhz: 700, Mhz Limit: 684
Processor Information for processor 9
  Max Mhz: 3600, Current Mhz: 700, Mhz Limit: 684
Processor Information for processor 10
  Max Mhz: 1200, Current Mhz: 1200, Mhz Limit: 1200
Processor Information for processor 11
  Max Mhz: 1200, Current Mhz: 1200, Mhz Limit: 1200
Processor Information for processor 12
  Max Mhz: 1200, Current Mhz: 1200, Mhz Limit: 1200
Processor Information for processor 13
  Max Mhz: 1200, Current Mhz: 1200, Mhz Limit: 1200
Processor Information for processor 14
  Max Mhz: 1200, Current Mhz: 1200, Mhz Limit: 1200
Processor Information for processor 15
  Max Mhz: 1200, Current Mhz: 1200, Mhz Limit: 1200
Processor Information for processor 16
  Max Mhz: 2500, Current Mhz: 700, Mhz Limit: 700
Processor Information for processor 17
  Max Mhz: 2500, Current Mhz: 700, Mhz Limit: 700

Memory: 4k page, system-wide physical 15953M (261M free)
TotalPageFile size 65105M (AvailPageFile size 1M)
current process WorkingSet (physical memory assigned to process): 66M, peak: 281M
current process commit charge ("private bytes"): 446M, peak: 459M

vm_info: OpenJDK 64-Bit Server VM (21.0.12.1+1-LTS) for windows-amd64 JRE (21.0.12.1+1-LTS), built on 2026-08-18T00:00:00Z by "admin" with MS VC++ 17.12 (VS2022)

END.
