#
# There is insufficient memory for the Java Runtime Environment to continue.
# Native memory allocation (malloc) failed to allocate 185936 bytes. Error detail: Chunk::new
# Possible reasons:
#   The system is out of physical RAM or swap space
#   This process is running with CompressedOops enabled, and the Java Heap may be blocking the growth of the native heap
# Possible solutions:
#   Reduce memory load on the system
#   Increase physical memory or swap space
#   Check if swap backing store is full
#   Decrease Java heap size (-Xmx/-Xms)
#   Decrease number of Java threads
#   Decrease Java thread stack sizes (-Xss)
#   Set larger code cache with -XX:ReservedCodeCacheSize=
#   JVM is running with Unscaled Compressed Oops mode in which the Java heap is
#     placed in the first 4GB address space. The Java Heap base address is the
#     maximum limit for the native heap growth. Please use -XX:HeapBaseMinAddress
#     to set the Java Heap base and to place the Java Heap above 4GB virtual address.
# This output file may be truncated or incomplete.
#
#  Out of Memory Error (arena.cpp:168), pid=25844, tid=38764
#
# JRE version: OpenJDK Runtime Environment Temurin-21.0.12.1+1 (21.0.12.1+1) (build 21.0.12.1+1-LTS)
# Java VM: OpenJDK 64-Bit Server VM Temurin-21.0.12.1+1 (21.0.12.1+1-LTS, mixed mode, sharing, tiered, compressed oops, compressed class ptrs, g1 gc, windows-amd64)
# No core dump will be written. Minidumps are not enabled by default on client versions of Windows
#

---------------  S U M M A R Y ------------

Command Line: --add-opens=java.base/java.lang=ALL-UNNAMED --add-opens=java.base/java.lang.invoke=ALL-UNNAMED --add-opens=java.base/java.util=ALL-UNNAMED --add-opens=java.prefs/java.util.prefs=ALL-UNNAMED --add-exports=jdk.compiler/com.sun.tools.javac.api=ALL-UNNAMED --add-exports=jdk.compiler/com.sun.tools.javac.util=ALL-UNNAMED --add-opens=java.base/java.nio.charset=ALL-UNNAMED --add-opens=java.base/java.net=ALL-UNNAMED --add-opens=java.base/java.util.concurrent=ALL-UNNAMED --add-opens=java.base/java.util.concurrent.atomic=ALL-UNNAMED --add-opens=java.xml/javax.xml.namespace=ALL-UNNAMED --add-opens=java.base/java.time=ALL-UNNAMED -XX:MaxMetaspaceSize=384m -XX:+HeapDumpOnOutOfMemoryError -Xms256m -Xmx512m -Dfile.encoding=UTF-8 -Duser.country=KR -Duser.language=ko -Duser.variant -javaagent:C:\Users\yoohy\.gradle\wrapper\dists\gradle-9.5.1-bin\iq79hdu3mqx29lgffhp8bfmx\gradle-9.5.1\lib\agents\gradle-instrumentation-agent-9.5.1.jar org.gradle.launcher.daemon.bootstrap.GradleDaemon 9.5.1

Host: Intel(R) Core(TM) Ultra 5 125H, 18 cores, 15G,  Windows 11 , 64 bit Build 26100 (10.0.26100.9168)
Time: Mon Sep  7 10:24:57 2026 elapsed time: 163.129913 seconds (0d 0h 2m 43s)

---------------  T H R E A D  ---------------

Current thread (0x00000174b10b21c0):  JavaThread "C2 CompilerThread0" daemon [_thread_in_native, id=38764, stack(0x0000006ca7100000,0x0000006ca7200000) (1024K)]


Current CompileTask:
C2:163129 5257       4       java.io.BufferedInputStream::implRead (112 bytes)

Stack: [0x0000006ca7100000,0x0000006ca7200000]
Native frames: (J=compiled Java code, j=interpreted, Vv=VM code, C=native code)
V  [jvm.dll+0x6d83e9]
V  [jvm.dll+0x8b5736]
V  [jvm.dll+0x8b7cee]
V  [jvm.dll+0x8b83d3]
V  [jvm.dll+0x284596]
V  [jvm.dll+0xc685d]
V  [jvm.dll+0xc6da1]
V  [jvm.dll+0x3bf151]
V  [jvm.dll+0x38b6d2]
V  [jvm.dll+0x38ab1a]
V  [jvm.dll+0x24c700]
V  [jvm.dll+0x24bce0]
V  [jvm.dll+0x1cb4ae]
V  [jvm.dll+0x25baad]
V  [jvm.dll+0x25a03a]
V  [jvm.dll+0x3f8aae]
V  [jvm.dll+0x8600cd]
V  [jvm.dll+0x6d6c1d]
C  [ucrtbase.dll+0x2cd30]
C  [KERNEL32.DLL+0x2ccb7]
C  [ntdll.dll+0xaad6c]


---------------  P R O C E S S  ---------------

Threads class SMR info:
_java_thread_list=0x00000174cd9d1d00, length=34, elements={
0x0000017498c9ee30, 0x00000174b10a9a20, 0x00000174b10ac490, 0x00000174b10af510,
0x00000174b10aff70, 0x00000174b10b09d0, 0x00000174b10b1430, 0x00000174b10b21c0,
0x00000174b10c60a0, 0x00000174b124db70, 0x00000174b12d9920, 0x00000174cc1065f0,
0x00000174cb4458a0, 0x00000174cc5637c0, 0x00000174cb546010, 0x00000174cb32c0f0,
0x00000174cb8a17d0, 0x00000174cb89e9e0, 0x00000174cb8a3f30, 0x00000174cb8a3210,
0x00000174cb8a4c50, 0x00000174cb8a0420, 0x00000174cb89f700, 0x00000174cb8a0ab0,
0x00000174cb8a1140, 0x00000174cb8a2b80, 0x00000174cc4eb1d0, 0x00000174cc4e9100,
0x00000174cc4ea4b0, 0x00000174cc4eab40, 0x00000174cc4eb860, 0x00000174cc4ebef0,
0x00000174cc4ec580, 0x00000174cb32d4a0
}

Java Threads: ( => current thread )
  0x0000017498c9ee30 JavaThread "main"                              [_thread_blocked, id=52572, stack(0x0000006ca6300000,0x0000006ca6400000) (1024K)]
  0x00000174b10a9a20 JavaThread "Reference Handler"          daemon [_thread_blocked, id=48720, stack(0x0000006ca6b00000,0x0000006ca6c00000) (1024K)]
  0x00000174b10ac490 JavaThread "Finalizer"                  daemon [_thread_blocked, id=46120, stack(0x0000006ca6c00000,0x0000006ca6d00000) (1024K)]
  0x00000174b10af510 JavaThread "Signal Dispatcher"          daemon [_thread_blocked, id=52724, stack(0x0000006ca6d00000,0x0000006ca6e00000) (1024K)]
  0x00000174b10aff70 JavaThread "Attach Listener"            daemon [_thread_blocked, id=50928, stack(0x0000006ca6e00000,0x0000006ca6f00000) (1024K)]
  0x00000174b10b09d0 JavaThread "Service Thread"             daemon [_thread_blocked, id=49604, stack(0x0000006ca6f00000,0x0000006ca7000000) (1024K)]
  0x00000174b10b1430 JavaThread "Monitor Deflation Thread"   daemon [_thread_blocked, id=47208, stack(0x0000006ca7000000,0x0000006ca7100000) (1024K)]
=>0x00000174b10b21c0 JavaThread "C2 CompilerThread0"         daemon [_thread_in_native, id=38764, stack(0x0000006ca7100000,0x0000006ca7200000) (1024K)]
  0x00000174b10c60a0 JavaThread "C1 CompilerThread0"         daemon [_thread_blocked, id=48368, stack(0x0000006ca7200000,0x0000006ca7300000) (1024K)]
  0x00000174b124db70 JavaThread "Common-Cleaner"             daemon [_thread_blocked, id=45376, stack(0x0000006ca7600000,0x0000006ca7700000) (1024K)]
  0x00000174b12d9920 JavaThread "Notification Thread"        daemon [_thread_blocked, id=48452, stack(0x0000006ca7700000,0x0000006ca7800000) (1024K)]
  0x00000174cc1065f0 JavaThread "Daemon health stats"               [_thread_blocked, id=52600, stack(0x0000006ca7d00000,0x0000006ca7e00000) (1024K)]
  0x00000174cb4458a0 JavaThread "Incoming local TCP Connector on port 59287"        [_thread_in_native, id=47288, stack(0x0000006ca7300000,0x0000006ca7400000) (1024K)]
  0x00000174cc5637c0 JavaThread "Daemon periodic checks"            [_thread_blocked, id=26564, stack(0x0000006ca7500000,0x0000006ca7600000) (1024K)]
  0x00000174cb546010 JavaThread "Daemon worker"                     [_thread_blocked, id=49080, stack(0x0000006ca8100000,0x0000006ca8200000) (1024K)]
  0x00000174cb32c0f0 JavaThread "Daemon Thread 2"                   [_thread_blocked, id=45772, stack(0x0000006ca7e00000,0x0000006ca7f00000) (1024K)]
  0x00000174cb8a17d0 JavaThread "Handler for socket connection from /127.0.0.1:59287 to /127.0.0.1:61859"        [_thread_in_native, id=48684, stack(0x0000006ca7400000,0x0000006ca7500000) (1024K)]
  0x00000174cb89e9e0 JavaThread "Cancel handler"                    [_thread_blocked, id=48712, stack(0x0000006ca8600000,0x0000006ca8700000) (1024K)]
  0x00000174cb8a3f30 JavaThread "Asynchronous log dispatcher for DefaultDaemonConnection: socket connection from /127.0.0.1:59287 to /127.0.0.1:61859"        [_thread_blocked, id=53264, stack(0x0000006ca8e00000,0x0000006ca8f00000) (1024K)]
  0x00000174cb8a3210 JavaThread "Stdin handler"                     [_thread_blocked, id=54212, stack(0x0000006ca8f00000,0x0000006ca9000000) (1024K)]
  0x00000174cb8a4c50 JavaThread "Daemon client event forwarder"        [_thread_blocked, id=49836, stack(0x0000006ca9000000,0x0000006ca9100000) (1024K)]
  0x00000174cb8a0420 JavaThread "Cache worker for journal cache (C:\Users\yoohy\.gradle\caches\journal-1)"        [_thread_blocked, id=55076, stack(0x0000006ca8500000,0x0000006ca8600000) (1024K)]
  0x00000174cb89f700 JavaThread "File lock request listener"        [_thread_in_native, id=17704, stack(0x0000006ca8700000,0x0000006ca8800000) (1024K)]
  0x00000174cb8a0ab0 JavaThread "File lock release action executor"        [_thread_blocked, id=55884, stack(0x0000006ca8800000,0x0000006ca8900000) (1024K)]
  0x00000174cb8a1140 JavaThread "Cache worker for file hash cache (C:\Users\yoohy\.gradle\caches\9.5.1\fileHashes)"        [_thread_blocked, id=49856, stack(0x0000006ca8900000,0x0000006ca8a00000) (1024K)]
  0x00000174cb8a2b80 JavaThread "Cache worker for file hash cache (C:\Users\yoohy\OneDrive\바탕 화면\springweb\.gradle\9.5.1\fileHashes)"        [_thread_blocked, id=43804, stack(0x0000006ca8c00000,0x0000006ca8d00000) (1024K)]
  0x00000174cc4eb1d0 JavaThread "Cache worker for Build Output Cleanup Cache (C:\Users\yoohy\OneDrive\바탕 화면\springweb\.gradle\buildOutputCleanup)"        [_thread_blocked, id=52564, stack(0x0000006ca8b00000,0x0000006ca8c00000) (1024K)]
  0x00000174cc4e9100 JavaThread "File watcher server"        daemon [_thread_in_native, id=45920, stack(0x0000006ca8d00000,0x0000006ca8e00000) (1024K)]
  0x00000174cc4ea4b0 JavaThread "File watcher consumer"      daemon [_thread_blocked, id=10284, stack(0x0000006ca9100000,0x0000006ca9200000) (1024K)]
  0x00000174cc4eab40 JavaThread "Cache worker for file content cache (C:\Users\yoohy\.gradle\caches\9.5.1\fileContent)"        [_thread_blocked, id=58844, stack(0x0000006ca9d00000,0x0000006ca9e00000) (1024K)]
  0x00000174cc4eb860 JavaThread "Cache worker for checksums cache (C:\Users\yoohy\OneDrive\바탕 화면\springweb\.gradle\9.5.1\checksums)"        [_thread_blocked, id=58908, stack(0x0000006ca9f00000,0x0000006caa000000) (1024K)]
  0x00000174cc4ebef0 JavaThread "Cache worker for cache directory md-supplier (C:\Users\yoohy\.gradle\caches\9.5.1\md-supplier)"        [_thread_blocked, id=59168, stack(0x0000006caa200000,0x0000006caa300000) (1024K)]
  0x00000174cc4ec580 JavaThread "Cache worker for cache directory md-rule (C:\Users\yoohy\.gradle\caches\9.5.1\md-rule)"        [_thread_blocked, id=59188, stack(0x0000006caa400000,0x0000006caa500000) (1024K)]
  0x00000174cb32d4a0 JavaThread "jar transforms"                    [_thread_blocked, id=64304, stack(0x0000006ca7f00000,0x0000006ca8000000) (1024K)]
Total: 34

Other Threads:
  0x00000174b1044a10 VMThread "VM Thread"                           [id=47836, stack(0x0000006ca6a00000,0x0000006ca6b00000) (1024K)]
  0x00000174b1036270 WatcherThread "VM Periodic Task Thread"        [id=52952, stack(0x0000006ca6900000,0x0000006ca6a00000) (1024K)]
  0x0000017498cca840 WorkerThread "GC Thread#0"                     [id=51232, stack(0x0000006ca6400000,0x0000006ca6500000) (1024K)]
  0x00000174cb296f10 WorkerThread "GC Thread#1"                     [id=50400, stack(0x0000006ca7800000,0x0000006ca7900000) (1024K)]
  0x00000174b14ced60 WorkerThread "GC Thread#2"                     [id=34988, stack(0x0000006ca7900000,0x0000006ca7a00000) (1024K)]
  0x00000174cb25ad60 WorkerThread "GC Thread#3"                     [id=50492, stack(0x0000006ca7a00000,0x0000006ca7b00000) (1024K)]
  0x00000174cb25b110 WorkerThread "GC Thread#4"                     [id=50580, stack(0x0000006ca7b00000,0x0000006ca7c00000) (1024K)]
  0x00000174cb25b4c0 WorkerThread "GC Thread#5"                     [id=53956, stack(0x0000006ca7c00000,0x0000006ca7d00000) (1024K)]
  0x00000174cca80740 WorkerThread "GC Thread#6"                     [id=17216, stack(0x0000006cab800000,0x0000006cab900000) (1024K)]
  0x00000174cca81250 WorkerThread "GC Thread#7"                     [id=49632, stack(0x0000006cab900000,0x0000006caba00000) (1024K)]
  0x00000174cca82110 WorkerThread "GC Thread#8"                     [id=41596, stack(0x0000006caba00000,0x0000006cabb00000) (1024K)]
  0x00000174cca81d60 WorkerThread "GC Thread#9"                     [id=45544, stack(0x0000006cabb00000,0x0000006cabc00000) (1024K)]
  0x00000174cca81600 WorkerThread "GC Thread#10"                    [id=4080, stack(0x0000006cabc00000,0x0000006cabd00000) (1024K)]
  0x00000174cca819b0 WorkerThread "GC Thread#11"                    [id=47532, stack(0x0000006cabd00000,0x0000006cabe00000) (1024K)]
  0x00000174cca80af0 WorkerThread "GC Thread#12"                    [id=49040, stack(0x0000006cabe00000,0x0000006cabf00000) (1024K)]
  0x00000174cca80ea0 WorkerThread "GC Thread#13"                    [id=40208, stack(0x0000006cabf00000,0x0000006cac000000) (1024K)]
  0x0000017498ccf740 ConcurrentGCThread "G1 Main Marker"            [id=52368, stack(0x0000006ca6500000,0x0000006ca6600000) (1024K)]
  0x0000017498cd0160 WorkerThread "G1 Conc#0"                       [id=49952, stack(0x0000006ca6600000,0x0000006ca6700000) (1024K)]
  0x00000174cd31a2e0 WorkerThread "G1 Conc#1"                       [id=41944, stack(0x0000006ca6100000,0x0000006ca6200000) (1024K)]
  0x00000174cd31aa40 WorkerThread "G1 Conc#2"                       [id=24928, stack(0x0000006ca6200000,0x0000006ca6300000) (1024K)]
  0x00000174cd31adf0 WorkerThread "G1 Conc#3"                       [id=34476, stack(0x0000006ca8a00000,0x0000006ca8b00000) (1024K)]
  0x00000174b0efe250 ConcurrentGCThread "G1 Refine#0"               [id=49932, stack(0x0000006ca6700000,0x0000006ca6800000) (1024K)]
  0x00000174b0effa90 ConcurrentGCThread "G1 Service"                [id=38852, stack(0x0000006ca6800000,0x0000006ca6900000) (1024K)]
Total: 23

Threads with active compile tasks:
C2 CompilerThread0  163159 5257       4       java.io.BufferedInputStream::implRead (112 bytes)
Total: 1

VM state: not at safepoint (normal execution)

VM Mutex/Monitor currently owned by a thread: None

Heap address: 0x00000000e0000000, size: 512 MB, Compressed Oops mode: 32-bit

CDS archive(s) mapped at: [0x00000174b2000000-0x00000174b2ba0000-0x00000174b2ba0000), size 12189696, SharedBaseAddress: 0x00000174b2000000, ArchiveRelocationMode: 1.
Compressed class space mapped at: 0x00000174b3000000-0x00000174c7000000, reserved size: 335544320
Narrow klass base: 0x00000174b2000000, Narrow klass shift: 0, Narrow klass range: 0x100000000

GC Precious Log:
 CardTable entry size: 512
 Card Set container configuration: InlinePtr #cards 5 size 8 Array Of Cards #cards 12 size 40 Howl #buckets 4 coarsen threshold 1843 Howl Bitmap #cards 512 size 80 coarsen threshold 460 Card regions per heap region 1 cards per card region 2048
 CPUs: 18 total, 18 available
 Memory: 15953M
 Large Page Support: Disabled
 NUMA Support: Disabled
 Compressed Oops: Enabled (32-bit)
 Heap Region Size: 1M
 Heap Min Capacity: 256M
 Heap Initial Capacity: 256M
 Heap Max Capacity: 512M
 Pre-touch: Disabled
 Parallel Workers: 14
 Concurrent Workers: 4
 Concurrent Refinement Workers: 14
 Periodic GC: Disabled

Heap:
 garbage-first heap   total 262144K, used 58752K [0x00000000e0000000, 0x0000000100000000)
  region size 1024K, 45 young (46080K), 16 survivors (16384K)
 Metaspace       used 37898K, committed 39296K, reserved 393216K
  class space    used 5391K, committed 6080K, reserved 327680K

Heap Regions: E=young(eden), S=young(survivor), O=old, HS=humongous(starts), HC=humongous(continues), CS=collection set, F=free, TAMS=top-at-mark-start, PB=parsable bottom
|   0|0x00000000e0000000, 0x00000000e0100000, 0x00000000e0100000|100%|HS|  |TAMS 0x00000000e0000000| PB 0x00000000e0000000| Complete 
|   1|0x00000000e0100000, 0x00000000e0200000, 0x00000000e0200000|100%|HC|  |TAMS 0x00000000e0100000| PB 0x00000000e0100000| Complete 
|   2|0x00000000e0200000, 0x00000000e0300000, 0x00000000e0300000|100%|HC|  |TAMS 0x00000000e0200000| PB 0x00000000e0200000| Complete 
|   3|0x00000000e0300000, 0x00000000e0400000, 0x00000000e0400000|100%|HC|  |TAMS 0x00000000e0300000| PB 0x00000000e0300000| Complete 
|   4|0x00000000e0400000, 0x00000000e0500000, 0x00000000e0500000|100%| O|  |TAMS 0x00000000e0400000| PB 0x00000000e0400000| Untracked 
|   5|0x00000000e0500000, 0x00000000e0600000, 0x00000000e0600000|100%| O|  |TAMS 0x00000000e0500000| PB 0x00000000e0500000| Untracked 
|   6|0x00000000e0600000, 0x00000000e0700000, 0x00000000e0700000|100%| O|  |TAMS 0x00000000e0600000| PB 0x00000000e0600000| Untracked 
|   7|0x00000000e0700000, 0x00000000e0800000, 0x00000000e0800000|100%| O|  |TAMS 0x00000000e0700000| PB 0x00000000e0700000| Untracked 
|   8|0x00000000e0800000, 0x00000000e0900000, 0x00000000e0900000|100%|HS|  |TAMS 0x00000000e0800000| PB 0x00000000e0800000| Complete 
|   9|0x00000000e0900000, 0x00000000e0a00000, 0x00000000e0a00000|100%| O|  |TAMS 0x00000000e0900000| PB 0x00000000e0900000| Untracked 
|  10|0x00000000e0a00000, 0x00000000e0b00000, 0x00000000e0b00000|100%| O|  |TAMS 0x00000000e0a00000| PB 0x00000000e0a00000| Untracked 
|  11|0x00000000e0b00000, 0x00000000e0c00000, 0x00000000e0c00000|100%| O|  |TAMS 0x00000000e0b00000| PB 0x00000000e0b00000| Untracked 
|  12|0x00000000e0c00000, 0x00000000e0c00000, 0x00000000e0d00000|  0%| F|  |TAMS 0x00000000e0c00000| PB 0x00000000e0c00000| Untracked 
|  13|0x00000000e0d00000, 0x00000000e0e00000, 0x00000000e0e00000|100%| O|  |TAMS 0x00000000e0d00000| PB 0x00000000e0d00000| Untracked 
|  14|0x00000000e0e00000, 0x00000000e0e00000, 0x00000000e0f00000|  0%| F|  |TAMS 0x00000000e0e00000| PB 0x00000000e0e00000| Untracked 
|  15|0x00000000e0f00000, 0x00000000e1000000, 0x00000000e1000000|100%| O|  |TAMS 0x00000000e0f00000| PB 0x00000000e0f00000| Untracked 
|  16|0x00000000e1000000, 0x00000000e1003060, 0x00000000e1100000|  1%| O|  |TAMS 0x00000000e1000000| PB 0x00000000e1000000| Untracked 
|  17|0x00000000e1100000, 0x00000000e1100000, 0x00000000e1200000|  0%| F|  |TAMS 0x00000000e1100000| PB 0x00000000e1100000| Untracked 
|  18|0x00000000e1200000, 0x00000000e1200000, 0x00000000e1300000|  0%| F|  |TAMS 0x00000000e1200000| PB 0x00000000e1200000| Untracked 
|  19|0x00000000e1300000, 0x00000000e1300000, 0x00000000e1400000|  0%| F|  |TAMS 0x00000000e1300000| PB 0x00000000e1300000| Untracked 
|  20|0x00000000e1400000, 0x00000000e1400000, 0x00000000e1500000|  0%| F|  |TAMS 0x00000000e1400000| PB 0x00000000e1400000| Untracked 
|  21|0x00000000e1500000, 0x00000000e1500000, 0x00000000e1600000|  0%| F|  |TAMS 0x00000000e1500000| PB 0x00000000e1500000| Untracked 
|  22|0x00000000e1600000, 0x00000000e1600000, 0x00000000e1700000|  0%| F|  |TAMS 0x00000000e1600000| PB 0x00000000e1600000| Untracked 
|  23|0x00000000e1700000, 0x00000000e1700000, 0x00000000e1800000|  0%| F|  |TAMS 0x00000000e1700000| PB 0x00000000e1700000| Untracked 
|  24|0x00000000e1800000, 0x00000000e1800000, 0x00000000e1900000|  0%| F|  |TAMS 0x00000000e1800000| PB 0x00000000e1800000| Untracked 
|  25|0x00000000e1900000, 0x00000000e1900000, 0x00000000e1a00000|  0%| F|  |TAMS 0x00000000e1900000| PB 0x00000000e1900000| Untracked 
|  26|0x00000000e1a00000, 0x00000000e1a00000, 0x00000000e1b00000|  0%| F|  |TAMS 0x00000000e1a00000| PB 0x00000000e1a00000| Untracked 
|  27|0x00000000e1b00000, 0x00000000e1b00000, 0x00000000e1c00000|  0%| F|  |TAMS 0x00000000e1b00000| PB 0x00000000e1b00000| Untracked 
|  28|0x00000000e1c00000, 0x00000000e1c00000, 0x00000000e1d00000|  0%| F|  |TAMS 0x00000000e1c00000| PB 0x00000000e1c00000| Untracked 
|  29|0x00000000e1d00000, 0x00000000e1d00000, 0x00000000e1e00000|  0%| F|  |TAMS 0x00000000e1d00000| PB 0x00000000e1d00000| Untracked 
|  30|0x00000000e1e00000, 0x00000000e1e00000, 0x00000000e1f00000|  0%| F|  |TAMS 0x00000000e1e00000| PB 0x00000000e1e00000| Untracked 
|  31|0x00000000e1f00000, 0x00000000e1f00000, 0x00000000e2000000|  0%| F|  |TAMS 0x00000000e1f00000| PB 0x00000000e1f00000| Untracked 
|  32|0x00000000e2000000, 0x00000000e2000000, 0x00000000e2100000|  0%| F|  |TAMS 0x00000000e2000000| PB 0x00000000e2000000| Untracked 
|  33|0x00000000e2100000, 0x00000000e2100000, 0x00000000e2200000|  0%| F|  |TAMS 0x00000000e2100000| PB 0x00000000e2100000| Untracked 
|  34|0x00000000e2200000, 0x00000000e2200000, 0x00000000e2300000|  0%| F|  |TAMS 0x00000000e2200000| PB 0x00000000e2200000| Untracked 
|  35|0x00000000e2300000, 0x00000000e2300000, 0x00000000e2400000|  0%| F|  |TAMS 0x00000000e2300000| PB 0x00000000e2300000| Untracked 
|  36|0x00000000e2400000, 0x00000000e2400000, 0x00000000e2500000|  0%| F|  |TAMS 0x00000000e2400000| PB 0x00000000e2400000| Untracked 
|  37|0x00000000e2500000, 0x00000000e2500000, 0x00000000e2600000|  0%| F|  |TAMS 0x00000000e2500000| PB 0x00000000e2500000| Untracked 
|  38|0x00000000e2600000, 0x00000000e2600000, 0x00000000e2700000|  0%| F|  |TAMS 0x00000000e2600000| PB 0x00000000e2600000| Untracked 
|  39|0x00000000e2700000, 0x00000000e2700000, 0x00000000e2800000|  0%| F|  |TAMS 0x00000000e2700000| PB 0x00000000e2700000| Untracked 
|  40|0x00000000e2800000, 0x00000000e2800000, 0x00000000e2900000|  0%| F|  |TAMS 0x00000000e2800000| PB 0x00000000e2800000| Untracked 
|  41|0x00000000e2900000, 0x00000000e2900000, 0x00000000e2a00000|  0%| F|  |TAMS 0x00000000e2900000| PB 0x00000000e2900000| Untracked 
|  42|0x00000000e2a00000, 0x00000000e2a00000, 0x00000000e2b00000|  0%| F|  |TAMS 0x00000000e2a00000| PB 0x00000000e2a00000| Untracked 
|  43|0x00000000e2b00000, 0x00000000e2b00000, 0x00000000e2c00000|  0%| F|  |TAMS 0x00000000e2b00000| PB 0x00000000e2b00000| Untracked 
|  44|0x00000000e2c00000, 0x00000000e2c00000, 0x00000000e2d00000|  0%| F|  |TAMS 0x00000000e2c00000| PB 0x00000000e2c00000| Untracked 
|  45|0x00000000e2d00000, 0x00000000e2d00000, 0x00000000e2e00000|  0%| F|  |TAMS 0x00000000e2d00000| PB 0x00000000e2d00000| Untracked 
|  46|0x00000000e2e00000, 0x00000000e2e00000, 0x00000000e2f00000|  0%| F|  |TAMS 0x00000000e2e00000| PB 0x00000000e2e00000| Untracked 
|  47|0x00000000e2f00000, 0x00000000e2f00000, 0x00000000e3000000|  0%| F|  |TAMS 0x00000000e2f00000| PB 0x00000000e2f00000| Untracked 
|  48|0x00000000e3000000, 0x00000000e3000000, 0x00000000e3100000|  0%| F|  |TAMS 0x00000000e3000000| PB 0x00000000e3000000| Untracked 
|  49|0x00000000e3100000, 0x00000000e3100000, 0x00000000e3200000|  0%| F|  |TAMS 0x00000000e3100000| PB 0x00000000e3100000| Untracked 
|  50|0x00000000e3200000, 0x00000000e3200000, 0x00000000e3300000|  0%| F|  |TAMS 0x00000000e3200000| PB 0x00000000e3200000| Untracked 
|  51|0x00000000e3300000, 0x00000000e3300000, 0x00000000e3400000|  0%| F|  |TAMS 0x00000000e3300000| PB 0x00000000e3300000| Untracked 
|  52|0x00000000e3400000, 0x00000000e3400000, 0x00000000e3500000|  0%| F|  |TAMS 0x00000000e3400000| PB 0x00000000e3400000| Untracked 
|  53|0x00000000e3500000, 0x00000000e3500000, 0x00000000e3600000|  0%| F|  |TAMS 0x00000000e3500000| PB 0x00000000e3500000| Untracked 
|  54|0x00000000e3600000, 0x00000000e3600000, 0x00000000e3700000|  0%| F|  |TAMS 0x00000000e3600000| PB 0x00000000e3600000| Untracked 
|  55|0x00000000e3700000, 0x00000000e3700000, 0x00000000e3800000|  0%| F|  |TAMS 0x00000000e3700000| PB 0x00000000e3700000| Untracked 
|  56|0x00000000e3800000, 0x00000000e3800000, 0x00000000e3900000|  0%| F|  |TAMS 0x00000000e3800000| PB 0x00000000e3800000| Untracked 
|  57|0x00000000e3900000, 0x00000000e3900000, 0x00000000e3a00000|  0%| F|  |TAMS 0x00000000e3900000| PB 0x00000000e3900000| Untracked 
|  58|0x00000000e3a00000, 0x00000000e3a00000, 0x00000000e3b00000|  0%| F|  |TAMS 0x00000000e3a00000| PB 0x00000000e3a00000| Untracked 
|  59|0x00000000e3b00000, 0x00000000e3b00000, 0x00000000e3c00000|  0%| F|  |TAMS 0x00000000e3b00000| PB 0x00000000e3b00000| Untracked 
|  60|0x00000000e3c00000, 0x00000000e3c00000, 0x00000000e3d00000|  0%| F|  |TAMS 0x00000000e3c00000| PB 0x00000000e3c00000| Untracked 
|  61|0x00000000e3d00000, 0x00000000e3d00000, 0x00000000e3e00000|  0%| F|  |TAMS 0x00000000e3d00000| PB 0x00000000e3d00000| Untracked 
|  62|0x00000000e3e00000, 0x00000000e3e00000, 0x00000000e3f00000|  0%| F|  |TAMS 0x00000000e3e00000| PB 0x00000000e3e00000| Untracked 
|  63|0x00000000e3f00000, 0x00000000e3f00000, 0x00000000e4000000|  0%| F|  |TAMS 0x00000000e3f00000| PB 0x00000000e3f00000| Untracked 
|  64|0x00000000e4000000, 0x00000000e4000000, 0x00000000e4100000|  0%| F|  |TAMS 0x00000000e4000000| PB 0x00000000e4000000| Untracked 
|  65|0x00000000e4100000, 0x00000000e4100000, 0x00000000e4200000|  0%| F|  |TAMS 0x00000000e4100000| PB 0x00000000e4100000| Untracked 
|  66|0x00000000e4200000, 0x00000000e4200000, 0x00000000e4300000|  0%| F|  |TAMS 0x00000000e4200000| PB 0x00000000e4200000| Untracked 
|  67|0x00000000e4300000, 0x00000000e4300000, 0x00000000e4400000|  0%| F|  |TAMS 0x00000000e4300000| PB 0x00000000e4300000| Untracked 
|  68|0x00000000e4400000, 0x00000000e4400000, 0x00000000e4500000|  0%| F|  |TAMS 0x00000000e4400000| PB 0x00000000e4400000| Untracked 
|  69|0x00000000e4500000, 0x00000000e4500000, 0x00000000e4600000|  0%| F|  |TAMS 0x00000000e4500000| PB 0x00000000e4500000| Untracked 
|  70|0x00000000e4600000, 0x00000000e4600000, 0x00000000e4700000|  0%| F|  |TAMS 0x00000000e4600000| PB 0x00000000e4600000| Untracked 
|  71|0x00000000e4700000, 0x00000000e4700000, 0x00000000e4800000|  0%| F|  |TAMS 0x00000000e4700000| PB 0x00000000e4700000| Untracked 
|  72|0x00000000e4800000, 0x00000000e4800000, 0x00000000e4900000|  0%| F|  |TAMS 0x00000000e4800000| PB 0x00000000e4800000| Untracked 
|  73|0x00000000e4900000, 0x00000000e4900000, 0x00000000e4a00000|  0%| F|  |TAMS 0x00000000e4900000| PB 0x00000000e4900000| Untracked 
|  74|0x00000000e4a00000, 0x00000000e4a00000, 0x00000000e4b00000|  0%| F|  |TAMS 0x00000000e4a00000| PB 0x00000000e4a00000| Untracked 
|  75|0x00000000e4b00000, 0x00000000e4b00000, 0x00000000e4c00000|  0%| F|  |TAMS 0x00000000e4b00000| PB 0x00000000e4b00000| Untracked 
|  76|0x00000000e4c00000, 0x00000000e4c00000, 0x00000000e4d00000|  0%| F|  |TAMS 0x00000000e4c00000| PB 0x00000000e4c00000| Untracked 
|  77|0x00000000e4d00000, 0x00000000e4d00000, 0x00000000e4e00000|  0%| F|  |TAMS 0x00000000e4d00000| PB 0x00000000e4d00000| Untracked 
|  78|0x00000000e4e00000, 0x00000000e4e00000, 0x00000000e4f00000|  0%| F|  |TAMS 0x00000000e4e00000| PB 0x00000000e4e00000| Untracked 
|  79|0x00000000e4f00000, 0x00000000e4f00000, 0x00000000e5000000|  0%| F|  |TAMS 0x00000000e4f00000| PB 0x00000000e4f00000| Untracked 
|  80|0x00000000e5000000, 0x00000000e5000000, 0x00000000e5100000|  0%| F|  |TAMS 0x00000000e5000000| PB 0x00000000e5000000| Untracked 
|  81|0x00000000e5100000, 0x00000000e5100000, 0x00000000e5200000|  0%| F|  |TAMS 0x00000000e5100000| PB 0x00000000e5100000| Untracked 
|  82|0x00000000e5200000, 0x00000000e5200000, 0x00000000e5300000|  0%| F|  |TAMS 0x00000000e5200000| PB 0x00000000e5200000| Untracked 
|  83|0x00000000e5300000, 0x00000000e5300000, 0x00000000e5400000|  0%| F|  |TAMS 0x00000000e5300000| PB 0x00000000e5300000| Untracked 
|  84|0x00000000e5400000, 0x00000000e5400000, 0x00000000e5500000|  0%| F|  |TAMS 0x00000000e5400000| PB 0x00000000e5400000| Untracked 
|  85|0x00000000e5500000, 0x00000000e5500000, 0x00000000e5600000|  0%| F|  |TAMS 0x00000000e5500000| PB 0x00000000e5500000| Untracked 
|  86|0x00000000e5600000, 0x00000000e5600000, 0x00000000e5700000|  0%| F|  |TAMS 0x00000000e5600000| PB 0x00000000e5600000| Untracked 
|  87|0x00000000e5700000, 0x00000000e5700000, 0x00000000e5800000|  0%| F|  |TAMS 0x00000000e5700000| PB 0x00000000e5700000| Untracked 
|  88|0x00000000e5800000, 0x00000000e5800000, 0x00000000e5900000|  0%| F|  |TAMS 0x00000000e5800000| PB 0x00000000e5800000| Untracked 
|  89|0x00000000e5900000, 0x00000000e5900000, 0x00000000e5a00000|  0%| F|  |TAMS 0x00000000e5900000| PB 0x00000000e5900000| Untracked 
|  90|0x00000000e5a00000, 0x00000000e5a00000, 0x00000000e5b00000|  0%| F|  |TAMS 0x00000000e5a00000| PB 0x00000000e5a00000| Untracked 
|  91|0x00000000e5b00000, 0x00000000e5b00000, 0x00000000e5c00000|  0%| F|  |TAMS 0x00000000e5b00000| PB 0x00000000e5b00000| Untracked 
|  92|0x00000000e5c00000, 0x00000000e5c00000, 0x00000000e5d00000|  0%| F|  |TAMS 0x00000000e5c00000| PB 0x00000000e5c00000| Untracked 
|  93|0x00000000e5d00000, 0x00000000e5d00000, 0x00000000e5e00000|  0%| F|  |TAMS 0x00000000e5d00000| PB 0x00000000e5d00000| Untracked 
|  94|0x00000000e5e00000, 0x00000000e5e00000, 0x00000000e5f00000|  0%| F|  |TAMS 0x00000000e5e00000| PB 0x00000000e5e00000| Untracked 
|  95|0x00000000e5f00000, 0x00000000e5f00000, 0x00000000e6000000|  0%| F|  |TAMS 0x00000000e5f00000| PB 0x00000000e5f00000| Untracked 
|  96|0x00000000e6000000, 0x00000000e6000000, 0x00000000e6100000|  0%| F|  |TAMS 0x00000000e6000000| PB 0x00000000e6000000| Untracked 
|  97|0x00000000e6100000, 0x00000000e6100000, 0x00000000e6200000|  0%| F|  |TAMS 0x00000000e6100000| PB 0x00000000e6100000| Untracked 
|  98|0x00000000e6200000, 0x00000000e6200000, 0x00000000e6300000|  0%| F|  |TAMS 0x00000000e6200000| PB 0x00000000e6200000| Untracked 
|  99|0x00000000e6300000, 0x00000000e6300000, 0x00000000e6400000|  0%| F|  |TAMS 0x00000000e6300000| PB 0x00000000e6300000| Untracked 
| 100|0x00000000e6400000, 0x00000000e6400000, 0x00000000e6500000|  0%| F|  |TAMS 0x00000000e6400000| PB 0x00000000e6400000| Untracked 
| 101|0x00000000e6500000, 0x00000000e6500000, 0x00000000e6600000|  0%| F|  |TAMS 0x00000000e6500000| PB 0x00000000e6500000| Untracked 
| 102|0x00000000e6600000, 0x00000000e6600000, 0x00000000e6700000|  0%| F|  |TAMS 0x00000000e6600000| PB 0x00000000e6600000| Untracked 
| 103|0x00000000e6700000, 0x00000000e6700000, 0x00000000e6800000|  0%| F|  |TAMS 0x00000000e6700000| PB 0x00000000e6700000| Untracked 
| 104|0x00000000e6800000, 0x00000000e6800000, 0x00000000e6900000|  0%| F|  |TAMS 0x00000000e6800000| PB 0x00000000e6800000| Untracked 
| 105|0x00000000e6900000, 0x00000000e6900000, 0x00000000e6a00000|  0%| F|  |TAMS 0x00000000e6900000| PB 0x00000000e6900000| Untracked 
| 106|0x00000000e6a00000, 0x00000000e6a00000, 0x00000000e6b00000|  0%| F|  |TAMS 0x00000000e6a00000| PB 0x00000000e6a00000| Untracked 
| 107|0x00000000e6b00000, 0x00000000e6b00000, 0x00000000e6c00000|  0%| F|  |TAMS 0x00000000e6b00000| PB 0x00000000e6b00000| Untracked 
| 108|0x00000000e6c00000, 0x00000000e6c00000, 0x00000000e6d00000|  0%| F|  |TAMS 0x00000000e6c00000| PB 0x00000000e6c00000| Untracked 
| 109|0x00000000e6d00000, 0x00000000e6d00000, 0x00000000e6e00000|  0%| F|  |TAMS 0x00000000e6d00000| PB 0x00000000e6d00000| Untracked 
| 110|0x00000000e6e00000, 0x00000000e6e00000, 0x00000000e6f00000|  0%| F|  |TAMS 0x00000000e6e00000| PB 0x00000000e6e00000| Untracked 
| 111|0x00000000e6f00000, 0x00000000e6f00000, 0x00000000e7000000|  0%| F|  |TAMS 0x00000000e6f00000| PB 0x00000000e6f00000| Untracked 
| 112|0x00000000e7000000, 0x00000000e7000000, 0x00000000e7100000|  0%| F|  |TAMS 0x00000000e7000000| PB 0x00000000e7000000| Untracked 
| 113|0x00000000e7100000, 0x00000000e7100000, 0x00000000e7200000|  0%| F|  |TAMS 0x00000000e7100000| PB 0x00000000e7100000| Untracked 
| 114|0x00000000e7200000, 0x00000000e7200000, 0x00000000e7300000|  0%| F|  |TAMS 0x00000000e7200000| PB 0x00000000e7200000| Untracked 
| 115|0x00000000e7300000, 0x00000000e7300000, 0x00000000e7400000|  0%| F|  |TAMS 0x00000000e7300000| PB 0x00000000e7300000| Untracked 
| 116|0x00000000e7400000, 0x00000000e7400000, 0x00000000e7500000|  0%| F|  |TAMS 0x00000000e7400000| PB 0x00000000e7400000| Untracked 
| 117|0x00000000e7500000, 0x00000000e7500000, 0x00000000e7600000|  0%| F|  |TAMS 0x00000000e7500000| PB 0x00000000e7500000| Untracked 
| 118|0x00000000e7600000, 0x00000000e7600000, 0x00000000e7700000|  0%| F|  |TAMS 0x00000000e7600000| PB 0x00000000e7600000| Untracked 
| 119|0x00000000e7700000, 0x00000000e7700000, 0x00000000e7800000|  0%| F|  |TAMS 0x00000000e7700000| PB 0x00000000e7700000| Untracked 
| 120|0x00000000e7800000, 0x00000000e7800000, 0x00000000e7900000|  0%| F|  |TAMS 0x00000000e7800000| PB 0x00000000e7800000| Untracked 
| 121|0x00000000e7900000, 0x00000000e7900000, 0x00000000e7a00000|  0%| F|  |TAMS 0x00000000e7900000| PB 0x00000000e7900000| Untracked 
| 122|0x00000000e7a00000, 0x00000000e7a00000, 0x00000000e7b00000|  0%| F|  |TAMS 0x00000000e7a00000| PB 0x00000000e7a00000| Untracked 
| 123|0x00000000e7b00000, 0x00000000e7b00000, 0x00000000e7c00000|  0%| F|  |TAMS 0x00000000e7b00000| PB 0x00000000e7b00000| Untracked 
| 124|0x00000000e7c00000, 0x00000000e7c00000, 0x00000000e7d00000|  0%| F|  |TAMS 0x00000000e7c00000| PB 0x00000000e7c00000| Untracked 
| 125|0x00000000e7d00000, 0x00000000e7d00000, 0x00000000e7e00000|  0%| F|  |TAMS 0x00000000e7d00000| PB 0x00000000e7d00000| Untracked 
| 126|0x00000000e7e00000, 0x00000000e7e00000, 0x00000000e7f00000|  0%| F|  |TAMS 0x00000000e7e00000| PB 0x00000000e7e00000| Untracked 
| 127|0x00000000e7f00000, 0x00000000e7f00000, 0x00000000e8000000|  0%| F|  |TAMS 0x00000000e7f00000| PB 0x00000000e7f00000| Untracked 
| 128|0x00000000e8000000, 0x00000000e805d0c0, 0x00000000e8100000| 36%| S|CS|TAMS 0x00000000e8000000| PB 0x00000000e8000000| Complete 
| 129|0x00000000e8100000, 0x00000000e8200000, 0x00000000e8200000|100%| S|CS|TAMS 0x00000000e8100000| PB 0x00000000e8100000| Complete 
| 130|0x00000000e8200000, 0x00000000e8300000, 0x00000000e8300000|100%| S|CS|TAMS 0x00000000e8200000| PB 0x00000000e8200000| Complete 
| 131|0x00000000e8300000, 0x00000000e8400000, 0x00000000e8400000|100%| S|CS|TAMS 0x00000000e8300000| PB 0x00000000e8300000| Complete 
| 132|0x00000000e8400000, 0x00000000e8500000, 0x00000000e8500000|100%| S|CS|TAMS 0x00000000e8400000| PB 0x00000000e8400000| Complete 
| 133|0x00000000e8500000, 0x00000000e8600000, 0x00000000e8600000|100%| S|CS|TAMS 0x00000000e8500000| PB 0x00000000e8500000| Complete 
| 134|0x00000000e8600000, 0x00000000e8700000, 0x00000000e8700000|100%| S|CS|TAMS 0x00000000e8600000| PB 0x00000000e8600000| Complete 
| 135|0x00000000e8700000, 0x00000000e8800000, 0x00000000e8800000|100%| S|CS|TAMS 0x00000000e8700000| PB 0x00000000e8700000| Complete 
| 136|0x00000000e8800000, 0x00000000e8900000, 0x00000000e8900000|100%| S|CS|TAMS 0x00000000e8800000| PB 0x00000000e8800000| Complete 
| 137|0x00000000e8900000, 0x00000000e8a00000, 0x00000000e8a00000|100%| S|CS|TAMS 0x00000000e8900000| PB 0x00000000e8900000| Complete 
| 138|0x00000000e8a00000, 0x00000000e8b00000, 0x00000000e8b00000|100%| S|CS|TAMS 0x00000000e8a00000| PB 0x00000000e8a00000| Complete 
| 139|0x00000000e8b00000, 0x00000000e8c00000, 0x00000000e8c00000|100%| S|CS|TAMS 0x00000000e8b00000| PB 0x00000000e8b00000| Complete 
| 140|0x00000000e8c00000, 0x00000000e8d00000, 0x00000000e8d00000|100%| S|CS|TAMS 0x00000000e8c00000| PB 0x00000000e8c00000| Complete 
| 141|0x00000000e8d00000, 0x00000000e8e00000, 0x00000000e8e00000|100%| S|CS|TAMS 0x00000000e8d00000| PB 0x00000000e8d00000| Complete 
| 142|0x00000000e8e00000, 0x00000000e8f00000, 0x00000000e8f00000|100%| S|CS|TAMS 0x00000000e8e00000| PB 0x00000000e8e00000| Complete 
| 143|0x00000000e8f00000, 0x00000000e9000000, 0x00000000e9000000|100%| S|CS|TAMS 0x00000000e8f00000| PB 0x00000000e8f00000| Complete 
| 144|0x00000000e9000000, 0x00000000e9000000, 0x00000000e9100000|  0%| F|  |TAMS 0x00000000e9000000| PB 0x00000000e9000000| Untracked 
| 145|0x00000000e9100000, 0x00000000e9100000, 0x00000000e9200000|  0%| F|  |TAMS 0x00000000e9100000| PB 0x00000000e9100000| Untracked 
| 146|0x00000000e9200000, 0x00000000e9200000, 0x00000000e9300000|  0%| F|  |TAMS 0x00000000e9200000| PB 0x00000000e9200000| Untracked 
| 147|0x00000000e9300000, 0x00000000e9300000, 0x00000000e9400000|  0%| F|  |TAMS 0x00000000e9300000| PB 0x00000000e9300000| Untracked 
| 148|0x00000000e9400000, 0x00000000e9400000, 0x00000000e9500000|  0%| F|  |TAMS 0x00000000e9400000| PB 0x00000000e9400000| Untracked 
| 149|0x00000000e9500000, 0x00000000e9500000, 0x00000000e9600000|  0%| F|  |TAMS 0x00000000e9500000| PB 0x00000000e9500000| Untracked 
| 150|0x00000000e9600000, 0x00000000e9600000, 0x00000000e9700000|  0%| F|  |TAMS 0x00000000e9600000| PB 0x00000000e9600000| Untracked 
| 151|0x00000000e9700000, 0x00000000e9700000, 0x00000000e9800000|  0%| F|  |TAMS 0x00000000e9700000| PB 0x00000000e9700000| Untracked 
| 152|0x00000000e9800000, 0x00000000e9800000, 0x00000000e9900000|  0%| F|  |TAMS 0x00000000e9800000| PB 0x00000000e9800000| Untracked 
| 153|0x00000000e9900000, 0x00000000e9900000, 0x00000000e9a00000|  0%| F|  |TAMS 0x00000000e9900000| PB 0x00000000e9900000| Untracked 
| 154|0x00000000e9a00000, 0x00000000e9a00000, 0x00000000e9b00000|  0%| F|  |TAMS 0x00000000e9a00000| PB 0x00000000e9a00000| Untracked 
| 155|0x00000000e9b00000, 0x00000000e9b00000, 0x00000000e9c00000|  0%| F|  |TAMS 0x00000000e9b00000| PB 0x00000000e9b00000| Untracked 
| 156|0x00000000e9c00000, 0x00000000e9c00000, 0x00000000e9d00000|  0%| F|  |TAMS 0x00000000e9c00000| PB 0x00000000e9c00000| Untracked 
| 157|0x00000000e9d00000, 0x00000000e9d00000, 0x00000000e9e00000|  0%| F|  |TAMS 0x00000000e9d00000| PB 0x00000000e9d00000| Untracked 
| 158|0x00000000e9e00000, 0x00000000e9e00000, 0x00000000e9f00000|  0%| F|  |TAMS 0x00000000e9e00000| PB 0x00000000e9e00000| Untracked 
| 159|0x00000000e9f00000, 0x00000000e9f00000, 0x00000000ea000000|  0%| F|  |TAMS 0x00000000e9f00000| PB 0x00000000e9f00000| Untracked 
| 160|0x00000000ea000000, 0x00000000ea000000, 0x00000000ea100000|  0%| F|  |TAMS 0x00000000ea000000| PB 0x00000000ea000000| Untracked 
| 161|0x00000000ea100000, 0x00000000ea100000, 0x00000000ea200000|  0%| F|  |TAMS 0x00000000ea100000| PB 0x00000000ea100000| Untracked 
| 162|0x00000000ea200000, 0x00000000ea200000, 0x00000000ea300000|  0%| F|  |TAMS 0x00000000ea200000| PB 0x00000000ea200000| Untracked 
| 163|0x00000000ea300000, 0x00000000ea300000, 0x00000000ea400000|  0%| F|  |TAMS 0x00000000ea300000| PB 0x00000000ea300000| Untracked 
| 164|0x00000000ea400000, 0x00000000ea400000, 0x00000000ea500000|  0%| F|  |TAMS 0x00000000ea400000| PB 0x00000000ea400000| Untracked 
| 165|0x00000000ea500000, 0x00000000ea500000, 0x00000000ea600000|  0%| F|  |TAMS 0x00000000ea500000| PB 0x00000000ea500000| Untracked 
| 166|0x00000000ea600000, 0x00000000ea600000, 0x00000000ea700000|  0%| F|  |TAMS 0x00000000ea600000| PB 0x00000000ea600000| Untracked 
| 167|0x00000000ea700000, 0x00000000ea700000, 0x00000000ea800000|  0%| F|  |TAMS 0x00000000ea700000| PB 0x00000000ea700000| Untracked 
| 168|0x00000000ea800000, 0x00000000ea800000, 0x00000000ea900000|  0%| F|  |TAMS 0x00000000ea800000| PB 0x00000000ea800000| Untracked 
| 169|0x00000000ea900000, 0x00000000ea900000, 0x00000000eaa00000|  0%| F|  |TAMS 0x00000000ea900000| PB 0x00000000ea900000| Untracked 
| 170|0x00000000eaa00000, 0x00000000eaa00000, 0x00000000eab00000|  0%| F|  |TAMS 0x00000000eaa00000| PB 0x00000000eaa00000| Untracked 
| 171|0x00000000eab00000, 0x00000000eab00000, 0x00000000eac00000|  0%| F|  |TAMS 0x00000000eab00000| PB 0x00000000eab00000| Untracked 
| 172|0x00000000eac00000, 0x00000000eac00000, 0x00000000ead00000|  0%| F|  |TAMS 0x00000000eac00000| PB 0x00000000eac00000| Untracked 
| 173|0x00000000ead00000, 0x00000000ead00000, 0x00000000eae00000|  0%| F|  |TAMS 0x00000000ead00000| PB 0x00000000ead00000| Untracked 
| 174|0x00000000eae00000, 0x00000000eae00000, 0x00000000eaf00000|  0%| F|  |TAMS 0x00000000eae00000| PB 0x00000000eae00000| Untracked 
| 175|0x00000000eaf00000, 0x00000000eaf00000, 0x00000000eb000000|  0%| F|  |TAMS 0x00000000eaf00000| PB 0x00000000eaf00000| Untracked 
| 176|0x00000000eb000000, 0x00000000eb000000, 0x00000000eb100000|  0%| F|  |TAMS 0x00000000eb000000| PB 0x00000000eb000000| Untracked 
| 177|0x00000000eb100000, 0x00000000eb100000, 0x00000000eb200000|  0%| F|  |TAMS 0x00000000eb100000| PB 0x00000000eb100000| Untracked 
| 178|0x00000000eb200000, 0x00000000eb200000, 0x00000000eb300000|  0%| F|  |TAMS 0x00000000eb200000| PB 0x00000000eb200000| Untracked 
| 179|0x00000000eb300000, 0x00000000eb300000, 0x00000000eb400000|  0%| F|  |TAMS 0x00000000eb300000| PB 0x00000000eb300000| Untracked 
| 180|0x00000000eb400000, 0x00000000eb400000, 0x00000000eb500000|  0%| F|  |TAMS 0x00000000eb400000| PB 0x00000000eb400000| Untracked 
| 181|0x00000000eb500000, 0x00000000eb500000, 0x00000000eb600000|  0%| F|  |TAMS 0x00000000eb500000| PB 0x00000000eb500000| Untracked 
| 182|0x00000000eb600000, 0x00000000eb600000, 0x00000000eb700000|  0%| F|  |TAMS 0x00000000eb600000| PB 0x00000000eb600000| Untracked 
| 183|0x00000000eb700000, 0x00000000eb700000, 0x00000000eb800000|  0%| F|  |TAMS 0x00000000eb700000| PB 0x00000000eb700000| Untracked 
| 184|0x00000000eb800000, 0x00000000eb800000, 0x00000000eb900000|  0%| F|  |TAMS 0x00000000eb800000| PB 0x00000000eb800000| Untracked 
| 185|0x00000000eb900000, 0x00000000eb900000, 0x00000000eba00000|  0%| F|  |TAMS 0x00000000eb900000| PB 0x00000000eb900000| Untracked 
| 186|0x00000000eba00000, 0x00000000eba00000, 0x00000000ebb00000|  0%| F|  |TAMS 0x00000000eba00000| PB 0x00000000eba00000| Untracked 
| 187|0x00000000ebb00000, 0x00000000ebb00000, 0x00000000ebc00000|  0%| F|  |TAMS 0x00000000ebb00000| PB 0x00000000ebb00000| Untracked 
| 188|0x00000000ebc00000, 0x00000000ebc00000, 0x00000000ebd00000|  0%| F|  |TAMS 0x00000000ebc00000| PB 0x00000000ebc00000| Untracked 
| 189|0x00000000ebd00000, 0x00000000ebd00000, 0x00000000ebe00000|  0%| F|  |TAMS 0x00000000ebd00000| PB 0x00000000ebd00000| Untracked 
| 190|0x00000000ebe00000, 0x00000000ebe00000, 0x00000000ebf00000|  0%| F|  |TAMS 0x00000000ebe00000| PB 0x00000000ebe00000| Untracked 
| 191|0x00000000ebf00000, 0x00000000ebf00000, 0x00000000ec000000|  0%| F|  |TAMS 0x00000000ebf00000| PB 0x00000000ebf00000| Untracked 
| 192|0x00000000ec000000, 0x00000000ec000000, 0x00000000ec100000|  0%| F|  |TAMS 0x00000000ec000000| PB 0x00000000ec000000| Untracked 
| 193|0x00000000ec100000, 0x00000000ec100000, 0x00000000ec200000|  0%| F|  |TAMS 0x00000000ec100000| PB 0x00000000ec100000| Untracked 
| 194|0x00000000ec200000, 0x00000000ec200000, 0x00000000ec300000|  0%| F|  |TAMS 0x00000000ec200000| PB 0x00000000ec200000| Untracked 
| 195|0x00000000ec300000, 0x00000000ec300000, 0x00000000ec400000|  0%| F|  |TAMS 0x00000000ec300000| PB 0x00000000ec300000| Untracked 
| 196|0x00000000ec400000, 0x00000000ec400000, 0x00000000ec500000|  0%| F|  |TAMS 0x00000000ec400000| PB 0x00000000ec400000| Untracked 
| 197|0x00000000ec500000, 0x00000000ec500000, 0x00000000ec600000|  0%| F|  |TAMS 0x00000000ec500000| PB 0x00000000ec500000| Untracked 
| 198|0x00000000ec600000, 0x00000000ec600000, 0x00000000ec700000|  0%| F|  |TAMS 0x00000000ec600000| PB 0x00000000ec600000| Untracked 
| 199|0x00000000ec700000, 0x00000000ec700000, 0x00000000ec800000|  0%| F|  |TAMS 0x00000000ec700000| PB 0x00000000ec700000| Untracked 
| 200|0x00000000ec800000, 0x00000000ec800000, 0x00000000ec900000|  0%| F|  |TAMS 0x00000000ec800000| PB 0x00000000ec800000| Untracked 
| 201|0x00000000ec900000, 0x00000000ec900000, 0x00000000eca00000|  0%| F|  |TAMS 0x00000000ec900000| PB 0x00000000ec900000| Untracked 
| 202|0x00000000eca00000, 0x00000000eca00000, 0x00000000ecb00000|  0%| F|  |TAMS 0x00000000eca00000| PB 0x00000000eca00000| Untracked 
| 203|0x00000000ecb00000, 0x00000000ecb00000, 0x00000000ecc00000|  0%| F|  |TAMS 0x00000000ecb00000| PB 0x00000000ecb00000| Untracked 
| 204|0x00000000ecc00000, 0x00000000ecc00000, 0x00000000ecd00000|  0%| F|  |TAMS 0x00000000ecc00000| PB 0x00000000ecc00000| Untracked 
| 205|0x00000000ecd00000, 0x00000000ecd00000, 0x00000000ece00000|  0%| F|  |TAMS 0x00000000ecd00000| PB 0x00000000ecd00000| Untracked 
| 206|0x00000000ece00000, 0x00000000ece00000, 0x00000000ecf00000|  0%| F|  |TAMS 0x00000000ece00000| PB 0x00000000ece00000| Untracked 
| 207|0x00000000ecf00000, 0x00000000ecf00000, 0x00000000ed000000|  0%| F|  |TAMS 0x00000000ecf00000| PB 0x00000000ecf00000| Untracked 
| 208|0x00000000ed000000, 0x00000000ed000000, 0x00000000ed100000|  0%| F|  |TAMS 0x00000000ed000000| PB 0x00000000ed000000| Untracked 
| 209|0x00000000ed100000, 0x00000000ed100000, 0x00000000ed200000|  0%| F|  |TAMS 0x00000000ed100000| PB 0x00000000ed100000| Untracked 
| 210|0x00000000ed200000, 0x00000000ed200000, 0x00000000ed300000|  0%| F|  |TAMS 0x00000000ed200000| PB 0x00000000ed200000| Untracked 
| 211|0x00000000ed300000, 0x00000000ed300000, 0x00000000ed400000|  0%| F|  |TAMS 0x00000000ed300000| PB 0x00000000ed300000| Untracked 
| 212|0x00000000ed400000, 0x00000000ed400000, 0x00000000ed500000|  0%| F|  |TAMS 0x00000000ed400000| PB 0x00000000ed400000| Untracked 
| 213|0x00000000ed500000, 0x00000000ed500000, 0x00000000ed600000|  0%| F|  |TAMS 0x00000000ed500000| PB 0x00000000ed500000| Untracked 
| 214|0x00000000ed600000, 0x00000000ed600000, 0x00000000ed700000|  0%| F|  |TAMS 0x00000000ed600000| PB 0x00000000ed600000| Untracked 
| 215|0x00000000ed700000, 0x00000000ed700000, 0x00000000ed800000|  0%| F|  |TAMS 0x00000000ed700000| PB 0x00000000ed700000| Untracked 
| 216|0x00000000ed800000, 0x00000000ed800000, 0x00000000ed900000|  0%| F|  |TAMS 0x00000000ed800000| PB 0x00000000ed800000| Untracked 
| 217|0x00000000ed900000, 0x00000000ed900000, 0x00000000eda00000|  0%| F|  |TAMS 0x00000000ed900000| PB 0x00000000ed900000| Untracked 
| 218|0x00000000eda00000, 0x00000000eda00000, 0x00000000edb00000|  0%| F|  |TAMS 0x00000000eda00000| PB 0x00000000eda00000| Untracked 
| 219|0x00000000edb00000, 0x00000000edb00000, 0x00000000edc00000|  0%| F|  |TAMS 0x00000000edb00000| PB 0x00000000edb00000| Untracked 
| 220|0x00000000edc00000, 0x00000000edc00000, 0x00000000edd00000|  0%| F|  |TAMS 0x00000000edc00000| PB 0x00000000edc00000| Untracked 
| 221|0x00000000edd00000, 0x00000000edd00000, 0x00000000ede00000|  0%| F|  |TAMS 0x00000000edd00000| PB 0x00000000edd00000| Untracked 
| 222|0x00000000ede00000, 0x00000000ede00000, 0x00000000edf00000|  0%| F|  |TAMS 0x00000000ede00000| PB 0x00000000ede00000| Untracked 
| 223|0x00000000edf00000, 0x00000000edf00000, 0x00000000ee000000|  0%| F|  |TAMS 0x00000000edf00000| PB 0x00000000edf00000| Untracked 
| 224|0x00000000ee000000, 0x00000000ee000000, 0x00000000ee100000|  0%| F|  |TAMS 0x00000000ee000000| PB 0x00000000ee000000| Untracked 
| 225|0x00000000ee100000, 0x00000000ee100000, 0x00000000ee200000|  0%| F|  |TAMS 0x00000000ee100000| PB 0x00000000ee100000| Untracked 
| 226|0x00000000ee200000, 0x00000000ee200000, 0x00000000ee300000|  0%| F|  |TAMS 0x00000000ee200000| PB 0x00000000ee200000| Untracked 
| 227|0x00000000ee300000, 0x00000000ee3d3380, 0x00000000ee400000| 82%| E|  |TAMS 0x00000000ee300000| PB 0x00000000ee300000| Complete 
| 228|0x00000000ee400000, 0x00000000ee500000, 0x00000000ee500000|100%| E|CS|TAMS 0x00000000ee400000| PB 0x00000000ee400000| Complete 
| 229|0x00000000ee500000, 0x00000000ee600000, 0x00000000ee600000|100%| E|CS|TAMS 0x00000000ee500000| PB 0x00000000ee500000| Complete 
| 230|0x00000000ee600000, 0x00000000ee700000, 0x00000000ee700000|100%| E|CS|TAMS 0x00000000ee600000| PB 0x00000000ee600000| Complete 
| 231|0x00000000ee700000, 0x00000000ee800000, 0x00000000ee800000|100%| E|CS|TAMS 0x00000000ee700000| PB 0x00000000ee700000| Complete 
| 232|0x00000000ee800000, 0x00000000ee900000, 0x00000000ee900000|100%| E|CS|TAMS 0x00000000ee800000| PB 0x00000000ee800000| Complete 
| 233|0x00000000ee900000, 0x00000000eea00000, 0x00000000eea00000|100%| E|CS|TAMS 0x00000000ee900000| PB 0x00000000ee900000| Complete 
| 234|0x00000000eea00000, 0x00000000eeb00000, 0x00000000eeb00000|100%| E|CS|TAMS 0x00000000eea00000| PB 0x00000000eea00000| Complete 
| 235|0x00000000eeb00000, 0x00000000eec00000, 0x00000000eec00000|100%| E|CS|TAMS 0x00000000eeb00000| PB 0x00000000eeb00000| Complete 
| 236|0x00000000eec00000, 0x00000000eed00000, 0x00000000eed00000|100%| E|CS|TAMS 0x00000000eec00000| PB 0x00000000eec00000| Complete 
| 237|0x00000000eed00000, 0x00000000eee00000, 0x00000000eee00000|100%| E|CS|TAMS 0x00000000eed00000| PB 0x00000000eed00000| Complete 
| 238|0x00000000eee00000, 0x00000000eef00000, 0x00000000eef00000|100%| E|CS|TAMS 0x00000000eee00000| PB 0x00000000eee00000| Complete 
| 239|0x00000000eef00000, 0x00000000ef000000, 0x00000000ef000000|100%| E|CS|TAMS 0x00000000eef00000| PB 0x00000000eef00000| Complete 
| 240|0x00000000ef000000, 0x00000000ef100000, 0x00000000ef100000|100%| E|CS|TAMS 0x00000000ef000000| PB 0x00000000ef000000| Complete 
| 241|0x00000000ef100000, 0x00000000ef200000, 0x00000000ef200000|100%| E|CS|TAMS 0x00000000ef100000| PB 0x00000000ef100000| Complete 
| 242|0x00000000ef200000, 0x00000000ef300000, 0x00000000ef300000|100%| E|CS|TAMS 0x00000000ef200000| PB 0x00000000ef200000| Complete 
| 243|0x00000000ef300000, 0x00000000ef400000, 0x00000000ef400000|100%| E|CS|TAMS 0x00000000ef300000| PB 0x00000000ef300000| Complete 
| 244|0x00000000ef400000, 0x00000000ef500000, 0x00000000ef500000|100%| E|CS|TAMS 0x00000000ef400000| PB 0x00000000ef400000| Complete 
| 245|0x00000000ef500000, 0x00000000ef600000, 0x00000000ef600000|100%| E|CS|TAMS 0x00000000ef500000| PB 0x00000000ef500000| Complete 
| 246|0x00000000ef600000, 0x00000000ef700000, 0x00000000ef700000|100%| E|CS|TAMS 0x00000000ef600000| PB 0x00000000ef600000| Complete 
| 247|0x00000000ef700000, 0x00000000ef800000, 0x00000000ef800000|100%| E|CS|TAMS 0x00000000ef700000| PB 0x00000000ef700000| Complete 
| 248|0x00000000ef800000, 0x00000000ef900000, 0x00000000ef900000|100%| E|CS|TAMS 0x00000000ef800000| PB 0x00000000ef800000| Complete 
| 249|0x00000000ef900000, 0x00000000efa00000, 0x00000000efa00000|100%| E|CS|TAMS 0x00000000ef900000| PB 0x00000000ef900000| Complete 
| 250|0x00000000efa00000, 0x00000000efb00000, 0x00000000efb00000|100%| E|CS|TAMS 0x00000000efa00000| PB 0x00000000efa00000| Complete 
| 251|0x00000000efb00000, 0x00000000efc00000, 0x00000000efc00000|100%| E|CS|TAMS 0x00000000efb00000| PB 0x00000000efb00000| Complete 
| 252|0x00000000efc00000, 0x00000000efd00000, 0x00000000efd00000|100%| E|CS|TAMS 0x00000000efc00000| PB 0x00000000efc00000| Complete 
| 253|0x00000000efd00000, 0x00000000efe00000, 0x00000000efe00000|100%| E|CS|TAMS 0x00000000efd00000| PB 0x00000000efd00000| Complete 
| 254|0x00000000efe00000, 0x00000000eff00000, 0x00000000eff00000|100%| E|CS|TAMS 0x00000000efe00000| PB 0x00000000efe00000| Complete 
| 255|0x00000000eff00000, 0x00000000f0000000, 0x00000000f0000000|100%| E|CS|TAMS 0x00000000eff00000| PB 0x00000000eff00000| Complete 

Card table byte_map: [0x00000174ad670000,0x00000174ad770000] _byte_map_base: 0x00000174acf70000

Marking Bits: (CMBitMap*) 0x0000017498ccae60
 Bits: [0x00000174ad770000, 0x00000174adf70000)

Polling page: 0x00000174986a0000

Metaspace:

Usage:
  Non-class:     31.74 MB used.
      Class:      5.27 MB used.
       Both:     37.01 MB used.

Virtual space:
  Non-class space:       64.00 MB reserved,      32.44 MB ( 51%) committed,  1 nodes.
      Class space:      320.00 MB reserved,       5.94 MB (  2%) committed,  1 nodes.
             Both:      384.00 MB reserved,      38.38 MB ( 10%) committed. 

Chunk freelists:
   Non-Class:  15.14 MB
       Class:  10.02 MB
        Both:  25.16 MB

MaxMetaspaceSize: 384.00 MB
CompressedClassSpaceSize: 320.00 MB
Initial GC threshold: 21.00 MB
Current GC threshold: 59.06 MB
CDS: on
 - commit_granule_bytes: 65536.
 - commit_granule_words: 8192.
 - virtual_space_node_default_size: 8388608.
 - enlarge_chunks_in_place: 1.
 - use_allocation_guard: 0.


Internal statistics:

num_allocs_failed_limit: 6.
num_arena_births: 2484.
num_arena_deaths: 0.
num_vsnodes_births: 2.
num_vsnodes_deaths: 0.
num_space_committed: 614.
num_space_uncommitted: 0.
num_chunks_returned_to_freelist: 6.
num_chunks_taken_from_freelist: 4280.
num_chunk_merges: 6.
num_chunk_splits: 2763.
num_chunks_enlarged: 1656.
num_inconsistent_stats: 0.

CodeHeap 'non-profiled nmethods': size=119168Kb used=2352Kb max_used=2500Kb free=116815Kb
 bounds [0x00000174a5040000, 0x00000174a52c0000, 0x00000174ac4a0000]
CodeHeap 'profiled nmethods': size=119104Kb used=8855Kb max_used=9444Kb free=110248Kb
 bounds [0x000001749d4a0000, 0x000001749dde0000, 0x00000174a48f0000]
CodeHeap 'non-nmethods': size=7488Kb used=1825Kb max_used=3044Kb free=5662Kb
 bounds [0x00000174a48f0000, 0x00000174a4c80000, 0x00000174a5040000]
CodeCache: size=245760Kb, used=13032Kb, max_used=14988Kb, free=232725Kb
 total_blobs=5386, nmethods=4686, adapters=603, full_count=0
Compilation: enabled, stopped_count=0, restarted_count=0

Compilation events (20 events):
Event: 157.685 Thread 0x00000174b10c60a0 nmethod 5248 0x000001749d568590 code [0x000001749d568780, 0x000001749d568d18]
Event: 157.693 Thread 0x00000174b10c60a0 5249       1       com.google.common.cache.LocalCache$StrongEntry::getValueReference (5 bytes)
Event: 157.693 Thread 0x00000174b10c60a0 nmethod 5249 0x00000174a5061e10 code [0x00000174a5061fa0, 0x00000174a5062068]
Event: 157.704 Thread 0x00000174b10c60a0 5250       3       java.nio.HeapByteBuffer::<init> (21 bytes)
Event: 157.705 Thread 0x00000174b10c60a0 nmethod 5250 0x000001749d4c4710 code [0x000001749d4c48c0, 0x000001749d4c4ad8]
Event: 157.707 Thread 0x00000174b10c60a0 5251       3       java.lang.String::getBytes (25 bytes)
Event: 157.708 Thread 0x00000174b10c60a0 nmethod 5251 0x000001749d564e90 code [0x000001749d565060, 0x000001749d565330]
Event: 157.708 Thread 0x00000174b10c60a0 5252       3       sun.security.provider.DigestBase::engineDigest (112 bytes)
Event: 157.710 Thread 0x00000174b10c60a0 nmethod 5252 0x000001749d97d310 code [0x000001749d97d5e0, 0x000001749d97e1e8]
Event: 157.813 Thread 0x00000174b10c60a0 5253       3       java.io.File::getAbsolutePath (8 bytes)
Event: 157.813 Thread 0x00000174b10c60a0 nmethod 5253 0x000001749d6e5b90 code [0x000001749d6e5d40, 0x000001749d6e5e90]
Event: 160.358 Thread 0x00000174b10c60a0 5254       3       java.util.stream.ReduceOps$3ReducingSink::begin (14 bytes)
Event: 160.358 Thread 0x00000174b10c60a0 nmethod 5254 0x000001749d564990 code [0x000001749d564b40, 0x000001749d564d70]
Event: 161.094 Thread 0x00000174b10c60a0 5255       3       java.util.regex.Pattern::newCharProperty (39 bytes)
Event: 161.096 Thread 0x00000174b10c60a0 nmethod 5255 0x000001749d4f8990 code [0x000001749d4f8ba0, 0x000001749d4f9470]
Event: 161.112 Thread 0x00000174b10c60a0 5256       3       java.io.RandomAccessFile::<init> (275 bytes)
Event: 161.114 Thread 0x00000174b10c60a0 nmethod 5256 0x000001749d848a10 code [0x000001749d848da0, 0x000001749d84a158]
Event: 161.117 Thread 0x00000174b10b21c0 5257       4       java.io.BufferedInputStream::implRead (112 bytes)
Event: 161.674 Thread 0x00000174b10c60a0 5258       3       java.io.ByteArrayInputStream::<init> (26 bytes)
Event: 161.674 Thread 0x00000174b10c60a0 nmethod 5258 0x000001749d564490 code [0x000001749d564640, 0x000001749d564880]

GC Heap History (10 events):
Event: 7.420 GC heap before
{Heap before GC invocations=0 (full 0):
 garbage-first heap   total 262144K, used 27648K [0x00000000e0000000, 0x0000000100000000)
  region size 1024K, 23 young (23552K), 0 survivors (0K)
 Metaspace       used 2876K, committed 3008K, reserved 393216K
  class space    used 333K, committed 384K, reserved 327680K
}
Event: 7.480 GC heap after
{Heap after GC invocations=1 (full 0):
 garbage-first heap   total 262144K, used 10837K [0x00000000e0000000, 0x0000000100000000)
  region size 1024K, 3 young (3072K), 3 survivors (3072K)
 Metaspace       used 2876K, committed 3008K, reserved 393216K
  class space    used 333K, committed 384K, reserved 327680K
}
Event: 12.089 GC heap before
{Heap before GC invocations=1 (full 0):
 garbage-first heap   total 262144K, used 38485K [0x00000000e0000000, 0x0000000100000000)
  region size 1024K, 30 young (30720K), 3 survivors (3072K)
 Metaspace       used 4681K, committed 4864K, reserved 393216K
  class space    used 594K, committed 704K, reserved 327680K
}
Event: 12.094 GC heap after
{Heap after GC invocations=2 (full 0):
 garbage-first heap   total 262144K, used 14336K [0x00000000e0000000, 0x0000000100000000)
  region size 1024K, 3 young (3072K), 3 survivors (3072K)
 Metaspace       used 4681K, committed 4864K, reserved 393216K
  class space    used 594K, committed 704K, reserved 327680K
}
Event: 38.188 GC heap before
{Heap before GC invocations=2 (full 0):
 garbage-first heap   total 262144K, used 81920K [0x00000000e0000000, 0x0000000100000000)
  region size 1024K, 68 young (69632K), 3 survivors (3072K)
 Metaspace       used 12300K, committed 12672K, reserved 393216K
  class space    used 1600K, committed 1792K, reserved 327680K
}
Event: 38.393 GC heap after
{Heap after GC invocations=3 (full 0):
 garbage-first heap   total 262144K, used 21605K [0x00000000e0000000, 0x0000000100000000)
  region size 1024K, 9 young (9216K), 9 survivors (9216K)
 Metaspace       used 12300K, committed 12672K, reserved 393216K
  class space    used 1600K, committed 1792K, reserved 327680K
}
Event: 72.653 GC heap before
{Heap before GC invocations=3 (full 0):
 garbage-first heap   total 262144K, used 89189K [0x00000000e0000000, 0x0000000100000000)
  region size 1024K, 76 young (77824K), 9 survivors (9216K)
 Metaspace       used 20910K, committed 21504K, reserved 393216K
  class space    used 2886K, committed 3136K, reserved 327680K
}
Event: 72.694 GC heap after
{Heap after GC invocations=4 (full 0):
 garbage-first heap   total 262144K, used 24411K [0x00000000e0000000, 0x0000000100000000)
  region size 1024K, 12 young (12288K), 12 survivors (12288K)
 Metaspace       used 20910K, committed 21504K, reserved 393216K
  class space    used 2886K, committed 3136K, reserved 327680K
}
Event: 96.422 GC heap before
{Heap before GC invocations=5 (full 0):
 garbage-first heap   total 262144K, used 126811K [0x00000000e0000000, 0x0000000100000000)
  region size 1024K, 112 young (114688K), 12 survivors (12288K)
 Metaspace       used 34852K, committed 36160K, reserved 393216K
  class space    used 4966K, committed 5632K, reserved 327680K
}
Event: 96.437 GC heap after
{Heap after GC invocations=6 (full 0):
 garbage-first heap   total 262144K, used 30080K [0x00000000e0000000, 0x0000000100000000)
  region size 1024K, 16 young (16384K), 16 survivors (16384K)
 Metaspace       used 34852K, committed 36160K, reserved 393216K
  class space    used 4966K, committed 5632K, reserved 327680K
}

Dll operation events (20 events):
Event: 1.763 Attempting to load shared library C:\Users\yoohy\.vscode\extensions\redhat.java-1.56.0-win32-x64\jre\21.0.12.1-win32-x86_64\bin\nio.dll
Event: 1.763 Loaded shared library C:\Users\yoohy\.vscode\extensions\redhat.java-1.56.0-win32-x64\jre\21.0.12.1-win32-x86_64\bin\nio.dll
Event: 1.768 Attempting to load shared library C:\Users\yoohy\.vscode\extensions\redhat.java-1.56.0-win32-x64\jre\21.0.12.1-win32-x86_64\bin\zip.dll
Event: 1.768 Loaded shared library C:\Users\yoohy\.vscode\extensions\redhat.java-1.56.0-win32-x64\jre\21.0.12.1-win32-x86_64\bin\zip.dll
Event: 3.836 Attempting to load shared library C:\Users\yoohy\.vscode\extensions\redhat.java-1.56.0-win32-x64\jre\21.0.12.1-win32-x86_64\bin\jimage.dll
Event: 3.836 Loaded shared library C:\Users\yoohy\.vscode\extensions\redhat.java-1.56.0-win32-x64\jre\21.0.12.1-win32-x86_64\bin\jimage.dll
Event: 6.559 Attempting to load shared library C:\Users\yoohy\.vscode\extensions\redhat.java-1.56.0-win32-x64\jre\21.0.12.1-win32-x86_64\bin\verify.dll
Event: 6.560 Loaded shared library C:\Users\yoohy\.vscode\extensions\redhat.java-1.56.0-win32-x64\jre\21.0.12.1-win32-x86_64\bin\verify.dll
Event: 6.797 Attempting to load shared library C:\Users\yoohy\.gradle\native\660c5614fbf4a5f2a75b1949f50a0caf5cd603558e7d8a26e50b933a0cfb79d1\windows-amd64\native-platform.dll
Event: 6.798 Loaded shared library C:\Users\yoohy\.gradle\native\660c5614fbf4a5f2a75b1949f50a0caf5cd603558e7d8a26e50b933a0cfb79d1\windows-amd64\native-platform.dll
Event: 6.889 Attempting to load shared library C:\Users\yoohy\.gradle\native\0.2.8\x86_64-windows-gnu\gradle-fileevents.dll
Event: 6.890 Loaded shared library C:\Users\yoohy\.gradle\native\0.2.8\x86_64-windows-gnu\gradle-fileevents.dll
Event: 15.132 Attempting to load shared library C:\Users\yoohy\.vscode\extensions\redhat.java-1.56.0-win32-x64\jre\21.0.12.1-win32-x86_64\bin\management.dll
Event: 15.134 Loaded shared library C:\Users\yoohy\.vscode\extensions\redhat.java-1.56.0-win32-x64\jre\21.0.12.1-win32-x86_64\bin\management.dll
Event: 15.155 Attempting to load shared library C:\Users\yoohy\.vscode\extensions\redhat.java-1.56.0-win32-x64\jre\21.0.12.1-win32-x86_64\bin\management_ext.dll
Event: 15.157 Loaded shared library C:\Users\yoohy\.vscode\extensions\redhat.java-1.56.0-win32-x64\jre\21.0.12.1-win32-x86_64\bin\management_ext.dll
Event: 16.936 Attempting to load shared library C:\Users\yoohy\.vscode\extensions\redhat.java-1.56.0-win32-x64\jre\21.0.12.1-win32-x86_64\bin\extnet.dll
Event: 16.941 Loaded shared library C:\Users\yoohy\.vscode\extensions\redhat.java-1.56.0-win32-x64\jre\21.0.12.1-win32-x86_64\bin\extnet.dll
Event: 21.027 Attempting to load shared library C:\Users\yoohy\.vscode\extensions\redhat.java-1.56.0-win32-x64\jre\21.0.12.1-win32-x86_64\bin\sunmscapi.dll
Event: 21.034 Loaded shared library C:\Users\yoohy\.vscode\extensions\redhat.java-1.56.0-win32-x64\jre\21.0.12.1-win32-x86_64\bin\sunmscapi.dll

Deoptimization events (20 events):
Event: 100.005 Thread 0x00000174cb8a0420 Uncommon trap: reason=bimorphic_or_optimized_type_check action=maybe_recompile pc=0x00000174a52a3ddc method=java.io.BufferedInputStream.implRead([BII)I @ 100 c2
Event: 100.005 Thread 0x00000174cb8a0420 DEOPT PACKING pc=0x00000174a52a3ddc sp=0x0000006ca85fe460
Event: 100.005 Thread 0x00000174cb8a0420 DEOPT UNPACKING pc=0x00000174a4944422 sp=0x0000006ca85fe448 mode 2
Event: 100.005 Thread 0x00000174cb8a1140 DEOPT UNPACKING pc=0x00000174a4944422 sp=0x0000006ca89fe388 mode 2
Event: 100.007 Thread 0x00000174cb8a0420 Uncommon trap: trap_request=0xffffff45 fr.pc=0x00000174a5293d10 relative=0x00000000000007b0
Event: 100.007 Thread 0x00000174cb8a0420 Uncommon trap: reason=unstable_if action=reinterpret pc=0x00000174a5293d10 method=java.io.BufferedOutputStream.write([BII)V @ 4 c2
Event: 100.007 Thread 0x00000174cb8a0420 DEOPT PACKING pc=0x00000174a5293d10 sp=0x0000006ca85fe850
Event: 100.007 Thread 0x00000174cb8a0420 DEOPT UNPACKING pc=0x00000174a4944422 sp=0x0000006ca85fe820 mode 2
Event: 100.315 Thread 0x00000174cc1065f0 Uncommon trap: trap_request=0xffffffbe fr.pc=0x00000174a50a402c relative=0x000000000000024c
Event: 100.315 Thread 0x00000174cc1065f0 Uncommon trap: reason=profile_predicate action=maybe_recompile pc=0x00000174a50a402c method=java.util.stream.ReferencePipeline.forEachWithCancel(Ljava/util/Spliterator;Ljava/util/stream/Sink;)Z @ 8 c2
Event: 100.315 Thread 0x00000174cc1065f0 DEOPT PACKING pc=0x00000174a50a402c sp=0x0000006ca7dfe9a0
Event: 100.315 Thread 0x00000174cc1065f0 DEOPT UNPACKING pc=0x00000174a4944422 sp=0x0000006ca7dfe940 mode 2
Event: 155.965 Thread 0x00000174cb8a0420 Uncommon trap: trap_request=0xffffffc6 fr.pc=0x00000174a52a3ddc relative=0x0000000000000bdc
Event: 155.965 Thread 0x00000174cb8a0420 Uncommon trap: reason=bimorphic_or_optimized_type_check action=maybe_recompile pc=0x00000174a52a3ddc method=java.io.BufferedInputStream.implRead([BII)I @ 100 c2
Event: 155.965 Thread 0x00000174cb8a0420 DEOPT PACKING pc=0x00000174a52a3ddc sp=0x0000006ca85fe4c0
Event: 155.967 Thread 0x00000174cb8a0420 DEOPT UNPACKING pc=0x00000174a4944422 sp=0x0000006ca85fe488 mode 2
Event: 156.712 Thread 0x00000174cb8a0420 Uncommon trap: trap_request=0xffffffc6 fr.pc=0x00000174a52a3ddc relative=0x0000000000000bdc
Event: 156.713 Thread 0x00000174cb8a0420 Uncommon trap: reason=bimorphic_or_optimized_type_check action=maybe_recompile pc=0x00000174a52a3ddc method=java.io.BufferedInputStream.implRead([BII)I @ 100 c2
Event: 156.713 Thread 0x00000174cb8a0420 DEOPT PACKING pc=0x00000174a52a3ddc sp=0x0000006ca85fe4c0
Event: 156.713 Thread 0x00000174cb8a0420 DEOPT UNPACKING pc=0x00000174a4944422 sp=0x0000006ca85fe488 mode 2

Classes loaded (20 events):
Event: 98.357 Loading class java/nio/file/AccessMode
Event: 98.357 Loading class java/nio/file/AccessMode done
Event: 98.370 Loading class java/io/StringReader
Event: 98.370 Loading class java/io/StringReader done
Event: 98.379 Loading class java/math/MutableBigInteger
Event: 98.379 Loading class java/math/MutableBigInteger done
Event: 99.279 Loading class java/nio/file/FileTreeWalker
Event: 99.279 Loading class java/nio/file/FileTreeWalker done
Event: 99.280 Loading class java/nio/file/FileTreeWalker$DirectoryNode
Event: 99.280 Loading class java/nio/file/FileTreeWalker$DirectoryNode done
Event: 99.280 Loading class java/nio/file/FileTreeWalker$Event
Event: 99.280 Loading class java/nio/file/FileTreeWalker$Event done
Event: 99.280 Loading class java/nio/file/FileTreeWalker$EventType
Event: 99.280 Loading class java/nio/file/FileTreeWalker$EventType done
Event: 99.280 Loading class java/nio/file/Files$3
Event: 99.280 Loading class java/nio/file/Files$3 done
Event: 99.285 Loading class java/nio/file/FileVisitResult
Event: 99.285 Loading class java/nio/file/FileVisitResult done
Event: 100.054 Loading class java/util/stream/Streams$RangeIntSpliterator
Event: 100.054 Loading class java/util/stream/Streams$RangeIntSpliterator done

Classes unloaded (0 events):
No events

Classes redefined (0 events):
No events

Internal exceptions (20 events):
Event: 98.176 Thread 0x00000174cb546010 Exception <a 'java/lang/ClassNotFoundException'{0x00000000ef758d50}: groovy/lang/GroovyObjectSupportCustomizer> (0x00000000ef758d50) 
thrown [s\src\hotspot\share\classfile\systemDictionary.cpp, line 313]
Event: 98.184 Thread 0x00000174cb546010 Exception <a 'java/lang/ClassNotFoundException'{0x00000000ef773bf0}: org/gradle/internal/extensibility/DefaultExtraPropertiesExtensionCustomizer> (0x00000000ef773bf0) 
thrown [s\src\hotspot\share\classfile\systemDictionary.cpp, line 313]
Event: 98.190 Thread 0x00000174cb546010 Exception <a 'java/lang/IncompatibleClassChangeError'{0x00000000ef78fe08}: Found class java.lang.Object, but interface was expected> (0x00000000ef78fe08) 
thrown [s\src\hotspot\share\interpreter\linkResolver.cpp, line 840]
Event: 98.353 Thread 0x00000174cb546010 Exception <a 'sun/nio/fs/WindowsException'{0x00000000ef61f760}> (0x00000000ef61f760) 
thrown [s\src\hotspot\share\prims\jni.cpp, line 520]
Event: 98.358 Thread 0x00000174cb546010 Exception <a 'sun/nio/fs/WindowsException'{0x00000000ef621768}> (0x00000000ef621768) 
thrown [s\src\hotspot\share\prims\jni.cpp, line 520]
Event: 98.358 Thread 0x00000174cb546010 Exception <a 'sun/nio/fs/WindowsException'{0x00000000ef622ee8}> (0x00000000ef622ee8) 
thrown [s\src\hotspot\share\prims\jni.cpp, line 520]
Event: 98.359 Thread 0x00000174cb546010 Exception <a 'sun/nio/fs/WindowsException'{0x00000000ef624290}> (0x00000000ef624290) 
thrown [s\src\hotspot\share\prims\jni.cpp, line 520]
Event: 98.539 Thread 0x00000174cb546010 Exception <a 'java/lang/IncompatibleClassChangeError'{0x00000000ef59c8a0}: Found class java.lang.Object, but interface was expected> (0x00000000ef59c8a0) 
thrown [s\src\hotspot\share\interpreter\linkResolver.cpp, line 840]
Event: 99.272 Thread 0x00000174cb546010 Exception <a 'java/lang/NoSuchMethodError'{0x00000000ef214750}: 'java.lang.Object java.lang.invoke.DirectMethodHandle$Holder.invokeSpecial(java.lang.Object, java.lang.Object, long, java.lang.Object)'> (0x00000000ef214750) 
thrown [s\src\hotspot\share\interpreter\linkResolver.cpp, line 773]
Event: 99.273 Thread 0x00000174cb546010 Exception <a 'java/lang/NoSuchMethodError'{0x00000000ef21bc58}: 'java.lang.Object java.lang.invoke.DirectMethodHandle$Holder.newInvokeSpecial(java.lang.Object, java.lang.Object, long)'> (0x00000000ef21bc58) 
thrown [s\src\hotspot\share\interpreter\linkResolver.cpp, line 773]
Event: 99.273 Thread 0x00000174cb546010 Exception <a 'java/lang/NoSuchMethodError'{0x00000000ef220240}: 'java.lang.Object java.lang.invoke.Invokers$Holder.linkToTargetMethod(java.lang.Object, long, java.lang.Object)'> (0x00000000ef220240) 
thrown [s\src\hotspot\share\interpreter\linkResolver.cpp, line 773]
Event: 99.996 Thread 0x00000174cb8a0420 Implicit null exception at 0x00000174a51d8181 to 0x00000174a51d87e8
Event: 100.007 Thread 0x00000174cb8a0420 Implicit null exception at 0x00000174a52935af to 0x00000174a5293cec
Event: 100.025 Thread 0x00000174cb546010 Exception <a 'java/lang/NoSuchMethodError'{0x00000000ef1f3ab0}: 'int java.lang.invoke.DirectMethodHandle$Holder.invokeSpecial(java.lang.Object, java.lang.Object, java.lang.Object, java.lang.Object)'> (0x00000000ef1f3ab0) 
thrown [s\src\hotspot\share\interpreter\linkResolver.cpp, line 773]
Event: 100.029 Thread 0x00000174cb546010 Exception <a 'java/lang/NoSuchMethodError'{0x00000000eed99280}: 'int java.lang.invoke.DirectMethodHandle$Holder.invokeInterface(java.lang.Object, java.lang.Object)'> (0x00000000eed99280) 
thrown [s\src\hotspot\share\interpreter\linkResolver.cpp, line 773]
Event: 100.048 Thread 0x00000174cb546010 Exception <a 'java/lang/NoSuchMethodError'{0x00000000eec2ad50}: 'java.lang.Object java.lang.invoke.DirectMethodHandle$Holder.invokeVirtual(java.lang.Object, java.lang.Object, int)'> (0x00000000eec2ad50) 
thrown [s\src\hotspot\share\interpreter\linkResolver.cpp, line 773]
Event: 150.880 Thread 0x00000174cb546010 Exception <a 'java/lang/NoSuchMethodError'{0x00000000ee776f98}: 'java.lang.Object java.lang.invoke.DirectMethodHandle$Holder.invokeStatic(java.lang.Object, java.lang.Object, int, java.lang.Object)'> (0x00000000ee776f98) 
thrown [s\src\hotspot\share\interpreter\linkResolver.cpp, line 773]
Event: 150.887 Thread 0x00000174cb546010 Exception <a 'java/lang/NoSuchMethodError'{0x00000000ee77e450}: 'java.lang.Object java.lang.invoke.DirectMethodHandle$Holder.newInvokeSpecial(java.lang.Object, java.lang.Object, int, java.lang.Object)'> (0x00000000ee77e450) 
thrown [s\src\hotspot\share\interpreter\linkResolver.cpp, line 773]
Event: 150.890 Thread 0x00000174cb546010 Exception <a 'java/lang/NoSuchMethodError'{0x00000000ee63e188}: 'java.lang.Object java.lang.invoke.DirectMethodHandle$Holder.invokeSpecial(java.lang.Object, java.lang.Object, java.lang.Object, int, java.lang.Object)'> (0x00000000ee63e188) 
thrown [s\src\hotspot\share\interpreter\linkResolver.cpp, line 773]
Event: 156.600 Thread 0x00000174cb546010 Exception <a 'java/lang/IncompatibleClassChangeError'{0x00000000ee5e4268}: Found class java.lang.Object, but interface was expected> (0x00000000ee5e4268) 
thrown [s\src\hotspot\share\interpreter\linkResolver.cpp, line 840]

ZGC Phase Switch (0 events):
No events

VM Operations (20 events):
Event: 120.437 Executing non-safepoint VM operation: RendezvousGCThreads
Event: 120.437 Executing non-safepoint VM operation: RendezvousGCThreads done
Event: 129.497 Executing safepoint VM operation: Cleanup
Event: 129.497 Executing safepoint VM operation: Cleanup done
Event: 137.580 Executing safepoint VM operation: Cleanup
Event: 137.580 Executing safepoint VM operation: Cleanup done
Event: 139.588 Executing safepoint VM operation: Cleanup
Event: 139.588 Executing safepoint VM operation: Cleanup done
Event: 151.712 Executing safepoint VM operation: Cleanup
Event: 153.597 Executing safepoint VM operation: Cleanup done
Event: 155.622 Executing safepoint VM operation: Cleanup
Event: 155.623 Executing safepoint VM operation: Cleanup done
Event: 156.636 Executing safepoint VM operation: Cleanup
Event: 156.636 Executing safepoint VM operation: Cleanup done
Event: 157.649 Executing safepoint VM operation: Cleanup
Event: 157.664 Executing safepoint VM operation: Cleanup done
Event: 158.671 Executing safepoint VM operation: Cleanup
Event: 158.671 Executing safepoint VM operation: Cleanup done
Event: 161.689 Executing safepoint VM operation: Cleanup
Event: 161.689 Executing safepoint VM operation: Cleanup done

Memory protections (0 events):
No events

Nmethod flushes (20 events):
Event: 96.471 Thread 0x00000174b1044a10 flushing  nmethod 0x000001749d84b110
Event: 96.471 Thread 0x00000174b1044a10 flushing  nmethod 0x000001749d84d310
Event: 96.471 Thread 0x00000174b1044a10 flushing  nmethod 0x000001749d851090
Event: 96.471 Thread 0x00000174b1044a10 flushing  nmethod 0x000001749d851c10
Event: 96.471 Thread 0x00000174b1044a10 flushing  nmethod 0x000001749d867d90
Event: 96.471 Thread 0x00000174b1044a10 flushing  nmethod 0x000001749d8ae790
Event: 96.471 Thread 0x00000174b1044a10 flushing  nmethod 0x000001749d8f6010
Event: 96.471 Thread 0x00000174b1044a10 flushing  nmethod 0x000001749d900190
Event: 96.471 Thread 0x00000174b1044a10 flushing  nmethod 0x000001749d900710
Event: 96.471 Thread 0x00000174b1044a10 flushing  nmethod 0x000001749db2a510
Event: 96.471 Thread 0x00000174b1044a10 flushing  nmethod 0x000001749d916e90
Event: 96.471 Thread 0x00000174b1044a10 flushing  nmethod 0x000001749d918e10
Event: 96.471 Thread 0x00000174b1044a10 flushing  nmethod 0x000001749d964d10
Event: 96.471 Thread 0x00000174b1044a10 flushing  nmethod 0x000001749d9ba410
Event: 96.471 Thread 0x00000174b1044a10 flushing  nmethod 0x000001749d9bae10
Event: 96.471 Thread 0x00000174b1044a10 flushing  nmethod 0x000001749d9eee10
Event: 96.471 Thread 0x00000174b1044a10 flushing  nmethod 0x000001749d9f5a10
Event: 96.471 Thread 0x00000174b1044a10 flushing  nmethod 0x000001749da91510
Event: 96.471 Thread 0x00000174b1044a10 flushing  nmethod 0x000001749dab8190
Event: 96.471 Thread 0x00000174b1044a10 flushing  nmethod 0x000001749db5a110

Events (20 events):
Event: 99.224 Thread 0x00000174cb8a52e0 Thread exited: 0x00000174cb8a52e0
Event: 99.224 Thread 0x00000174cb32b3d0 Thread exited: 0x00000174cb32b3d0
Event: 99.225 Thread 0x00000174b15a8f50 Thread exited: 0x00000174b15a8f50
Event: 99.236 Thread 0x00000174cc4f0090 Thread exited: 0x00000174cc4f0090
Event: 99.287 Thread 0x00000174cb2d1eb0 Thread exited: 0x00000174cb2d1eb0
Event: 99.466 Thread 0x00000174cc4eece0 Thread exited: 0x00000174cc4eece0
Event: 99.479 Thread 0x00000174cb89fd90 Thread exited: 0x00000174cb89fd90
Event: 99.589 Thread 0x00000174cc4edfc0 Thread exited: 0x00000174cc4edfc0
Event: 99.594 Thread 0x00000174cb8a45c0 Thread exited: 0x00000174cb8a45c0
Event: 99.594 Thread 0x00000174cc4efa00 Thread exited: 0x00000174cc4efa00
Event: 99.630 Thread 0x00000174cb8a24f0 Thread exited: 0x00000174cb8a24f0
Event: 99.642 Thread 0x00000174cc4e9790 Thread exited: 0x00000174cc4e9790
Event: 99.717 Thread 0x00000174cc4ef370 Thread exited: 0x00000174cc4ef370
Event: 99.785 Thread 0x00000174cc4ed2a0 Thread exited: 0x00000174cc4ed2a0
Event: 99.815 Thread 0x00000174cc4ecc10 Thread exited: 0x00000174cc4ecc10
Event: 99.824 Thread 0x00000174cc4ee650 Thread exited: 0x00000174cc4ee650
Event: 99.973 Thread 0x00000174cb32db30 Thread exited: 0x00000174cb32db30
Event: 99.983 Thread 0x00000174cb89e350 Thread exited: 0x00000174cb89e350
Event: 99.984 Thread 0x00000174cb32d4a0 Thread exited: 0x00000174cb32d4a0
Event: 150.916 Thread 0x00000174cb546010 Thread added: 0x00000174cb32d4a0


Dynamic libraries:
0x00007ff664880000 - 0x00007ff66488e000 	C:\Users\yoohy\.vscode\extensions\redhat.java-1.56.0-win32-x64\jre\21.0.12.1-win32-x86_64\bin\java.exe
0x00007ffa53940000 - 0x00007ffa53ba6000 	C:\windows\SYSTEM32\ntdll.dll
0x00007ffa517e0000 - 0x00007ffa518a9000 	C:\windows\System32\KERNEL32.DLL
0x00007ffa50c80000 - 0x00007ffa5107f000 	C:\windows\System32\KERNELBASE.dll
0x00007ffa51150000 - 0x00007ffa5129c000 	C:\windows\System32\ucrtbase.dll
0x00007ff9bb0e0000 - 0x00007ff9bb0f8000 	C:\Users\yoohy\.vscode\extensions\redhat.java-1.56.0-win32-x64\jre\21.0.12.1-win32-x86_64\bin\jli.dll
0x00007ffa52020000 - 0x00007ffa521e6000 	C:\windows\System32\USER32.dll
0x00007ffa514f0000 - 0x00007ffa51517000 	C:\windows\System32\win32u.dll
0x00007ffa531c0000 - 0x00007ffa531eb000 	C:\windows\System32\GDI32.dll
0x00007ffa50b50000 - 0x00007ffa50c79000 	C:\windows\System32\gdi32full.dll
0x00007ffa51440000 - 0x00007ffa514e3000 	C:\windows\System32\msvcp_win.dll
0x00007ff9bbe30000 - 0x00007ff9bbe4e000 	C:\Users\yoohy\.vscode\extensions\redhat.java-1.56.0-win32-x64\jre\21.0.12.1-win32-x86_64\bin\VCRUNTIME140.dll
0x00007ffa34650000 - 0x00007ffa348e1000 	C:\windows\WinSxS\amd64_microsoft.windows.common-controls_6595b64144ccf1df_6.0.26100.8972_none_3e0da176e32f9d4b\COMCTL32.dll
0x00007ffa53330000 - 0x00007ffa533d9000 	C:\windows\System32\msvcrt.dll
0x00007ffa52e10000 - 0x00007ffa52e42000 	C:\windows\System32\IMM32.DLL
0x00007ffa337b0000 - 0x00007ffa337bc000 	C:\Users\yoohy\.vscode\extensions\redhat.java-1.56.0-win32-x64\jre\21.0.12.1-win32-x86_64\bin\vcruntime140_1.dll
0x00007ff99d010000 - 0x00007ff99d09d000 	C:\Users\yoohy\.vscode\extensions\redhat.java-1.56.0-win32-x64\jre\21.0.12.1-win32-x86_64\bin\msvcp140.dll
0x00007ff99c260000 - 0x00007ff99d002000 	C:\Users\yoohy\.vscode\extensions\redhat.java-1.56.0-win32-x64\jre\21.0.12.1-win32-x86_64\bin\server\jvm.dll
0x00007ffa53830000 - 0x00007ffa538ec000 	C:\windows\System32\ADVAPI32.dll
0x00007ffa536f0000 - 0x00007ffa5379a000 	C:\windows\System32\sechost.dll
0x00007ffa519b0000 - 0x00007ffa51ac8000 	C:\windows\System32\RPCRT4.dll
0x00007ffa533e0000 - 0x00007ffa53462000 	C:\windows\System32\WS2_32.dll
0x00007ffa509b0000 - 0x00007ffa50a0e000 	C:\windows\SYSTEM32\POWRPROF.dll
0x00007ffa37940000 - 0x00007ffa37976000 	C:\windows\SYSTEM32\WINMM.dll
0x00007ffa30cf0000 - 0x00007ffa30cfb000 	C:\windows\SYSTEM32\VERSION.dll
0x00007ffa50990000 - 0x00007ffa509a5000 	C:\windows\SYSTEM32\UMPDC.dll
0x00007ffa4f830000 - 0x00007ffa4f84b000 	C:\windows\SYSTEM32\kernel.appcore.dll
0x00007ffa27d20000 - 0x00007ffa27d2a000 	C:\Users\yoohy\.vscode\extensions\redhat.java-1.56.0-win32-x64\jre\21.0.12.1-win32-x86_64\bin\jimage.dll
0x00007ffa4d910000 - 0x00007ffa4db52000 	C:\windows\SYSTEM32\DBGHELP.DLL
0x00007ffa51ad0000 - 0x00007ffa51e55000 	C:\windows\System32\combase.dll
0x00007ffa52f00000 - 0x00007ffa52fd9000 	C:\windows\System32\OLEAUT32.dll
0x00007ffa2a450000 - 0x00007ffa2a48b000 	C:\windows\SYSTEM32\dbgcore.DLL
0x00007ffa515b0000 - 0x00007ffa5165c000 	C:\windows\System32\bcryptPrimitives.dll
0x00007ffa27cf0000 - 0x00007ffa27cff000 	C:\Users\yoohy\.vscode\extensions\redhat.java-1.56.0-win32-x64\jre\21.0.12.1-win32-x86_64\bin\instrument.dll
0x00007ff9ba9b0000 - 0x00007ff9ba9d0000 	C:\Users\yoohy\.vscode\extensions\redhat.java-1.56.0-win32-x64\jre\21.0.12.1-win32-x86_64\bin\java.dll
0x00007ffa52680000 - 0x00007ffa52e08000 	C:\windows\System32\SHELL32.dll
0x00007ffa4e5d0000 - 0x00007ffa4ee6b000 	C:\windows\SYSTEM32\windows.storage.dll
0x00007ffa53470000 - 0x00007ffa53569000 	C:\windows\System32\SHCORE.dll
0x00007ffa518b0000 - 0x00007ffa51916000 	C:\windows\System32\shlwapi.dll
0x00007ffa50a70000 - 0x00007ffa50a99000 	C:\windows\SYSTEM32\profapi.dll
0x00007ff9ba990000 - 0x00007ff9ba9a8000 	C:\Users\yoohy\.vscode\extensions\redhat.java-1.56.0-win32-x64\jre\21.0.12.1-win32-x86_64\bin\zip.dll
0x00007ffa27b30000 - 0x00007ffa27b40000 	C:\Users\yoohy\.vscode\extensions\redhat.java-1.56.0-win32-x64\jre\21.0.12.1-win32-x86_64\bin\net.dll
0x00007ffa48330000 - 0x00007ffa48458000 	C:\windows\SYSTEM32\WINHTTP.dll
0x00007ffa4fde0000 - 0x00007ffa4fe4c000 	C:\windows\system32\mswsock.dll
0x00007ff9ba8b0000 - 0x00007ff9ba8c6000 	C:\Users\yoohy\.vscode\extensions\redhat.java-1.56.0-win32-x64\jre\21.0.12.1-win32-x86_64\bin\nio.dll
0x00007ffa16990000 - 0x00007ffa169a0000 	C:\Users\yoohy\.vscode\extensions\redhat.java-1.56.0-win32-x64\jre\21.0.12.1-win32-x86_64\bin\verify.dll
0x00007ffa29420000 - 0x00007ffa29447000 	C:\Users\yoohy\.gradle\native\660c5614fbf4a5f2a75b1949f50a0caf5cd603558e7d8a26e50b933a0cfb79d1\windows-amd64\native-platform.dll
0x00007ffa10030000 - 0x00007ffa100a7000 	C:\Users\yoohy\.gradle\native\0.2.8\x86_64-windows-gnu\gradle-fileevents.dll
0x00007ffa316c0000 - 0x00007ffa316ca000 	C:\Users\yoohy\.vscode\extensions\redhat.java-1.56.0-win32-x64\jre\21.0.12.1-win32-x86_64\bin\management.dll
0x00007ffa29ee0000 - 0x00007ffa29eec000 	C:\Users\yoohy\.vscode\extensions\redhat.java-1.56.0-win32-x64\jre\21.0.12.1-win32-x86_64\bin\management_ext.dll
0x00007ffa532f0000 - 0x00007ffa532f8000 	C:\windows\System32\PSAPI.DLL
0x00007ffa4f280000 - 0x00007ffa4f2b3000 	C:\windows\SYSTEM32\IPHLPAPI.DLL
0x00007ffa51920000 - 0x00007ffa5192a000 	C:\windows\System32\NSI.dll
0x00007ffa316d0000 - 0x00007ffa316d9000 	C:\Users\yoohy\.vscode\extensions\redhat.java-1.56.0-win32-x64\jre\21.0.12.1-win32-x86_64\bin\extnet.dll
0x00007ffa500d0000 - 0x00007ffa500eb000 	C:\windows\SYSTEM32\CRYPTSP.dll
0x00007ffa4f790000 - 0x00007ffa4f7c9000 	C:\windows\system32\rsaenh.dll
0x00007ffa4fe90000 - 0x00007ffa4fec2000 	C:\windows\SYSTEM32\USERENV.dll
0x00007ffa50a40000 - 0x00007ffa50a6a000 	C:\windows\SYSTEM32\bcrypt.dll
0x00007ffa500f0000 - 0x00007ffa500fc000 	C:\windows\SYSTEM32\CRYPTBASE.dll
0x00007ffa317d0000 - 0x00007ffa317de000 	C:\Users\yoohy\.vscode\extensions\redhat.java-1.56.0-win32-x64\jre\21.0.12.1-win32-x86_64\bin\sunmscapi.dll
0x00007ffa512b0000 - 0x00007ffa5142e000 	C:\windows\System32\CRYPT32.dll
0x00007ffa50310000 - 0x00007ffa50340000 	C:\windows\SYSTEM32\ncrypt.dll
0x00007ffa502c0000 - 0x00007ffa502ff000 	C:\windows\SYSTEM32\NTASN1.dll
0x00007ffa31ae0000 - 0x00007ffa31ae8000 	C:\windows\system32\wshunix.dll

JVMTI agents:
C:\Users\yoohy\.gradle\wrapper\dists\gradle-9.5.1-bin\iq79hdu3mqx29lgffhp8bfmx\gradle-9.5.1\lib\agents\gradle-instrumentation-agent-9.5.1.jar path:C:\Users\yoohy\.vscode\extensions\redhat.java-1.56.0-win32-x64\jre\21.0.12.1-win32-x86_64\bin\instrument.dll, loaded, initialized, instrumentlib options:none

dbghelp: loaded successfully - version: 4.0.5 - missing functions: none
symbol engine: initialized successfully - sym options: 0x614 - pdb path: .;C:\Users\yoohy\.vscode\extensions\redhat.java-1.56.0-win32-x64\jre\21.0.12.1-win32-x86_64\bin;C:\windows\SYSTEM32;C:\windows\WinSxS\amd64_microsoft.windows.common-controls_6595b64144ccf1df_6.0.26100.8972_none_3e0da176e32f9d4b;C:\Users\yoohy\.vscode\extensions\redhat.java-1.56.0-win32-x64\jre\21.0.12.1-win32-x86_64\bin\server;C:\Users\yoohy\.gradle\native\660c5614fbf4a5f2a75b1949f50a0caf5cd603558e7d8a26e50b933a0cfb79d1\windows-amd64;C:\Users\yoohy\.gradle\native\0.2.8\x86_64-windows-gnu

VM Arguments:
jvm_args: --add-opens=java.base/java.lang=ALL-UNNAMED --add-opens=java.base/java.lang.invoke=ALL-UNNAMED --add-opens=java.base/java.util=ALL-UNNAMED --add-opens=java.prefs/java.util.prefs=ALL-UNNAMED --add-exports=jdk.compiler/com.sun.tools.javac.api=ALL-UNNAMED --add-exports=jdk.compiler/com.sun.tools.javac.util=ALL-UNNAMED --add-opens=java.base/java.nio.charset=ALL-UNNAMED --add-opens=java.base/java.net=ALL-UNNAMED --add-opens=java.base/java.util.concurrent=ALL-UNNAMED --add-opens=java.base/java.util.concurrent.atomic=ALL-UNNAMED --add-opens=java.xml/javax.xml.namespace=ALL-UNNAMED --add-opens=java.base/java.time=ALL-UNNAMED -XX:MaxMetaspaceSize=384m -XX:+HeapDumpOnOutOfMemoryError -Xms256m -Xmx512m -Dfile.encoding=UTF-8 -Duser.country=KR -Duser.language=ko -Duser.variant -javaagent:C:\Users\yoohy\.gradle\wrapper\dists\gradle-9.5.1-bin\iq79hdu3mqx29lgffhp8bfmx\gradle-9.5.1\lib\agents\gradle-instrumentation-agent-9.5.1.jar 
java_command: org.gradle.launcher.daemon.bootstrap.GradleDaemon 9.5.1
java_class_path (initial): C:\Users\yoohy\.gradle\wrapper\dists\gradle-9.5.1-bin\iq79hdu3mqx29lgffhp8bfmx\gradle-9.5.1\lib\gradle-daemon-main-9.5.1.jar
Launcher Type: SUN_STANDARD

[Global flags]
     intx CICompilerCount                          = 12                                        {product} {ergonomic}
   size_t CompressedClassSpaceSize                 = 335544320                                 {product} {ergonomic}
     uint ConcGCThreads                            = 4                                         {product} {ergonomic}
     uint G1ConcRefinementThreads                  = 14                                        {product} {ergonomic}
   size_t G1HeapRegionSize                         = 1048576                                   {product} {ergonomic}
    uintx GCDrainStackTargetSize                   = 64                                        {product} {ergonomic}
     bool HeapDumpOnOutOfMemoryError               = true                                   {manageable} {command line}
   size_t InitialHeapSize                          = 268435456                                 {product} {command line}
   size_t MarkStackSize                            = 4194304                                   {product} {ergonomic}
   size_t MaxHeapSize                              = 536870912                                 {product} {command line}
   size_t MaxMetaspaceSize                         = 402653184                                 {product} {command line}
   size_t MaxNewSize                               = 321912832                                 {product} {ergonomic}
   size_t MinHeapDeltaBytes                        = 1048576                                   {product} {ergonomic}
   size_t MinHeapSize                              = 268435456                                 {product} {command line}
    uintx NonNMethodCodeHeapSize                   = 7602480                                {pd product} {ergonomic}
    uintx NonProfiledCodeHeapSize                  = 122027880                              {pd product} {ergonomic}
    uintx ProfiledCodeHeapSize                     = 122027880                              {pd product} {ergonomic}
    uintx ReservedCodeCacheSize                    = 251658240                              {pd product} {ergonomic}
     bool SegmentedCodeCache                       = true                                      {product} {ergonomic}
   size_t SoftMaxHeapSize                          = 536870912                              {manageable} {ergonomic}
     bool UseCompressedOops                        = true                           {product lp64_product} {ergonomic}
     bool UseG1GC                                  = true                                      {product} {ergonomic}
     bool UseLargePagesIndividualAllocation        = false                                  {pd product} {ergonomic}

Logging:
Log output configuration:
 #0: stdout all=warning uptime,level,tags foldmultilines=false
 #1: stderr all=off uptime,level,tags foldmultilines=false

Release file:
JAVA_VERSION="21.0.12.1" 
MODULES="java.base java.compiler java.datatransfer java.xml java.prefs java.desktop java.instrument java.logging java.management java.security.sasl java.naming java.rmi java.management.rmi java.net.http java.scripting java.security.jgss java.transaction.xa java.sql java.sql.rowset java.xml.crypto java.se java.smartcardio jdk.accessibility jdk.internal.jvmstat jdk.attach jdk.charsets jdk.internal.opt jdk.zipfs jdk.compiler jdk.crypto.ec jdk.crypto.cryptoki jdk.crypto.mscapi jdk.dynalink jdk.internal.ed jdk.editpad jdk.hotspot.agent jdk.httpserver jdk.internal.le jdk.internal.vm.ci jdk.internal.vm.compiler jdk.internal.vm.compiler.management jdk.jartool jdk.javadoc jdk.jcmd jdk.management jdk.management.agent jdk.jconsole jdk.jdeps jdk.jdwp.agent jdk.jdi jdk.jfr jdk.jshell jdk.jsobject jdk.jstatd jdk.localedata jdk.management.jfr jdk.naming.dns jdk.naming.rmi jdk.net jdk.nio.mapmode jdk.random jdk.sctp jdk.security.auth jdk.security.jgss jdk.unsupported jdk.unsupported.desktop jdk.xml.dom" 

Environment Variables:
PATH=C:\Program Files\Common Files\Oracle\Java\javapath;C:\windows\system32;C:\windows;C:\windows\System32\Wbem;C:\windows\System32\WindowsPowerShell\v1.0\;C:\windows\System32\OpenSSH\;C:\Program Files\MySQL\MySQL Server 8.0\bin;C:\Program Files\dotnet\;C:\Program Files\Git\cmd;C:\Users\yoohy\.local\bin;C:\Users\yoohy\AppData\Local\Microsoft\WindowsApps;C:\Users\yoohy\AppData\Local\Programs\Microsoft VS Code\bin;C:\ProgramData\anaconda3;C:\ProgramData\anaconda3\Library;C:\ProgramData\anaconda3\Scripts;C:\Users\yoohy\AppData\Local\Programs\Antigravity\bin
USERNAME=yoohy
OS=Windows_NT
PROCESSOR_IDENTIFIER=Intel64 Family 6 Model 170 Stepping 4, GenuineIntel
TMP=C:\Users\yoohy\AppData\Local\Temp
TEMP=C:\Users\yoohy\AppData\Local\Temp




Periodic native trim disabled

---------------  S Y S T E M  ---------------

OS:
 Windows 11 , 64 bit Build 26100 (10.0.26100.9168)
OS uptime: 0 days 0:46 hours
Hyper-V role detected

CPU: total 18 (initial active 18) (9 cores per cpu, 2 threads per core) family 6 model 170 stepping 4 microcode 0x1a, cx8, cmov, fxsr, ht, mmx, 3dnowpref, sse, sse2, sse3, ssse3, sse4.1, sse4.2, popcnt, lzcnt, tsc, tscinvbit, avx, avx2, aes, erms, clmul, bmi1, bmi2, adx, sha, fma, vzeroupper, clflush, clflushopt, clwb, hv, serialize, rdtscp, rdpid, fsrm, f16c, cet_ibt, cet_ss
Processor Information for processor 0
  Max Mhz: 1200, Current Mhz: 1200, Mhz Limit: 1200
Processor Information for processor 1
  Max Mhz: 1200, Current Mhz: 1200, Mhz Limit: 1200
Processor Information for processor 2
  Max Mhz: 3600, Current Mhz: 700, Mhz Limit: 684
Processor Information for processor 3
  Max Mhz: 3600, Current Mhz: 700, Mhz Limit: 684
Processor Information for processor 4
  Max Mhz: 3600, Current Mhz: 700, Mhz Limit: 684
Processor Information for processor 5
  Max Mhz: 3600, Current Mhz: 700, Mhz Limit: 684
Processor Information for processor 6
  Max Mhz: 3600, Current Mhz: 700, Mhz Limit: 684
Processor Information for processor 7
  Max Mhz: 3600, Current Mhz: 700, Mhz Limit: 684
Processor Information for processor 8
  Max Mhz: 3600, Current Mhz: 700, Mhz Limit: 684
Processor Information for processor 9
  Max Mhz: 3600, Current Mhz: 700, Mhz Limit: 684
Processor Information for processor 10
  Max Mhz: 1200, Current Mhz: 1200, Mhz Limit: 1200
Processor Information for processor 11
  Max Mhz: 1200, Current Mhz: 1200, Mhz Limit: 1200
Processor Information for processor 12
  Max Mhz: 1200, Current Mhz: 1200, Mhz Limit: 1200
Processor Information for processor 13
  Max Mhz: 1200, Current Mhz: 1200, Mhz Limit: 1200
Processor Information for processor 14
  Max Mhz: 1200, Current Mhz: 1200, Mhz Limit: 1200
Processor Information for processor 15
  Max Mhz: 1200, Current Mhz: 1200, Mhz Limit: 1200
Processor Information for processor 16
  Max Mhz: 2500, Current Mhz: 700, Mhz Limit: 700
Processor Information for processor 17
  Max Mhz: 2500, Current Mhz: 700, Mhz Limit: 700

Memory: 4k page, system-wide physical 15953M (265M free)
TotalPageFile size 65105M (AvailPageFile size 0M)
current process WorkingSet (physical memory assigned to process): 69M, peak: 241M
current process commit charge ("private bytes"): 449M, peak: 463M

vm_info: OpenJDK 64-Bit Server VM (21.0.12.1+1-LTS) for windows-amd64 JRE (21.0.12.1+1-LTS), built on 2026-08-18T00:00:00Z by "admin" with MS VC++ 17.12 (VS2022)

END.
