#
# There is insufficient memory for the Java Runtime Environment to continue.
# Native memory allocation (mmap) failed to map 262144000 bytes for G1 virtual space
# Possible reasons:
#   The system is out of physical RAM or swap space
#   The process is running with CompressedOops enabled, and the Java Heap may be blocking the growth of the native heap
# Possible solutions:
#   Reduce memory load on the system
#   Increase physical memory or swap space
#   Check if swap backing store is full
#   Decrease Java heap size (-Xmx/-Xms)
#   Decrease number of Java threads
#   Decrease Java thread stack sizes (-Xss)
#   Set larger code cache with -XX:ReservedCodeCacheSize=
#   JVM is running with Zero Based Compressed Oops mode in which the Java heap is
#     placed in the first 32GB address space. The Java Heap base address is the
#     maximum limit for the native heap growth. Please use -XX:HeapBaseMinAddress
#     to set the Java Heap base and to place the Java Heap above 32GB virtual address.
# This output file may be truncated or incomplete.
#
#  Out of Memory Error (os_windows.cpp:3548), pid=9528, tid=34196
#
# JRE version:  (17.0.12+8) (build )
# Java VM: Java HotSpot(TM) 64-Bit Server VM (17.0.12+8-LTS-286, mixed mode, sharing, tiered, compressed oops, compressed class ptrs, g1 gc, windows-amd64)
# No core dump will be written. Minidumps are not enabled by default on client versions of Windows
#

---------------  S U M M A R Y ------------

Command Line: -XX:+ShowCodeDetailsInExceptionMessages example.RedisActivity1.AppStart

Host: Intel(R) Core(TM) Ultra 5 125H, 18 cores, 15G,  Windows 11 , 64 bit Build 26100 (10.0.26100.9444)
Time: Thu Oct  1 12:13:48 2026  Windows 11 , 64 bit Build 26100 (10.0.26100.9444) elapsed time: 0.032723 seconds (0d 0h 0m 0s)

---------------  T H R E A D  ---------------

Current thread (0x00000231faf6efb0):  JavaThread "Unknown thread" [_thread_in_vm, id=34196, stack(0x000000e3d9900000,0x000000e3d9a00000)]

Stack: [0x000000e3d9900000,0x000000e3d9a00000]
Native frames: (J=compiled Java code, j=interpreted, Vv=VM code, C=native code)
V  [jvm.dll+0x67a04a]
V  [jvm.dll+0x7da4ed]
V  [jvm.dll+0x7dbe33]
V  [jvm.dll+0x7dc4a3]
V  [jvm.dll+0x24508f]
V  [jvm.dll+0x677089]
V  [jvm.dll+0x66bd32]
V  [jvm.dll+0x301fa6]
V  [jvm.dll+0x309546]
V  [jvm.dll+0x359d2e]
V  [jvm.dll+0x359f5f]
V  [jvm.dll+0x2d9078]
V  [jvm.dll+0x2d9fe4]
V  [jvm.dll+0x7aca21]
V  [jvm.dll+0x367591]
V  [jvm.dll+0x78b999]
V  [jvm.dll+0x3ec83f]
V  [jvm.dll+0x3ee471]
C  [jli.dll+0x5297]
C  [ucrtbase.dll+0x2cd30]
C  [KERNEL32.DLL+0x2cd87]
C  [ntdll.dll+0xacaec]


---------------  P R O C E S S  ---------------

Threads class SMR info:
_java_thread_list=0x00007ffeb8c67a18, length=0, elements={
}

Java Threads: ( => current thread )

Other Threads:
  0x00000231fafe2b00 GCTaskThread "GC Thread#0" [stack: 0x000000e3d9a00000,0x000000e3d9b00000] [id=45780]
  0x00000231faff6820 ConcurrentGCThread "G1 Main Marker" [stack: 0x000000e3d9b00000,0x000000e3d9c00000] [id=28364]
  0x00000231faff80e0 ConcurrentGCThread "G1 Conc#0" [stack: 0x000000e3d9c00000,0x000000e3d9d00000] [id=22580]

[error occurred during error reporting (printing all threads), id 0xc0000005, EXCEPTION_ACCESS_VIOLATION (0xc0000005) at pc=0x00007ffeb8499b67]

VM state: not at safepoint (not fully initialized)

VM Mutex/Monitor currently owned by a thread:  ([mutex/lock_event])
[0x00000231faf6b430] Heap_lock - owner thread: 0x00000231faf6efb0

Heap address: 0x0000000706a00000, size: 3990 MB, Compressed Oops mode: Zero based, Oop shift amount: 3

CDS archive(s) mapped at: [0x0000000000000000-0x0000000000000000-0x0000000000000000), size 0, SharedBaseAddress: 0x0000000800000000, ArchiveRelocationMode: 1.
Narrow klass base: 0x0000000000000000, Narrow klass shift: 0, Narrow klass range: 0x0

GC Precious Log:
<Empty>

Heap:
 garbage-first heap   total 0K, used 0K [0x0000000706a00000, 0x0000000800000000)
  region size 2048K, 0 young (0K), 0 survivors (0K)

[error occurred during error reporting (printing heap information), id 0xc0000005, EXCEPTION_ACCESS_VIOLATION (0xc0000005) at pc=0x00007ffeb8883859]

GC Heap History (0 events):
No events

Deoptimization events (0 events):
No events

Classes unloaded (0 events):
No events

Classes redefined (0 events):
No events

Internal exceptions (0 events):
No events

VM Operations (0 events):
No events

Events (1 events):
Event: 0.012 Loaded shared library C:\Program Files\Java\jdk-17\bin\java.dll


Dynamic libraries:
0x00007ff791ab0000 - 0x00007ff791ac0000 	C:\Program Files\Java\jdk-17\bin\java.exe
0x00007fff7aae0000 - 0x00007fff7ad47000 	C:\windows\SYSTEM32\ntdll.dll
0x00007fff79c80000 - 0x00007fff79d4b000 	C:\windows\System32\KERNEL32.DLL
0x00007fff781b0000 - 0x00007fff785b2000 	C:\windows\System32\KERNELBASE.dll
0x00007fff77ec0000 - 0x00007fff7800c000 	C:\windows\System32\ucrtbase.dll
0x00007fff5b060000 - 0x00007fff5b079000 	C:\Program Files\Java\jdk-17\bin\jli.dll
0x00007fff667b0000 - 0x00007fff667cb000 	C:\Program Files\Java\jdk-17\bin\VCRUNTIME140.dll
0x00007fff79aa0000 - 0x00007fff79b5c000 	C:\windows\System32\ADVAPI32.dll
0x00007fff79850000 - 0x00007fff798f9000 	C:\windows\System32\msvcrt.dll
0x00007fff79d50000 - 0x00007fff79df9000 	C:\windows\System32\sechost.dll
0x00007fff79730000 - 0x00007fff79848000 	C:\windows\System32\RPCRT4.dll
0x00007fff79440000 - 0x00007fff7960f000 	C:\windows\System32\USER32.dll
0x00007fff78710000 - 0x00007fff78737000 	C:\windows\System32\win32u.dll
0x00007fff5b950000 - 0x00007fff5bbe0000 	C:\windows\WinSxS\amd64_microsoft.windows.common-controls_6595b64144ccf1df_6.0.26100.9278_none_3e0d1ba8e3303201\COMCTL32.dll
0x00007fff7a680000 - 0x00007fff7a6ab000 	C:\windows\System32\GDI32.dll
0x00007fff77d90000 - 0x00007fff77eb9000 	C:\windows\System32\gdi32full.dll
0x00007fff77ce0000 - 0x00007fff77d83000 	C:\windows\System32\msvcp_win.dll
0x00007fff64cf0000 - 0x00007fff64cfb000 	C:\windows\SYSTEM32\VERSION.dll
0x00007fff7a310000 - 0x00007fff7a341000 	C:\windows\System32\IMM32.DLL
0x00007fff72830000 - 0x00007fff7283c000 	C:\Program Files\Java\jdk-17\bin\vcruntime140_1.dll
0x00007fff51fa0000 - 0x00007fff5202e000 	C:\Program Files\Java\jdk-17\bin\msvcp140.dll
0x00007ffeb81b0000 - 0x00007ffeb8d90000 	C:\Program Files\Java\jdk-17\bin\server\jvm.dll
0x00007fff79b90000 - 0x00007fff79b98000 	C:\windows\System32\PSAPI.DLL
0x00007fff5b110000 - 0x00007fff5b146000 	C:\windows\SYSTEM32\WINMM.dll
0x00007fff63ac0000 - 0x00007fff63aca000 	C:\windows\SYSTEM32\WSOCK32.dll
0x00007fff7a180000 - 0x00007fff7a200000 	C:\windows\System32\WS2_32.dll
0x00007fff769b0000 - 0x00007fff769cb000 	C:\windows\SYSTEM32\kernel.appcore.dll
0x00007fff667a0000 - 0x00007fff667aa000 	C:\Program Files\Java\jdk-17\bin\jimage.dll
0x00007fff748d0000 - 0x00007fff74b1c000 	C:\windows\SYSTEM32\DBGHELP.DLL
0x00007fff7a6b0000 - 0x00007fff7aa35000 	C:\windows\System32\combase.dll
0x00007fff79ba0000 - 0x00007fff79c79000 	C:\windows\System32\OLEAUT32.dll
0x00007fff585b0000 - 0x00007fff585eb000 	C:\windows\SYSTEM32\dbgcore.DLL
0x00007fff785c0000 - 0x00007fff7866c000 	C:\windows\System32\bcryptPrimitives.dll
0x00007fff52de0000 - 0x00007fff52e05000 	C:\Program Files\Java\jdk-17\bin\java.dll

dbghelp: loaded successfully - version: 4.0.5 - missing functions: none
symbol engine: initialized successfully - sym options: 0x614 - pdb path: .;C:\Program Files\Java\jdk-17\bin;C:\windows\SYSTEM32;C:\windows\WinSxS\amd64_microsoft.windows.common-controls_6595b64144ccf1df_6.0.26100.9278_none_3e0d1ba8e3303201;C:\Program Files\Java\jdk-17\bin\server

VM Arguments:
jvm_args: -XX:+ShowCodeDetailsInExceptionMessages 
java_command: example.RedisActivity1.AppStart
java_class_path (initial): C:\Users\yoohy\OneDrive\πŸ≈¡ »≠∏È\springweb\bin\main;C:\Users\yoohy\OneDrive\πŸ≈¡ »≠∏È\springweb\bin\test;C:\Users\yoohy\OneDrive\πŸ≈¡ »≠∏È\springweb\bin\default;C:\Users\yoohy\.gradle\caches\modules-2\files-2.1\org.projectlombok\lombok\1.18.46\a5cfe99fdf320e84955ef653f2ce1bf789d11385\lombok-1.18.46.jar;C:\Users\yoohy\.gradle\caches\modules-2\files-2.1\org.springframework.boot\spring-boot-starter-webmvc\4.1.1\7d25a0b22f776c7cc0cc18a88188113400b2b011\spring-boot-starter-webmvc-4.1.1.jar;C:\Users\yoohy\.gradle\caches\modules-2\files-2.1\org.springframework.boot\spring-boot-starter-data-jpa\4.1.1\e76828cd073e4eb1ae72fbcd07bf32c76baa76f6\spring-boot-starter-data-jpa-4.1.1.jar;C:\Users\yoohy\.gradle\caches\modules-2\files-2.1\org.springframework.boot\spring-boot-starter-webflux\4.1.1\ee8b7a5b30b79177adf16b50e695ccdc41e84167\spring-boot-starter-webflux-4.1.1.jar;C:\Users\yoohy\.gradle\caches\modules-2\files-2.1\com.fasterxml.jackson.core\jackson-databind\2.21.5\84924990b468233a28214ae2c505a9ec24cd6ea6\jackson-databind-2.21.5.jar;C:\Users\yoohy\.gradle\caches\modules-2\files-2.1\com.fasterxml.jackson.core\jackson-core\2.21.5\7ec0c8bf8402fa998f64b2009632d6566a42ceb7\jackson-core-2.21.5.jar;C:\Users\yoohy\.gradle\caches\modules-2\files-2.1\com.fasterxml.jackson.dataformat\jackson-dataformat-xml\2.22.2\8a322d679276a948f4b3fd7e1ebecb9d4083871e\jackson-dataformat-xml-2.22.2.jar;C:\Users\yoohy\.gradle\caches\modules-2\files-2.1\com.opencsv\opencsv\5.12.0\bc55d53c0961f8b191c96276e778a9ec67f7dd58\opencsv-5.12.0.jar;C:\Users\yoohy\.gradle\caches\modules-2\files-2.1\org.springframework.security\spring-security-crypto\7.1.1\5356e8056e4dcb18b12550c422fb12e0c8e742ae\spring-security-crypto-7.1.1.jar;C:\Users\yoohy\.gradle\caches\modules-2\files-2.1\io.jsonwebtoken\jjwt-api\0.12.6\478886a888f6add04937baf0361144504a024967\jjwt-api-0.12.6.jar;C:\Users\yoohy\.gradle\caches\modules-2\files-2.1\org.springframework.boot\spring-boot-starter-data-redis\4.1.1\820d3fa6
Launcher Type: SUN_STANDARD

[Global flags]
     intx CICompilerCount                          = 12                                        {product} {ergonomic}
     uint ConcGCThreads                            = 4                                         {product} {ergonomic}
     uint G1ConcRefinementThreads                  = 14                                        {product} {ergonomic}
   size_t G1HeapRegionSize                         = 2097152                                   {product} {ergonomic}
    uintx GCDrainStackTargetSize                   = 64                                        {product} {ergonomic}
   size_t InitialHeapSize                          = 262144000                                 {product} {ergonomic}
   size_t MarkStackSize                            = 4194304                                   {product} {ergonomic}
   size_t MaxHeapSize                              = 4183818240                                {product} {ergonomic}
   size_t MinHeapDeltaBytes                        = 2097152                                   {product} {ergonomic}
   size_t MinHeapSize                              = 8388608                                   {product} {ergonomic}
    uintx NonNMethodCodeHeapSize                   = 7602480                                {pd product} {ergonomic}
    uintx NonProfiledCodeHeapSize                  = 122027880                              {pd product} {ergonomic}
    uintx ProfiledCodeHeapSize                     = 122027880                              {pd product} {ergonomic}
    uintx ReservedCodeCacheSize                    = 251658240                              {pd product} {ergonomic}
     bool SegmentedCodeCache                       = true                                      {product} {ergonomic}
     bool ShowCodeDetailsInExceptionMessages       = true                                   {manageable} {command line}
   size_t SoftMaxHeapSize                          = 4183818240                             {manageable} {ergonomic}
     bool UseCompressedClassPointers               = true                           {product lp64_product} {ergonomic}
     bool UseCompressedOops                        = true                           {product lp64_product} {ergonomic}
     bool UseG1GC                                  = true                                      {product} {ergonomic}
     bool UseLargePagesIndividualAllocation        = false                                  {pd product} {ergonomic}

Logging:
Log output configuration:
 #0: stdout all=warning uptime,level,tags
 #1: stderr all=off uptime,level,tags

Environment Variables:
PATH=C:\ProgramData\anaconda3;C:\ProgramData\anaconda3\Library\mingw-w64\bin;C:\ProgramData\anaconda3\Library\usr\bin;C:\ProgramData\anaconda3\Library\bin;C:\ProgramData\anaconda3\Scripts;C:\ProgramData\anaconda3\bin;C:\ProgramData\anaconda3\condabin;C:\Program Files\Common Files\Oracle\Java\javapath;C:\windows\system32;C:\windows;C:\windows\System32\Wbem;C:\windows\System32\WindowsPowerShell\v1.0;C:\windows\System32\OpenSSH;C:\Program Files\MySQL\MySQL Server 8.0\bin;C:\Program Files\dotnet;C:\Program Files\Git\cmd;C:\Program Files (x86)\cloudflared;C:\Program Files\nodejs;C:\Users\yoohy\.local\bin;C:\Users\yoohy\AppData\Local\Microsoft\WindowsApps;C:\Users\yoohy\AppData\Local\Programs\Microsoft VS Code\bin;C:\ProgramData\anaconda3;C:\ProgramData\anaconda3\Library;C:\ProgramData\anaconda3\Scripts;C:\Users\yoohy\AppData\Local\Programs\Antigravity\bin;C:\Users\yoohy\AppData\Roaming\npm;c:\Users\yoohy\.vscode\extensions\vscjava.vscode-java-debug-0.59.0\bundled\scripts\noConfigScripts
USERNAME=yoohy
LANG=ko_KR.UTF-8
OS=Windows_NT
PROCESSOR_IDENTIFIER=Intel64 Family 6 Model 170 Stepping 4, GenuineIntel



---------------  S Y S T E M  ---------------

OS:
 Windows 11 , 64 bit Build 26100 (10.0.26100.9444)
OS uptime: 0 days 2:28 hours
Hyper-V role detected

CPU: total 18 (initial active 18) (9 cores per cpu, 2 threads per core) family 6 model 170 stepping 4 microcode 0x1a, cx8, cmov, fxsr, ht, mmx, 3dnowpref, sse, sse2, sse3, ssse3, sse4.1, sse4.2, popcnt, lzcnt, tsc, tscinvbit, avx, avx2, aes, erms, clmul, bmi1, bmi2, adx, sha, fma, vzeroupper, clflush, clflushopt, clwb, hv

Memory: 4k page, system-wide physical 15953M (156M free)
TotalPageFile size 65105M (AvailPageFile size 157M)
current process WorkingSet (physical memory assigned to process): 12M, peak: 12M
current process commit charge ("private bytes"): 73M, peak: 323M

vm_info: Java HotSpot(TM) 64-Bit Server VM (17.0.12+8-LTS-286) for windows-amd64 JRE (17.0.12+8-LTS-286), built on Jun  5 2024 06:46:59 by "mach5one" with MS VC++ 17.6 (VS2022)

END.
